Archive member included to satisfy reference by file (symbol)

/home/lcm/github/toolchains/arm/arm-gnu-toolchain-11.3.rel1-x86_64-arm-none-eabi/bin/../lib/gcc/arm-none-eabi/11.3.1/thumb/v7e-m+dp/hard/libgcc.a(_aeabi_uldivmod.o)
                              /home/lcm/github/spear/spear-code/firmware/STMfirmware/SpearModbusDMASpear/build_native/SpearModbusDMASpear/Drivers/STM32H7xx_HAL_Driver/Src/stm32h7xx_hal_uart.o (__aeabi_uldivmod)
/home/lcm/github/toolchains/arm/arm-gnu-toolchain-11.3.rel1-x86_64-arm-none-eabi/bin/../lib/gcc/arm-none-eabi/11.3.1/thumb/v7e-m+dp/hard/libgcc.a(_udivmoddi4.o)
                              /home/lcm/github/toolchains/arm/arm-gnu-toolchain-11.3.rel1-x86_64-arm-none-eabi/bin/../lib/gcc/arm-none-eabi/11.3.1/thumb/v7e-m+dp/hard/libgcc.a(_aeabi_uldivmod.o) (__udivmoddi4)
/home/lcm/github/toolchains/arm/arm-gnu-toolchain-11.3.rel1-x86_64-arm-none-eabi/bin/../lib/gcc/arm-none-eabi/11.3.1/thumb/v7e-m+dp/hard/libgcc.a(_dvmd_tls.o)
                              /home/lcm/github/toolchains/arm/arm-gnu-toolchain-11.3.rel1-x86_64-arm-none-eabi/bin/../lib/gcc/arm-none-eabi/11.3.1/thumb/v7e-m+dp/hard/libgcc.a(_aeabi_uldivmod.o) (__aeabi_ldiv0)
/home/lcm/github/toolchains/arm/arm-gnu-toolchain-11.3.rel1-x86_64-arm-none-eabi/bin/../arm-none-eabi/lib/thumb/v7e-m+dp/hard/libc_nano.a(libc_a-exit.o)
                              /home/lcm/github/toolchains/arm/arm-gnu-toolchain-11.3.rel1-x86_64-arm-none-eabi/bin/../lib/gcc/arm-none-eabi/11.3.1/../../../../arm-none-eabi/lib/thumb/v7e-m+dp/hard/crt0.o (exit)
/home/lcm/github/toolchains/arm/arm-gnu-toolchain-11.3.rel1-x86_64-arm-none-eabi/bin/../arm-none-eabi/lib/thumb/v7e-m+dp/hard/libc_nano.a(libc_a-init.o)
                              /home/lcm/github/toolchains/arm/arm-gnu-toolchain-11.3.rel1-x86_64-arm-none-eabi/bin/../lib/gcc/arm-none-eabi/11.3.1/../../../../arm-none-eabi/lib/thumb/v7e-m+dp/hard/crt0.o (__libc_init_array)
/home/lcm/github/toolchains/arm/arm-gnu-toolchain-11.3.rel1-x86_64-arm-none-eabi/bin/../arm-none-eabi/lib/thumb/v7e-m+dp/hard/libc_nano.a(libc_a-aeabi_memcpy.o)
                              /home/lcm/github/spear/spear-code/firmware/STMfirmware/SpearModbusDMASpear/build_native/SpearModbusDMASpear/Target/Src/libcgc.o (__aeabi_memcpy)
/home/lcm/github/toolchains/arm/arm-gnu-toolchain-11.3.rel1-x86_64-arm-none-eabi/bin/../arm-none-eabi/lib/thumb/v7e-m+dp/hard/libc_nano.a(libc_a-nano-vfprintf_float.o)
                              (_printf_float)
/home/lcm/github/toolchains/arm/arm-gnu-toolchain-11.3.rel1-x86_64-arm-none-eabi/bin/../arm-none-eabi/lib/thumb/v7e-m+dp/hard/libc_nano.a(libc_a-printf.o)
                              /home/lcm/github/spear/spear-code/firmware/STMfirmware/SpearModbusDMASpear/build_native/Common/Protocol/monitor.o (printf)
/home/lcm/github/toolchains/arm/arm-gnu-toolchain-11.3.rel1-x86_64-arm-none-eabi/bin/../arm-none-eabi/lib/thumb/v7e-m+dp/hard/libc_nano.a(libc_a-nano-vfprintf.o)
                              /home/lcm/github/toolchains/arm/arm-gnu-toolchain-11.3.rel1-x86_64-arm-none-eabi/bin/../arm-none-eabi/lib/thumb/v7e-m+dp/hard/libc_nano.a(libc_a-printf.o) (_vfprintf_r)
/home/lcm/github/toolchains/arm/arm-gnu-toolchain-11.3.rel1-x86_64-arm-none-eabi/bin/../arm-none-eabi/lib/thumb/v7e-m+dp/hard/libc_nano.a(libc_a-wbuf.o)
                              /home/lcm/github/toolchains/arm/arm-gnu-toolchain-11.3.rel1-x86_64-arm-none-eabi/bin/../arm-none-eabi/lib/thumb/v7e-m+dp/hard/libc_nano.a(libc_a-nano-vfprintf.o) (__swbuf_r)
/home/lcm/github/toolchains/arm/arm-gnu-toolchain-11.3.rel1-x86_64-arm-none-eabi/bin/../arm-none-eabi/lib/thumb/v7e-m+dp/hard/libc_nano.a(libc_a-wsetup.o)
                              /home/lcm/github/toolchains/arm/arm-gnu-toolchain-11.3.rel1-x86_64-arm-none-eabi/bin/../arm-none-eabi/lib/thumb/v7e-m+dp/hard/libc_nano.a(libc_a-nano-vfprintf.o) (__swsetup_r)
/home/lcm/github/toolchains/arm/arm-gnu-toolchain-11.3.rel1-x86_64-arm-none-eabi/bin/../arm-none-eabi/lib/thumb/v7e-m+dp/hard/libc_nano.a(libc_a-nano-vfprintf_i.o)
                              /home/lcm/github/toolchains/arm/arm-gnu-toolchain-11.3.rel1-x86_64-arm-none-eabi/bin/../arm-none-eabi/lib/thumb/v7e-m+dp/hard/libc_nano.a(libc_a-nano-vfprintf_float.o) (_printf_common)
/home/lcm/github/toolchains/arm/arm-gnu-toolchain-11.3.rel1-x86_64-arm-none-eabi/bin/../arm-none-eabi/lib/thumb/v7e-m+dp/hard/libc_nano.a(libc_a-impure.o)
                              /home/lcm/github/toolchains/arm/arm-gnu-toolchain-11.3.rel1-x86_64-arm-none-eabi/bin/../arm-none-eabi/lib/thumb/v7e-m+dp/hard/libc_nano.a(libc_a-printf.o) (_impure_ptr)
/home/lcm/github/toolchains/arm/arm-gnu-toolchain-11.3.rel1-x86_64-arm-none-eabi/bin/../arm-none-eabi/lib/thumb/v7e-m+dp/hard/libc_nano.a(libc_a-fflush.o)
                              /home/lcm/github/toolchains/arm/arm-gnu-toolchain-11.3.rel1-x86_64-arm-none-eabi/bin/../arm-none-eabi/lib/thumb/v7e-m+dp/hard/libc_nano.a(libc_a-wbuf.o) (_fflush_r)
[...]
Memory Configuration

Name             Origin             Length             Attributes
FLASH            0x0000000008000000 0x0000000000200000 xr
DTCMRAM          0x0000000020000000 0x0000000000020000 xrw
RAM_D1           0x0000000024000000 0x0000000000080000 xrw
RAM_D2           0x0000000030000000 0x0000000000048000 xrw
RAM_D3           0x0000000038000000 0x0000000000010000 xrw
ITCMRAM          0x0000000000000000 0x0000000000010000 xrw
*default*        0x0000000000000000 0xffffffffffffffff

Linker script and memory map

LOAD /home/lcm/github/toolchains/arm/arm-gnu-toolchain-11.3.rel1-x86_64-arm-none-eabi/bin/../lib/gcc/arm-none-eabi/11.3.1/thumb/v7e-m+dp/hard/crti.o
LOAD /home/lcm/github/toolchains/arm/arm-gnu-toolchain-11.3.rel1-x86_64-arm-none-eabi/bin/../lib/gcc/arm-none-eabi/11.3.1/thumb/v7e-m+dp/hard/crtbegin.o
LOAD /home/lcm/github/toolchains/arm/arm-gnu-toolchain-11.3.rel1-x86_64-arm-none-eabi/bin/../lib/gcc/arm-none-eabi/11.3.1/../../../../arm-none-eabi/lib/thumb/v7e-m+dp/hard/crt0.o
LOAD /home/lcm/github/spear/spear-code/firmware/STMfirmware/SpearModbusDMASpear/build_native/SpearModbusDMASpear/Core/Src/main.o
LOAD /home/lcm/github/spear/spear-code/firmware/STMfirmware/SpearModbusDMASpear/build_native/SpearModbusDMASpear/Core/Src/stm32h7xx_hal_timebase_tim.o
LOAD /home/lcm/github/spear/spear-code/firmware/STMfirmware/SpearModbusDMASpear/build_native/SpearModbusDMASpear/Core/Src/syscalls.o
LOAD /home/lcm/github/spear/spear-code/firmware/STMfirmware/SpearModbusDMASpear/build_native/SpearModbusDMASpear/Core/Src/system_stm32h7xx.o
LOAD /home/lcm/github/spear/spear-code/firmware/STMfirmware/SpearModbusDMASpear/build_native/SpearModbusDMASpear/Core/Src/stm32h7xx_hal_msp.o
LOAD /home/lcm/github/spear/spear-code/firmware/STMfirmware/SpearModbusDMASpear/build_native/SpearModbusDMASpear/Core/Src/stm32h7xx_it.o
LOAD /home/lcm/github/spear/spear-code/firmware/STMfirmware/SpearModbusDMASpear/build_native/SpearModbusDMASpear/Core/Src/sysmem.o
LOAD /home/lcm/github/spear/spear-code/firmware/STMfirmware/SpearModbusDMASpear/build_native/SpearModbusDMASpear/Drivers/STM32H7xx_HAL_Driver/Src/stm32h7xx_hal.o
LOAD /home/lcm/github/spear/spear-code/firmware/STMfirmware/SpearModbusDMASpear/build_native/SpearModbusDMASpear/Drivers/STM32H7xx_HAL_Driver/Src/stm32h7xx_hal_cortex.o
LOAD /home/lcm/github/spear/spear-code/firmware/STMfirmware/SpearModbusDMASpear/build_native/SpearModbusDMASpear/Drivers/STM32H7xx_HAL_Driver/Src/stm32h7xx_hal_dma.o
LOAD /home/lcm/github/spear/spear-code/firmware/STMfirmware/SpearModbusDMASpear/build_native/SpearModbusDMASpear/Drivers/STM32H7xx_HAL_Driver/Src/stm32h7xx_hal_dma_ex.o
LOAD /home/lcm/github/spear/spear-code/firmware/STMfirmware/SpearModbusDMASpear/build_native/SpearModbusDMASpear/Drivers/STM32H7xx_HAL_Driver/Src/stm32h7xx_hal_exti.o
LOAD /home/lcm/github/spear/spear-code/firmware/STMfirmware/SpearModbusDMASpear/build_native/SpearModbusDMASpear/Drivers/STM32H7xx_HAL_Driver/Src/stm32h7xx_hal_flash.o
LOAD /home/lcm/github/spear/spear-code/firmware/STMfirmware/SpearModbusDMASpear/build_native/SpearModbusDMASpear/Drivers/STM32H7xx_HAL_Driver/Src/stm32h7xx_hal_flash_ex.o
LOAD /home/lcm/github/spear/spear-code/firmware/STMfirmware/SpearModbusDMASpear/build_native/SpearModbusDMASpear/Drivers/STM32H7xx_HAL_Driver/Src/stm32h7xx_hal_gpio.o
LOAD /home/lcm/github/spear/spear-code/firmware/STMfirmware/SpearModbusDMASpear/build_native/SpearModbusDMASpear/Drivers/STM32H7xx_HAL_Driver/Src/stm32h7xx_hal_hsem.o
LOAD /home/lcm/github/spear/spear-code/firmware/STMfirmware/SpearModbusDMASpear/build_native/SpearModbusDMASpear/Drivers/STM32H7xx_HAL_Driver/Src/stm32h7xx_hal_i2c.o
LOAD /home/lcm/github/spear/spear-code/firmware/STMfirmware/SpearModbusDMASpear/build_native/SpearModbusDMASpear/Drivers/STM32H7xx_HAL_Driver/Src/stm32h7xx_hal_i2c_ex.o
LOAD /home/lcm/github/spear/spear-code/firmware/STMfirmware/SpearModbusDMASpear/build_native/SpearModbusDMASpear/Drivers/STM32H7xx_HAL_Driver/Src/stm32h7xx_hal_mdma.o
LOAD /home/lcm/github/spear/spear-code/firmware/STMfirmware/SpearModbusDMASpear/build_native/SpearModbusDMASpear/Drivers/STM32H7xx_HAL_Driver/Src/stm32h7xx_hal_pcd.o
LOAD /home/lcm/github/spear/spear-code/firmware/STMfirmware/SpearModbusDMASpear/build_native/SpearModbusDMASpear/Drivers/STM32H7xx_HAL_Driver/Src/stm32h7xx_hal_pcd_ex.o
LOAD /home/lcm/github/spear/spear-code/firmware/STMfirmware/SpearModbusDMASpear/build_native/SpearModbusDMASpear/Drivers/STM32H7xx_HAL_Driver/Src/stm32h7xx_hal_pwr.o
LOAD /home/lcm/github/spear/spear-code/firmware/STMfirmware/SpearModbusDMASpear/build_native/SpearModbusDMASpear/Drivers/STM32H7xx_HAL_Driver/Src/stm32h7xx_hal_pwr_ex.o
LOAD /home/lcm/github/spear/spear-code/firmware/STMfirmware/SpearModbusDMASpear/build_native/SpearModbusDMASpear/Drivers/STM32H7xx_HAL_Driver/Src/stm32h7xx_hal_rcc.o
LOAD /home/lcm/github/spear/spear-code/firmware/STMfirmware/SpearModbusDMASpear/build_native/SpearModbusDMASpear/Drivers/STM32H7xx_HAL_Driver/Src/stm32h7xx_hal_rcc_ex.o
LOAD /home/lcm/github/spear/spear-code/firmware/STMfirmware/SpearModbusDMASpear/build_native/SpearModbusDMASpear/Drivers/STM32H7xx_HAL_Driver/Src/stm32h7xx_hal_tim.o
LOAD /home/lcm/github/spear/spear-code/firmware/STMfirmware/SpearModbusDMASpear/build_native/SpearModbusDMASpear/Drivers/STM32H7xx_HAL_Driver/Src/stm32h7xx_hal_tim_ex.o
LOAD /home/lcm/github/spear/spear-code/firmware/STMfirmware/SpearModbusDMASpear/build_native/SpearModbusDMASpear/Drivers/STM32H7xx_HAL_Driver/Src/stm32h7xx_hal_uart.o
LOAD /home/lcm/github/spear/spear-code/firmware/STMfirmware/SpearModbusDMASpear/build_native/SpearModbusDMASpear/Drivers/STM32H7xx_HAL_Driver/Src/stm32h7xx_hal_uart_ex.o
LOAD /home/lcm/github/spear/spear-code/firmware/STMfirmware/SpearModbusDMASpear/build_native/SpearModbusDMASpear/Drivers/STM32H7xx_HAL_Driver/Src/stm32h7xx_ll_usb.o
LOAD /home/lcm/github/spear/spear-code/firmware/STMfirmware/SpearModbusDMASpear/build_native/SpearModbusDMASpear/Target/Src/libcgc.o
LOAD /home/lcm/github/spear/spear-code/firmware/STMfirmware/SpearModbusDMASpear/build_native/SpearModbusDMASpear/Target/Src/mymath.o
LOAD /home/lcm/github/spear/spear-code/firmware/STMfirmware/SpearModbusDMASpear/build_native/SpearModbusDMASpear/Target/Src/printf.o
LOAD /home/lcm/github/spear/spear-code/firmware/STMfirmware/SpearModbusDMASpear/build_native/SpearModbusDMASpear/Target/Src/service.o
LOAD /home/lcm/github/spear/spear-code/firmware/STMfirmware/SpearModbusDMASpear/build_native/SpearModbusDMASpear/Target/Src/stdlib.o
LOAD /home/lcm/github/spear/spear-code/firmware/STMfirmware/SpearModbusDMASpear/build_native/Common/FreeRTOS-Kernel/tasks.o
LOAD /home/lcm/github/spear/spear-code/firmware/STMfirmware/SpearModbusDMASpear/build_native/Common/FreeRTOS-Kernel/stream_buffer.o
LOAD /home/lcm/github/spear/spear-code/firmware/STMfirmware/SpearModbusDMASpear/build_native/Common/FreeRTOS-Kernel/queue.o
LOAD /home/lcm/github/spear/spear-code/firmware/STMfirmware/SpearModbusDMASpear/build_native/Common/FreeRTOS-Kernel/croutine.o
LOAD /home/lcm/github/spear/spear-code/firmware/STMfirmware/SpearModbusDMASpear/build_native/Common/FreeRTOS-Kernel/event_groups.o
LOAD /home/lcm/github/spear/spear-code/firmware/STMfirmware/SpearModbusDMASpear/build_native/Common/FreeRTOS-Kernel/timers.o
LOAD /home/lcm/github/spear/spear-code/firmware/STMfirmware/SpearModbusDMASpear/build_native/Common/FreeRTOS-Kernel/list.o
LOAD /home/lcm/github/spear/spear-code/firmware/STMfirmware/SpearModbusDMASpear/build_native/Common/FreeRTOS-Kernel/portable/GCC/ARM_CM4F/port.o
LOAD /home/lcm/github/spear/spear-code/firmware/STMfirmware/SpearModbusDMASpear/build_native/Common/FreeRTOS-Kernel/portable/MemMang/heap_4.o
LOAD /home/lcm/github/spear/spear-code/firmware/STMfirmware/SpearModbusDMASpear/build_native/Common/SymRuntime/runtime.o
LOAD /home/lcm/github/spear/spear-code/firmware/STMfirmware/SpearModbusDMASpear/build_native/Common/Protocol/monitor.o
LOAD /home/lcm/github/spear/spear-code/firmware/STMfirmware/SpearModbusDMASpear/build_native/Common/Protocol/protocol.o
LOAD /home/lcm/github/spear/spear-code/firmware/STMfirmware/SpearModbusDMASpear/build_native/Common/Protocol/ring.o
LOAD /home/lcm/github/spear/spear-code/firmware/STMfirmware/SpearModbusDMASpear/build_native/SpearModbusDMASpear/USB_DEVICE/App/usb_device.o
LOAD /home/lcm/github/spear/spear-code/firmware/STMfirmware/SpearModbusDMASpear/build_native/SpearModbusDMASpear/USB_DEVICE/App/usbd_cdc_if.o
LOAD /home/lcm/github/spear/spear-code/firmware/STMfirmware/SpearModbusDMASpear/build_native/SpearModbusDMASpear/USB_DEVICE/App/usbd_desc.o
LOAD /home/lcm/github/spear/spear-code/firmware/STMfirmware/SpearModbusDMASpear/build_native/SpearModbusDMASpear/USB_DEVICE/Target/usbd_conf.o
LOAD /home/lcm/github/spear/spear-code/firmware/STMfirmware/SpearModbusDMASpear/build_native/SpearModbusDMASpear/Middlewares/ST/STM32_USB_Device_Library/Class/CDC/Src/usbd_cdc.o
LOAD /home/lcm/github/spear/spear-code/firmware/STMfirmware/SpearModbusDMASpear/build_native/SpearModbusDMASpear/Middlewares/ST/STM32_USB_Device_Library/Core/Src/usbd_core.o
LOAD /home/lcm/github/spear/spear-code/firmware/STMfirmware/SpearModbusDMASpear/build_native/SpearModbusDMASpear/Middlewares/ST/STM32_USB_Device_Library/Core/Src/usbd_ctlreq.o
LOAD /home/lcm/github/spear/spear-code/firmware/STMfirmware/SpearModbusDMASpear/build_native/SpearModbusDMASpear/Middlewares/ST/STM32_USB_Device_Library/Core/Src/usbd_ioreq.o
LOAD /home/lcm/github/spear/spear-code/firmware/STMfirmware/SpearModbusDMASpear/build_native/SpearModbusDMASpear/Core/Startup/startup_stm32h743zitx.o
LOAD /home/lcm/github/toolchains/arm/arm-gnu-toolchain-11.3.rel1-x86_64-arm-none-eabi/bin/../lib/gcc/arm-none-eabi/11.3.1/thumb/v7e-m+dp/hard/libgcc.a
START GROUP
LOAD /home/lcm/github/toolchains/arm/arm-gnu-toolchain-11.3.rel1-x86_64-arm-none-eabi/bin/../arm-none-eabi/lib/thumb/v7e-m+dp/hard/libc_nano.a
LOAD /home/lcm/github/toolchains/arm/arm-gnu-toolchain-11.3.rel1-x86_64-arm-none-eabi/bin/../arm-none-eabi/lib/thumb/v7e-m+dp/hard/libm.a
END GROUP
START GROUP
LOAD /home/lcm/github/toolchains/arm/arm-gnu-toolchain-11.3.rel1-x86_64-arm-none-eabi/bin/../lib/gcc/arm-none-eabi/11.3.1/thumb/v7e-m+dp/hard/libgcc.a
LOAD /home/lcm/github/toolchains/arm/arm-gnu-toolchain-11.3.rel1-x86_64-arm-none-eabi/bin/../arm-none-eabi/lib/thumb/v7e-m+dp/hard/libc_nano.a
END GROUP
START GROUP
LOAD /home/lcm/github/toolchains/arm/arm-gnu-toolchain-11.3.rel1-x86_64-arm-none-eabi/bin/../lib/gcc/arm-none-eabi/11.3.1/thumb/v7e-m+dp/hard/libgcc.a
LOAD /home/lcm/github/toolchains/arm/arm-gnu-toolchain-11.3.rel1-x86_64-arm-none-eabi/bin/../arm-none-eabi/lib/thumb/v7e-m+dp/hard/libc_nano.a
LOAD /home/lcm/github/toolchains/arm/arm-gnu-toolchain-11.3.rel1-x86_64-arm-none-eabi/bin/../arm-none-eabi/lib/thumb/v7e-m+dp/hard/libnosys.a
END GROUP
START GROUP
LOAD /home/lcm/github/toolchains/arm/arm-gnu-toolchain-11.3.rel1-x86_64-arm-none-eabi/bin/../lib/gcc/arm-none-eabi/11.3.1/thumb/v7e-m+dp/hard/libgcc.a
LOAD /home/lcm/github/toolchains/arm/arm-gnu-toolchain-11.3.rel1-x86_64-arm-none-eabi/bin/../arm-none-eabi/lib/thumb/v7e-m+dp/hard/libc_nano.a
LOAD /home/lcm/github/toolchains/arm/arm-gnu-toolchain-11.3.rel1-x86_64-arm-none-eabi/bin/../arm-none-eabi/lib/thumb/v7e-m+dp/hard/libnosys.a
END GROUP
LOAD /home/lcm/github/toolchains/arm/arm-gnu-toolchain-11.3.rel1-x86_64-arm-none-eabi/bin/../lib/gcc/arm-none-eabi/11.3.1/thumb/v7e-m+dp/hard/crtend.o
LOAD /home/lcm/github/toolchains/arm/arm-gnu-toolchain-11.3.rel1-x86_64-arm-none-eabi/bin/../lib/gcc/arm-none-eabi/11.3.1/thumb/v7e-m+dp/hard/crtn.o
                0x0000000024080000                _estack = (ORIGIN (RAM_D1) + LENGTH (RAM_D1))
                0x0000000000000200                _Min_Heap_Size = 0x200
                0x0000000000000400                _Min_Stack_Size = 0x400

.isr_vector     0x0000000008000000      0x298
                0x0000000008000000                . = ALIGN (0x4)
 *(.isr_vector)
 .isr_vector    0x0000000008000000      0x298 /home/lcm/github/spear/spear-code/firmware/STMfirmware/SpearModbusDMASpear/build_native/SpearModbusDMASpear/Core/Startup/startup_stm32h743zitx.o
                0x0000000008000000                g_pfnVectors
                0x0000000008000298                . = ALIGN (0x4)

.text           0x00000000080002a0     0xaeb8
                0x00000000080002a0                . = ALIGN (0x4)
 *(.text)
 .text          0x00000000080002a0       0x30 /home/lcm/github/toolchains/arm/arm-gnu-toolchain-11.3.rel1-x86_64-arm-none-eabi/bin/../lib/gcc/arm-none-eabi/11.3.1/thumb/v7e-m+dp/hard/libgcc.a(_aeabi_uldivmod.o)
                0x00000000080002a0                __aeabi_uldivmod
 .text          0x00000000080002d0        0x4 /home/lcm/github/toolchains/arm/arm-gnu-toolchain-11.3.rel1-x86_64-arm-none-eabi/bin/../lib/gcc/arm-none-eabi/11.3.1/thumb/v7e-m+dp/hard/libgcc.a(_dvmd_tls.o)
                0x00000000080002d0                __aeabi_ldiv0
                0x00000000080002d0                __aeabi_idiv0
 .text          0x00000000080002d4       0x9a /home/lcm/github/toolchains/arm/arm-gnu-toolchain-11.3.rel1-x86_64-arm-none-eabi/bin/../arm-none-eabi/lib/thumb/v7e-m+dp/hard/libc_nano.a(libc_a-aeabi_memset-soft.o)
                0x00000000080002d4                __aeabi_memset
                0x00000000080002d4                __aeabi_memset8
                0x00000000080002d4                __aeabi_memset4
 *fill*         0x000000000800036e        0x2 
 .text          0x0000000008000370       0xa0 /home/lcm/github/toolchains/arm/arm-gnu-toolchain-11.3.rel1-x86_64-arm-none-eabi/bin/../arm-none-eabi/lib/thumb/v7e-m+dp/hard/libc_nano.a(libc_a-memchr.o)
                0x0000000008000370                memchr
 .text          0x0000000008000410       0x10 /home/lcm/github/toolchains/arm/arm-gnu-toolchain-11.3.rel1-x86_64-arm-none-eabi/bin/../arm-none-eabi/lib/thumb/v7e-m+dp/hard/libc_nano.a(libc_a-strlen.o)
                0x0000000008000410                strlen
 *(.text*)
 .text.deregister_tm_clones
                0x0000000008000420       0x1c /home/lcm/github/toolchains/arm/arm-gnu-toolchain-11.3.rel1-x86_64-arm-none-eabi/bin/../lib/gcc/arm-none-eabi/11.3.1/thumb/v7e-m+dp/hard/crtbegin.o
 .text.register_tm_clones
                0x000000000800043c       0x24 /home/lcm/github/toolchains/arm/arm-gnu-toolchain-11.3.rel1-x86_64-arm-none-eabi/bin/../lib/gcc/arm-none-eabi/11.3.1/thumb/v7e-m+dp/hard/crtbegin.o
 .text.__do_global_dtors_aux
                0x0000000008000460       0x28 /home/lcm/github/toolchains/arm/arm-gnu-toolchain-11.3.rel1-x86_64-arm-none-eabi/bin/../lib/gcc/arm-none-eabi/11.3.1/thumb/v7e-m+dp/hard/crtbegin.o
 .text.frame_dummy
                0x0000000008000488       0x24 /home/lcm/github/toolchains/arm/arm-gnu-toolchain-11.3.rel1-x86_64-arm-none-eabi/bin/../lib/gcc/arm-none-eabi/11.3.1/thumb/v7e-m+dp/hard/crtbegin.o
 .text.__io_putchar
                0x00000000080004ac       0x20 /home/lcm/github/spear/spear-code/firmware/STMfirmware/SpearModbusDMASpear/build_native/SpearModbusDMASpear/Core/Src/main.o
                0x00000000080004ac                __io_putchar
 .text.main     0x00000000080004cc      0x254 /home/lcm/github/spear/spear-code/firmware/STMfirmware/SpearModbusDMASpear/build_native/SpearModbusDMASpear/Core/Src/main.o
                0x00000000080004cc                main
 .text.SystemClock_Config
                0x0000000008000720       0xbc /home/lcm/github/spear/spear-code/firmware/STMfirmware/SpearModbusDMASpear/build_native/SpearModbusDMASpear/Core/Src/main.o
                0x0000000008000720                SystemClock_Config
 .text.Error_Handler
                0x00000000080007dc        0x4 /home/lcm/github/spear/spear-code/firmware/STMfirmware/SpearModbusDMASpear/build_native/SpearModbusDMASpear/Core/Src/main.o
                0x00000000080007dc                Error_Handler
 .text.HAL_TIM_PeriodElapsedCallback
                0x00000000080007e0       0x14 /home/lcm/github/spear/spear-code/firmware/STMfirmware/SpearModbusDMASpear/build_native/SpearModbusDMASpear/Core/Src/main.o
                0x00000000080007e0                HAL_TIM_PeriodElapsedCallback
 .text.HAL_InitTick
                0x00000000080007f4       0x9c /home/lcm/github/spear/spear-code/firmware/STMfirmware/SpearModbusDMASpear/build_native/SpearModbusDMASpear/Core/Src/stm32h7xx_hal_timebase_tim.o
                0x00000000080007f4                HAL_InitTick
 .text._getpid  0x0000000008000890        0x4 /home/lcm/github/spear/spear-code/firmware/STMfirmware/SpearModbusDMASpear/build_native/SpearModbusDMASpear/Core/Src/syscalls.o
                0x0000000008000890                _getpid
 .text._kill    0x0000000008000894       0x14 /home/lcm/github/spear/spear-code/firmware/STMfirmware/SpearModbusDMASpear/build_native/SpearModbusDMASpear/Core/Src/syscalls.o
                0x0000000008000894                _kill
 .text._exit    0x00000000080008a8        0xe /home/lcm/github/spear/spear-code/firmware/STMfirmware/SpearModbusDMASpear/build_native/SpearModbusDMASpear/Core/Src/syscalls.o
                0x00000000080008a8                _exit
 .text._read    0x00000000080008b6       0x26 /home/lcm/github/spear/spear-code/firmware/STMfirmware/SpearModbusDMASpear/build_native/SpearModbusDMASpear/Core/Src/syscalls.o
                0x00000000080008b6                _read
 .text._write   0x00000000080008dc       0x26 /home/lcm/github/spear/spear-code/firmware/STMfirmware/SpearModbusDMASpear/build_native/SpearModbusDMASpear/Core/Src/syscalls.o
                0x00000000080008dc                _write
 .text._close   0x0000000008000902        0x6 /home/lcm/github/spear/spear-code/firmware/STMfirmware/SpearModbusDMASpear/build_native/SpearModbusDMASpear/Core/Src/syscalls.o
                0x0000000008000902                _close
 .text._fstat   0x0000000008000908        0xa /home/lcm/github/spear/spear-code/firmware/STMfirmware/SpearModbusDMASpear/build_native/SpearModbusDMASpear/Core/Src/syscalls.o
                0x0000000008000908                _fstat
 .text._isatty  0x0000000008000912        0x4 /home/lcm/github/spear/spear-code/firmware/STMfirmware/SpearModbusDMASpear/build_native/SpearModbusDMASpear/Core/Src/syscalls.o
                0x0000000008000912                _isatty
 .text._lseek   0x0000000008000916        0x4 /home/lcm/github/spear/spear-code/firmware/STMfirmware/SpearModbusDMASpear/build_native/SpearModbusDMASpear/Core/Src/syscalls.o
                0x0000000008000916                _lseek
 .text.SystemInit
                0x000000000800091a       0xcc /home/lcm/github/spear/spear-code/firmware/STMfirmware/SpearModbusDMASpear/build_native/SpearModbusDMASpear/Core/Src/system_stm32h7xx.o
                0x000000000800091a                SystemInit
 .text.HAL_MspInit
                0x00000000080009e6       0x20 /home/lcm/github/spear/spear-code/firmware/STMfirmware/SpearModbusDMASpear/build_native/SpearModbusDMASpear/Core/Src/stm32h7xx_hal_msp.o
                0x00000000080009e6                HAL_MspInit
 .text.HAL_UART_MspInit
                0x0000000008000a06       0x98 /home/lcm/github/spear/spear-code/firmware/STMfirmware/SpearModbusDMASpear/build_native/SpearModbusDMASpear/Core/Src/stm32h7xx_hal_msp.o
                0x0000000008000a06                HAL_UART_MspInit
 .text.NMI_Handler
                0x0000000008000a9e        0x2 /home/lcm/github/spear/spear-code/firmware/STMfirmware/SpearModbusDMASpear/build_native/SpearModbusDMASpear/Core/Src/stm32h7xx_it.o
                0x0000000008000a9e                NMI_Handler
 .text.HardFault_Handler
                0x0000000008000aa0        0x2 /home/lcm/github/spear/spear-code/firmware/STMfirmware/SpearModbusDMASpear/build_native/SpearModbusDMASpear/Core/Src/stm32h7xx_it.o
                0x0000000008000aa0                HardFault_Handler
 .text.MemManage_Handler
                0x0000000008000aa2        0x2 /home/lcm/github/spear/spear-code/firmware/STMfirmware/SpearModbusDMASpear/build_native/SpearModbusDMASpear/Core/Src/stm32h7xx_it.o
                0x0000000008000aa2                MemManage_Handler
 .text.BusFault_Handler
                0x0000000008000aa4        0x2 /home/lcm/github/spear/spear-code/firmware/STMfirmware/SpearModbusDMASpear/build_native/SpearModbusDMASpear/Core/Src/stm32h7xx_it.o
                0x0000000008000aa4                BusFault_Handler
 .text.UsageFault_Handler
                0x0000000008000aa6        0x2 /home/lcm/github/spear/spear-code/firmware/STMfirmware/SpearModbusDMASpear/build_native/SpearModbusDMASpear/Core/Src/stm32h7xx_it.o
                0x0000000008000aa6                UsageFault_Handler
 .text.DebugMon_Handler
                0x0000000008000aa8        0x2 /home/lcm/github/spear/spear-code/firmware/STMfirmware/SpearModbusDMASpear/build_native/SpearModbusDMASpear/Core/Src/stm32h7xx_it.o
                0x0000000008000aa8                DebugMon_Handler
 .text.USART3_IRQHandler
                0x0000000008000aaa        0xc /home/lcm/github/spear/spear-code/firmware/STMfirmware/SpearModbusDMASpear/build_native/SpearModbusDMASpear/Core/Src/stm32h7xx_it.o
                0x0000000008000aaa                USART3_IRQHandler
 .text.OTG_FS_IRQHandler
                0x0000000008000ab6        0xc /home/lcm/github/spear/spear-code/firmware/STMfirmware/SpearModbusDMASpear/build_native/SpearModbusDMASpear/Core/Src/stm32h7xx_it.o
                0x0000000008000ab6                OTG_FS_IRQHandler
 .text.TIM17_IRQHandler
                0x0000000008000ac2        0xc /home/lcm/github/spear/spear-code/firmware/STMfirmware/SpearModbusDMASpear/build_native/SpearModbusDMASpear/Core/Src/stm32h7xx_it.o
                0x0000000008000ac2                TIM17_IRQHandler
 .text._sbrk    0x0000000008000ace       0x4c /home/lcm/github/spear/spear-code/firmware/STMfirmware/SpearModbusDMASpear/build_native/SpearModbusDMASpear/Core/Src/sysmem.o
                0x0000000008000ace                _sbrk
 .text.HAL_Init
                0x0000000008000b1a       0x64 /home/lcm/github/spear/spear-code/firmware/STMfirmware/SpearModbusDMASpear/build_native/SpearModbusDMASpear/Drivers/STM32H7xx_HAL_Driver/Src/stm32h7xx_hal.o
                0x0000000008000b1a                HAL_Init
 .text.HAL_IncTick
                0x0000000008000b7e       0x1a /home/lcm/github/spear/spear-code/firmware/STMfirmware/SpearModbusDMASpear/build_native/SpearModbusDMASpear/Drivers/STM32H7xx_HAL_Driver/Src/stm32h7xx_hal.o
                0x0000000008000b7e                HAL_IncTick
 .text.HAL_GetTick
                0x0000000008000b98        0xc /home/lcm/github/spear/spear-code/firmware/STMfirmware/SpearModbusDMASpear/build_native/SpearModbusDMASpear/Drivers/STM32H7xx_HAL_Driver/Src/stm32h7xx_hal.o
                0x0000000008000b98                HAL_GetTick
 .text.HAL_Delay
                0x0000000008000ba4       0x28 /home/lcm/github/spear/spear-code/firmware/STMfirmware/SpearModbusDMASpear/build_native/SpearModbusDMASpear/Drivers/STM32H7xx_HAL_Driver/Src/stm32h7xx_hal.o
                0x0000000008000ba4                HAL_Delay
 .text.HAL_GetREVID
                0x0000000008000bcc        0xe /home/lcm/github/spear/spear-code/firmware/STMfirmware/SpearModbusDMASpear/build_native/SpearModbusDMASpear/Drivers/STM32H7xx_HAL_Driver/Src/stm32h7xx_hal.o
                0x0000000008000bcc                HAL_GetREVID
 .text.HAL_NVIC_SetPriorityGrouping
                0x0000000008000bda       0x20 /home/lcm/github/spear/spear-code/firmware/STMfirmware/SpearModbusDMASpear/build_native/SpearModbusDMASpear/Drivers/STM32H7xx_HAL_Driver/Src/stm32h7xx_hal_cortex.o
                0x0000000008000bda                HAL_NVIC_SetPriorityGrouping
 .text.HAL_NVIC_SetPriority
                0x0000000008000bfa       0x5e /home/lcm/github/spear/spear-code/firmware/STMfirmware/SpearModbusDMASpear/build_native/SpearModbusDMASpear/Drivers/STM32H7xx_HAL_Driver/Src/stm32h7xx_hal_cortex.o
                0x0000000008000bfa                HAL_NVIC_SetPriority
 .text.HAL_NVIC_EnableIRQ
                0x0000000008000c58       0x1e /home/lcm/github/spear/spear-code/firmware/STMfirmware/SpearModbusDMASpear/build_native/SpearModbusDMASpear/Drivers/STM32H7xx_HAL_Driver/Src/stm32h7xx_hal_cortex.o
                0x0000000008000c58                HAL_NVIC_EnableIRQ
 .text.HAL_DMA_Abort
                0x0000000008000c76      0x4c6 /home/lcm/github/spear/spear-code/firmware/STMfirmware/SpearModbusDMASpear/build_native/SpearModbusDMASpear/Drivers/STM32H7xx_HAL_Driver/Src/stm32h7xx_hal_dma.o
                0x0000000008000c76                HAL_DMA_Abort
 .text.HAL_DMA_Abort_IT
                0x000000000800113c      0x292 /home/lcm/github/spear/spear-code/firmware/STMfirmware/SpearModbusDMASpear/build_native/SpearModbusDMASpear/Drivers/STM32H7xx_HAL_Driver/Src/stm32h7xx_hal_dma.o
                0x000000000800113c                HAL_DMA_Abort_IT
 .text.HAL_GPIO_Init
                0x00000000080013ce      0x1e8 /home/lcm/github/spear/spear-code/firmware/STMfirmware/SpearModbusDMASpear/build_native/SpearModbusDMASpear/Drivers/STM32H7xx_HAL_Driver/Src/stm32h7xx_hal_gpio.o
                0x00000000080013ce                HAL_GPIO_Init
 .text.HAL_GPIO_WritePin
                0x00000000080015b6        0xa /home/lcm/github/spear/spear-code/firmware/STMfirmware/SpearModbusDMASpear/build_native/SpearModbusDMASpear/Drivers/STM32H7xx_HAL_Driver/Src/stm32h7xx_hal_gpio.o
                0x00000000080015b6                HAL_GPIO_WritePin
 .text.HAL_PCD_Init
                0x00000000080015c0      0x14e /home/lcm/github/spear/spear-code/firmware/STMfirmware/SpearModbusDMASpear/build_native/SpearModbusDMASpear/Drivers/STM32H7xx_HAL_Driver/Src/stm32h7xx_hal_pcd.o
                0x00000000080015c0                HAL_PCD_Init
 .text.HAL_PCD_Start
                0x000000000800170e       0x42 /home/lcm/github/spear/spear-code/firmware/STMfirmware/SpearModbusDMASpear/build_native/SpearModbusDMASpear/Drivers/STM32H7xx_HAL_Driver/Src/stm32h7xx_hal_pcd.o
                0x000000000800170e                HAL_PCD_Start
 .text.HAL_PCD_IRQHandler
                0x0000000008001750      0x694 /home/lcm/github/spear/spear-code/firmware/STMfirmware/SpearModbusDMASpear/build_native/SpearModbusDMASpear/Drivers/STM32H7xx_HAL_Driver/Src/stm32h7xx_hal_pcd.o
                0x0000000008001750                HAL_PCD_IRQHandler
 .text.HAL_PCD_SetAddress
                0x0000000008001de4       0x2a /home/lcm/github/spear/spear-code/firmware/STMfirmware/SpearModbusDMASpear/build_native/SpearModbusDMASpear/Drivers/STM32H7xx_HAL_Driver/Src/stm32h7xx_hal_pcd.o
                0x0000000008001de4                HAL_PCD_SetAddress
 .text.HAL_PCD_EP_Open
                0x0000000008001e0e       0x60 /home/lcm/github/spear/spear-code/firmware/STMfirmware/SpearModbusDMASpear/build_native/SpearModbusDMASpear/Drivers/STM32H7xx_HAL_Driver/Src/stm32h7xx_hal_pcd.o
                0x0000000008001e0e                HAL_PCD_EP_Open
 .text.HAL_PCD_EP_Close
                0x0000000008001e6e       0x4e /home/lcm/github/spear/spear-code/firmware/STMfirmware/SpearModbusDMASpear/build_native/SpearModbusDMASpear/Drivers/STM32H7xx_HAL_Driver/Src/stm32h7xx_hal_pcd.o
                0x0000000008001e6e                HAL_PCD_EP_Close
 .text.HAL_PCD_EP_Receive
                0x0000000008001ebc       0x48 /home/lcm/github/spear/spear-code/firmware/STMfirmware/SpearModbusDMASpear/build_native/SpearModbusDMASpear/Drivers/STM32H7xx_HAL_Driver/Src/stm32h7xx_hal_pcd.o
                0x0000000008001ebc                HAL_PCD_EP_Receive
 .text.HAL_PCD_EP_GetRxCount
                0x0000000008001f04       0x12 /home/lcm/github/spear/spear-code/firmware/STMfirmware/SpearModbusDMASpear/build_native/SpearModbusDMASpear/Drivers/STM32H7xx_HAL_Driver/Src/stm32h7xx_hal_pcd.o
                0x0000000008001f04                HAL_PCD_EP_GetRxCount
 .text.HAL_PCD_EP_Transmit
                0x0000000008001f16       0x4a /home/lcm/github/spear/spear-code/firmware/STMfirmware/SpearModbusDMASpear/build_native/SpearModbusDMASpear/Drivers/STM32H7xx_HAL_Driver/Src/stm32h7xx_hal_pcd.o
                0x0000000008001f16                HAL_PCD_EP_Transmit
 .text.HAL_PCD_EP_SetStall
                0x0000000008001f60       0x70 /home/lcm/github/spear/spear-code/firmware/STMfirmware/SpearModbusDMASpear/build_native/SpearModbusDMASpear/Drivers/STM32H7xx_HAL_Driver/Src/stm32h7xx_hal_pcd.o
                0x0000000008001f60                HAL_PCD_EP_SetStall
 .text.HAL_PCD_EP_ClrStall
                0x0000000008001fd0       0x64 /home/lcm/github/spear/spear-code/firmware/STMfirmware/SpearModbusDMASpear/build_native/SpearModbusDMASpear/Drivers/STM32H7xx_HAL_Driver/Src/stm32h7xx_hal_pcd.o
                0x0000000008001fd0                HAL_PCD_EP_ClrStall
 .text.HAL_PCDEx_SetTxFiFo
                0x0000000008002034       0x4e /home/lcm/github/spear/spear-code/firmware/STMfirmware/SpearModbusDMASpear/build_native/SpearModbusDMASpear/Drivers/STM32H7xx_HAL_Driver/Src/stm32h7xx_hal_pcd_ex.o
                0x0000000008002034                HAL_PCDEx_SetTxFiFo
 .text.HAL_PCDEx_SetRxFiFo
                0x0000000008002082        0x8 /home/lcm/github/spear/spear-code/firmware/STMfirmware/SpearModbusDMASpear/build_native/SpearModbusDMASpear/Drivers/STM32H7xx_HAL_Driver/Src/stm32h7xx_hal_pcd_ex.o
                0x0000000008002082                HAL_PCDEx_SetRxFiFo
 .text.HAL_PCDEx_ActivateLPM
                0x000000000800208a       0x26 /home/lcm/github/spear/spear-code/firmware/STMfirmware/SpearModbusDMASpear/build_native/SpearModbusDMASpear/Drivers/STM32H7xx_HAL_Driver/Src/stm32h7xx_hal_pcd_ex.o
                0x000000000800208a                HAL_PCDEx_ActivateLPM
 .text.HAL_PCDEx_LPM_Callback
                0x00000000080020b0        0x2 /home/lcm/github/spear/spear-code/firmware/STMfirmware/SpearModbusDMASpear/build_native/SpearModbusDMASpear/Drivers/STM32H7xx_HAL_Driver/Src/stm32h7xx_hal_pcd_ex.o
                0x00000000080020b0                HAL_PCDEx_LPM_Callback
 .text.HAL_PWREx_ConfigSupply
                0x00000000080020b2       0x4a /home/lcm/github/spear/spear-code/firmware/STMfirmware/SpearModbusDMASpear/build_native/SpearModbusDMASpear/Drivers/STM32H7xx_HAL_Driver/Src/stm32h7xx_hal_pwr_ex.o
                0x00000000080020b2                HAL_PWREx_ConfigSupply
 .text.HAL_PWREx_EnableUSBVoltageDetector
                0x00000000080020fc       0x12 /home/lcm/github/spear/spear-code/firmware/STMfirmware/SpearModbusDMASpear/build_native/SpearModbusDMASpear/Drivers/STM32H7xx_HAL_Driver/Src/stm32h7xx_hal_pwr_ex.o
                0x00000000080020fc                HAL_PWREx_EnableUSBVoltageDetector
 .text.HAL_RCC_OscConfig
                0x000000000800210e      0x4ec /home/lcm/github/spear/spear-code/firmware/STMfirmware/SpearModbusDMASpear/build_native/SpearModbusDMASpear/Drivers/STM32H7xx_HAL_Driver/Src/stm32h7xx_hal_rcc.o
                0x000000000800210e                HAL_RCC_OscConfig
 .text.HAL_RCC_ClockConfig
                0x00000000080025fa      0x2a0 /home/lcm/github/spear/spear-code/firmware/STMfirmware/SpearModbusDMASpear/build_native/SpearModbusDMASpear/Drivers/STM32H7xx_HAL_Driver/Src/stm32h7xx_hal_rcc.o
                0x00000000080025fa                HAL_RCC_ClockConfig
 *fill*         0x000000000800289a        0x2 
 .text.HAL_RCC_GetSysClockFreq
                0x000000000800289c      0x108 /home/lcm/github/spear/spear-code/firmware/STMfirmware/SpearModbusDMASpear/build_native/SpearModbusDMASpear/Drivers/STM32H7xx_HAL_Driver/Src/stm32h7xx_hal_rcc.o
                0x000000000800289c                HAL_RCC_GetSysClockFreq
 .text.HAL_RCC_GetHCLKFreq
                0x00000000080029a4       0x4e /home/lcm/github/spear/spear-code/firmware/STMfirmware/SpearModbusDMASpear/build_native/SpearModbusDMASpear/Drivers/STM32H7xx_HAL_Driver/Src/stm32h7xx_hal_rcc.o
                0x00000000080029a4                HAL_RCC_GetHCLKFreq
 .text.HAL_RCC_GetPCLK1Freq
                0x00000000080029f2       0x28 /home/lcm/github/spear/spear-code/firmware/STMfirmware/SpearModbusDMASpear/build_native/SpearModbusDMASpear/Drivers/STM32H7xx_HAL_Driver/Src/stm32h7xx_hal_rcc.o
                0x00000000080029f2                HAL_RCC_GetPCLK1Freq
 .text.HAL_RCC_GetPCLK2Freq
                0x0000000008002a1a       0x28 /home/lcm/github/spear/spear-code/firmware/STMfirmware/SpearModbusDMASpear/build_native/SpearModbusDMASpear/Drivers/STM32H7xx_HAL_Driver/Src/stm32h7xx_hal_rcc.o
                0x0000000008002a1a                HAL_RCC_GetPCLK2Freq
 .text.HAL_RCC_GetClockConfig
                0x0000000008002a42       0x58 /home/lcm/github/spear/spear-code/firmware/STMfirmware/SpearModbusDMASpear/build_native/SpearModbusDMASpear/Drivers/STM32H7xx_HAL_Driver/Src/stm32h7xx_hal_rcc.o
                0x0000000008002a42                HAL_RCC_GetClockConfig
 *fill*         0x0000000008002a9a        0x2 
 .text.HAL_RCCEx_PeriphCLKConfig
                0x0000000008002a9c      0x94a /home/lcm/github/spear/spear-code/firmware/STMfirmware/SpearModbusDMASpear/build_native/SpearModbusDMASpear/Drivers/STM32H7xx_HAL_Driver/Src/stm32h7xx_hal_rcc_ex.o
                0x0000000008002a9c                HAL_RCCEx_PeriphCLKConfig
 .text.RCCEx_PLL2_Config
                0x00000000080033e6      0x110 /home/lcm/github/spear/spear-code/firmware/STMfirmware/SpearModbusDMASpear/build_native/SpearModbusDMASpear/Drivers/STM32H7xx_HAL_Driver/Src/stm32h7xx_hal_rcc_ex.o
 .text.RCCEx_PLL3_Config
                0x00000000080034f6      0x110 /home/lcm/github/spear/spear-code/firmware/STMfirmware/SpearModbusDMASpear/build_native/SpearModbusDMASpear/Drivers/STM32H7xx_HAL_Driver/Src/stm32h7xx_hal_rcc_ex.o
 *fill*         0x0000000008003606        0x2 
 .text.HAL_RCCEx_GetPLL2ClockFreq
                0x0000000008003608      0x124 /home/lcm/github/spear/spear-code/firmware/STMfirmware/SpearModbusDMASpear/build_native/SpearModbusDMASpear/Drivers/STM32H7xx_HAL_Driver/Src/stm32h7xx_hal_rcc_ex.o
                0x0000000008003608                HAL_RCCEx_GetPLL2ClockFreq
 .text.HAL_RCCEx_GetPLL3ClockFreq
                0x000000000800372c      0x124 /home/lcm/github/spear/spear-code/firmware/STMfirmware/SpearModbusDMASpear/build_native/SpearModbusDMASpear/Drivers/STM32H7xx_HAL_Driver/Src/stm32h7xx_hal_rcc_ex.o
                0x000000000800372c                HAL_RCCEx_GetPLL3ClockFreq
 .text.HAL_RCCEx_GetD3PCLK1Freq
                0x0000000008003850       0x28 /home/lcm/github/spear/spear-code/firmware/STMfirmware/SpearModbusDMASpear/build_native/SpearModbusDMASpear/Drivers/STM32H7xx_HAL_Driver/Src/stm32h7xx_hal_rcc_ex.o
                0x0000000008003850                HAL_RCCEx_GetD3PCLK1Freq
 .text.HAL_TIM_Base_Init
                0x0000000008003878       0x44 /home/lcm/github/spear/spear-code/firmware/STMfirmware/SpearModbusDMASpear/build_native/SpearModbusDMASpear/Drivers/STM32H7xx_HAL_Driver/Src/stm32h7xx_hal_tim.o
                0x0000000008003878                HAL_TIM_Base_Init
 .text.HAL_TIM_Base_MspInit
                0x00000000080038bc        0x2 /home/lcm/github/spear/spear-code/firmware/STMfirmware/SpearModbusDMASpear/build_native/SpearModbusDMASpear/Drivers/STM32H7xx_HAL_Driver/Src/stm32h7xx_hal_tim.o
                0x00000000080038bc                HAL_TIM_Base_MspInit
 .text.TIM_Base_SetConfig
                0x00000000080038be      0x134 /home/lcm/github/spear/spear-code/firmware/STMfirmware/SpearModbusDMASpear/build_native/SpearModbusDMASpear/Drivers/STM32H7xx_HAL_Driver/Src/stm32h7xx_hal_tim.o
                0x00000000080038be                TIM_Base_SetConfig
 .text.HAL_TIM_Base_Start_IT
                0x00000000080039f2       0xaa /home/lcm/github/spear/spear-code/firmware/STMfirmware/SpearModbusDMASpear/build_native/SpearModbusDMASpear/Drivers/STM32H7xx_HAL_Driver/Src/stm32h7xx_hal_tim.o
                0x00000000080039f2                HAL_TIM_Base_Start_IT
 .text.HAL_TIM_IRQHandler
                0x0000000008003a9c      0x18a /home/lcm/github/spear/spear-code/firmware/STMfirmware/SpearModbusDMASpear/build_native/SpearModbusDMASpear/Drivers/STM32H7xx_HAL_Driver/Src/stm32h7xx_hal_tim.o
                0x0000000008003a9c                HAL_TIM_IRQHandler
 .text.HAL_TIM_IC_CaptureCallback
                0x0000000008003c26        0x2 /home/lcm/github/spear/spear-code/firmware/STMfirmware/SpearModbusDMASpear/build_native/SpearModbusDMASpear/Drivers/STM32H7xx_HAL_Driver/Src/stm32h7xx_hal_tim.o
                0x0000000008003c26                HAL_TIM_IC_CaptureCallback
 .text.HAL_TIM_OC_DelayElapsedCallback
                0x0000000008003c28        0x2 /home/lcm/github/spear/spear-code/firmware/STMfirmware/SpearModbusDMASpear/build_native/SpearModbusDMASpear/Drivers/STM32H7xx_HAL_Driver/Src/stm32h7xx_hal_tim.o
                0x0000000008003c28                HAL_TIM_OC_DelayElapsedCallback
 .text.HAL_TIM_PWM_PulseFinishedCallback
                0x0000000008003c2a        0x2 /home/lcm/github/spear/spear-code/firmware/STMfirmware/SpearModbusDMASpear/build_native/SpearModbusDMASpear/Drivers/STM32H7xx_HAL_Driver/Src/stm32h7xx_hal_tim.o
                0x0000000008003c2a                HAL_TIM_PWM_PulseFinishedCallback
 .text.HAL_TIM_TriggerCallback
                0x0000000008003c2c        0x2 /home/lcm/github/spear/spear-code/firmware/STMfirmware/SpearModbusDMASpear/build_native/SpearModbusDMASpear/Drivers/STM32H7xx_HAL_Driver/Src/stm32h7xx_hal_tim.o
                0x0000000008003c2c                HAL_TIM_TriggerCallback
 .text.HAL_TIMEx_CommutCallback
                0x0000000008003c2e        0x2 /home/lcm/github/spear/spear-code/firmware/STMfirmware/SpearModbusDMASpear/build_native/SpearModbusDMASpear/Drivers/STM32H7xx_HAL_Driver/Src/stm32h7xx_hal_tim_ex.o
                0x0000000008003c2e                HAL_TIMEx_CommutCallback
 .text.HAL_TIMEx_BreakCallback
                0x0000000008003c30        0x2 /home/lcm/github/spear/spear-code/firmware/STMfirmware/SpearModbusDMASpear/build_native/SpearModbusDMASpear/Drivers/STM32H7xx_HAL_Driver/Src/stm32h7xx_hal_tim_ex.o
                0x0000000008003c30                HAL_TIMEx_BreakCallback
 .text.HAL_TIMEx_Break2Callback
                0x0000000008003c32        0x2 /home/lcm/github/spear/spear-code/firmware/STMfirmware/SpearModbusDMASpear/build_native/SpearModbusDMASpear/Drivers/STM32H7xx_HAL_Driver/Src/stm32h7xx_hal_tim_ex.o
                0x0000000008003c32                HAL_TIMEx_Break2Callback
 .text.HAL_UART_Init
                0x0000000008003c34       0x66 /home/lcm/github/spear/spear-code/firmware/STMfirmware/SpearModbusDMASpear/build_native/SpearModbusDMASpear/Drivers/STM32H7xx_HAL_Driver/Src/stm32h7xx_hal_uart.o
                0x0000000008003c34                HAL_UART_Init
 *fill*         0x0000000008003c9a        0x2 
 .text.UART_SetConfig
                0x0000000008003c9c      0x422 /home/lcm/github/spear/spear-code/firmware/STMfirmware/SpearModbusDMASpear/build_native/SpearModbusDMASpear/Drivers/STM32H7xx_HAL_Driver/Src/stm32h7xx_hal_uart.o
                0x0000000008003c9c                UART_SetConfig
 .text.UART_AdvFeatureConfig
                0x00000000080040be       0xc6 /home/lcm/github/spear/spear-code/firmware/STMfirmware/SpearModbusDMASpear/build_native/SpearModbusDMASpear/Drivers/STM32H7xx_HAL_Driver/Src/stm32h7xx_hal_uart.o
                0x00000000080040be                UART_AdvFeatureConfig
 .text.UART_CheckIdleState
                0x0000000008004184       0x6a /home/lcm/github/spear/spear-code/firmware/STMfirmware/SpearModbusDMASpear/build_native/SpearModbusDMASpear/Drivers/STM32H7xx_HAL_Driver/Src/stm32h7xx_hal_uart.o
                0x0000000008004184                UART_CheckIdleState
 .text.HAL_UART_Transmit
                0x00000000080041ee       0xd2 /home/lcm/github/spear/spear-code/firmware/STMfirmware/SpearModbusDMASpear/build_native/SpearModbusDMASpear/Drivers/STM32H7xx_HAL_Driver/Src/stm32h7xx_hal_uart.o
                0x00000000080041ee                HAL_UART_Transmit
 .text.UART_WaitOnFlagUntilTimeout
                0x00000000080042c0       0xfa /home/lcm/github/spear/spear-code/firmware/STMfirmware/SpearModbusDMASpear/build_native/SpearModbusDMASpear/Drivers/STM32H7xx_HAL_Driver/Src/stm32h7xx_hal_uart.o
                0x00000000080042c0                UART_WaitOnFlagUntilTimeout
 .text.UART_EndRxTransfer
                0x00000000080043ba       0x5c /home/lcm/github/spear/spear-code/firmware/STMfirmware/SpearModbusDMASpear/build_native/SpearModbusDMASpear/Drivers/STM32H7xx_HAL_Driver/Src/stm32h7xx_hal_uart.o
 .text.HAL_UART_IRQHandler
                0x0000000008004416      0x36e /home/lcm/github/spear/spear-code/firmware/STMfirmware/SpearModbusDMASpear/build_native/SpearModbusDMASpear/Drivers/STM32H7xx_HAL_Driver/Src/stm32h7xx_hal_uart.o
                0x0000000008004416                HAL_UART_IRQHandler
 .text.UART_DMAAbortOnError
                0x0000000008004784       0x10 /home/lcm/github/spear/spear-code/firmware/STMfirmware/SpearModbusDMASpear/build_native/SpearModbusDMASpear/Drivers/STM32H7xx_HAL_Driver/Src/stm32h7xx_hal_uart.o
 .text.HAL_UART_ErrorCallback
                0x0000000008004794        0x2 /home/lcm/github/spear/spear-code/firmware/STMfirmware/SpearModbusDMASpear/build_native/SpearModbusDMASpear/Drivers/STM32H7xx_HAL_Driver/Src/stm32h7xx_hal_uart.o
                0x0000000008004794                HAL_UART_ErrorCallback
 .text.HAL_UARTEx_RxEventCallback
                0x0000000008004796        0x2 /home/lcm/github/spear/spear-code/firmware/STMfirmware/SpearModbusDMASpear/build_native/SpearModbusDMASpear/Drivers/STM32H7xx_HAL_Driver/Src/stm32h7xx_hal_uart.o
                0x0000000008004796                HAL_UARTEx_RxEventCallback
 .text.HAL_UART_TxCpltCallback
                0x0000000008004798        0x2 /home/lcm/github/spear/spear-code/firmware/STMfirmware/SpearModbusDMASpear/build_native/SpearModbusDMASpear/Drivers/STM32H7xx_HAL_Driver/Src/stm32h7xx_hal_uart.o
                0x0000000008004798                HAL_UART_TxCpltCallback
 .text.HAL_UARTEx_WakeupCallback
                0x000000000800479a        0x2 /home/lcm/github/spear/spear-code/firmware/STMfirmware/SpearModbusDMASpear/build_native/SpearModbusDMASpear/Drivers/STM32H7xx_HAL_Driver/Src/stm32h7xx_hal_uart_ex.o
                0x000000000800479a                HAL_UARTEx_WakeupCallback
 .text.HAL_UARTEx_RxFifoFullCallback
                0x000000000800479c        0x2 /home/lcm/github/spear/spear-code/firmware/STMfirmware/SpearModbusDMASpear/build_native/SpearModbusDMASpear/Drivers/STM32H7xx_HAL_Driver/Src/stm32h7xx_hal_uart_ex.o
                0x000000000800479c                HAL_UARTEx_RxFifoFullCallback
 .text.HAL_UARTEx_TxFifoEmptyCallback
                0x000000000800479e        0x2 /home/lcm/github/spear/spear-code/firmware/STMfirmware/SpearModbusDMASpear/build_native/SpearModbusDMASpear/Drivers/STM32H7xx_HAL_Driver/Src/stm32h7xx_hal_uart_ex.o
                0x000000000800479e                HAL_UARTEx_TxFifoEmptyCallback
 .text.UARTEx_SetNbDataToProcess
                0x00000000080047a0       0x50 /home/lcm/github/spear/spear-code/firmware/STMfirmware/SpearModbusDMASpear/build_native/SpearModbusDMASpear/Drivers/STM32H7xx_HAL_Driver/Src/stm32h7xx_hal_uart_ex.o
 .text.HAL_UARTEx_DisableFifoMode
                0x00000000080047f0       0x36 /home/lcm/github/spear/spear-code/firmware/STMfirmware/SpearModbusDMASpear/build_native/SpearModbusDMASpear/Drivers/STM32H7xx_HAL_Driver/Src/stm32h7xx_hal_uart_ex.o
                0x00000000080047f0                HAL_UARTEx_DisableFifoMode
 .text.HAL_UARTEx_SetTxFifoThreshold
                0x0000000008004826       0x4c /home/lcm/github/spear/spear-code/firmware/STMfirmware/SpearModbusDMASpear/build_native/SpearModbusDMASpear/Drivers/STM32H7xx_HAL_Driver/Src/stm32h7xx_hal_uart_ex.o
                0x0000000008004826                HAL_UARTEx_SetTxFifoThreshold
 .text.HAL_UARTEx_SetRxFifoThreshold
                0x0000000008004872       0x4c /home/lcm/github/spear/spear-code/firmware/STMfirmware/SpearModbusDMASpear/build_native/SpearModbusDMASpear/Drivers/STM32H7xx_HAL_Driver/Src/stm32h7xx_hal_uart_ex.o
                0x0000000008004872                HAL_UARTEx_SetRxFifoThreshold
 .text.USB_CoreInit
                0x00000000080048be       0x92 /home/lcm/github/spear/spear-code/firmware/STMfirmware/SpearModbusDMASpear/build_native/SpearModbusDMASpear/Drivers/STM32H7xx_HAL_Driver/Src/stm32h7xx_ll_usb.o
                0x00000000080048be                USB_CoreInit
 .text.USB_CoreReset
                0x0000000008004950       0x46 /home/lcm/github/spear/spear-code/firmware/STMfirmware/SpearModbusDMASpear/build_native/SpearModbusDMASpear/Drivers/STM32H7xx_HAL_Driver/Src/stm32h7xx_ll_usb.o
 .text.USB_SetTurnaroundTime
                0x0000000008004996      0x110 /home/lcm/github/spear/spear-code/firmware/STMfirmware/SpearModbusDMASpear/build_native/SpearModbusDMASpear/Drivers/STM32H7xx_HAL_Driver/Src/stm32h7xx_ll_usb.o
                0x0000000008004996                USB_SetTurnaroundTime
 .text.USB_EnableGlobalInt
                0x0000000008004aa6        0xe /home/lcm/github/spear/spear-code/firmware/STMfirmware/SpearModbusDMASpear/build_native/SpearModbusDMASpear/Drivers/STM32H7xx_HAL_Driver/Src/stm32h7xx_ll_usb.o
                0x0000000008004aa6                USB_EnableGlobalInt
 .text.USB_DisableGlobalInt
                0x0000000008004ab4        0xe /home/lcm/github/spear/spear-code/firmware/STMfirmware/SpearModbusDMASpear/build_native/SpearModbusDMASpear/Drivers/STM32H7xx_HAL_Driver/Src/stm32h7xx_ll_usb.o
                0x0000000008004ab4                USB_DisableGlobalInt
 .text.USB_SetCurrentMode
                0x0000000008004ac2       0x68 /home/lcm/github/spear/spear-code/firmware/STMfirmware/SpearModbusDMASpear/build_native/SpearModbusDMASpear/Drivers/STM32H7xx_HAL_Driver/Src/stm32h7xx_ll_usb.o
                0x0000000008004ac2                USB_SetCurrentMode
 .text.USB_GetMode
                0x0000000008004b2a        0x8 /home/lcm/github/spear/spear-code/firmware/STMfirmware/SpearModbusDMASpear/build_native/SpearModbusDMASpear/Drivers/STM32H7xx_HAL_Driver/Src/stm32h7xx_ll_usb.o
                0x0000000008004b2a                USB_GetMode
 .text.USB_DevInit
                0x0000000008004b32      0x17a /home/lcm/github/spear/spear-code/firmware/STMfirmware/SpearModbusDMASpear/build_native/SpearModbusDMASpear/Drivers/STM32H7xx_HAL_Driver/Src/stm32h7xx_ll_usb.o
                0x0000000008004b32                USB_DevInit
 .text.USB_FlushTxFifo
                0x0000000008004cac       0x44 /home/lcm/github/spear/spear-code/firmware/STMfirmware/SpearModbusDMASpear/build_native/SpearModbusDMASpear/Drivers/STM32H7xx_HAL_Driver/Src/stm32h7xx_ll_usb.o
                0x0000000008004cac                USB_FlushTxFifo
 .text.USB_FlushRxFifo
                0x0000000008004cf0       0x42 /home/lcm/github/spear/spear-code/firmware/STMfirmware/SpearModbusDMASpear/build_native/SpearModbusDMASpear/Drivers/STM32H7xx_HAL_Driver/Src/stm32h7xx_ll_usb.o
                0x0000000008004cf0                USB_FlushRxFifo
 .text.USB_GetDevSpeed
                0x0000000008004d32       0x1a /home/lcm/github/spear/spear-code/firmware/STMfirmware/SpearModbusDMASpear/build_native/SpearModbusDMASpear/Drivers/STM32H7xx_HAL_Driver/Src/stm32h7xx_ll_usb.o
                0x0000000008004d32                USB_GetDevSpeed
 .text.USB_ActivateEndpoint
                0x0000000008004d4c       0x94 /home/lcm/github/spear/spear-code/firmware/STMfirmware/SpearModbusDMASpear/build_native/SpearModbusDMASpear/Drivers/STM32H7xx_HAL_Driver/Src/stm32h7xx_ll_usb.o
                0x0000000008004d4c                USB_ActivateEndpoint
 .text.USB_DeactivateEndpoint
                0x0000000008004de0       0x84 /home/lcm/github/spear/spear-code/firmware/STMfirmware/SpearModbusDMASpear/build_native/SpearModbusDMASpear/Drivers/STM32H7xx_HAL_Driver/Src/stm32h7xx_ll_usb.o
                0x0000000008004de0                USB_DeactivateEndpoint
 .text.USB_EPStartXfer
                0x0000000008004e64      0x1f2 /home/lcm/github/spear/spear-code/firmware/STMfirmware/SpearModbusDMASpear/build_native/SpearModbusDMASpear/Drivers/STM32H7xx_HAL_Driver/Src/stm32h7xx_ll_usb.o
                0x0000000008004e64                USB_EPStartXfer
 .text.USB_WritePacket
                0x0000000008005056       0x4e /home/lcm/github/spear/spear-code/firmware/STMfirmware/SpearModbusDMASpear/build_native/SpearModbusDMASpear/Drivers/STM32H7xx_HAL_Driver/Src/stm32h7xx_ll_usb.o
                0x0000000008005056                USB_WritePacket
 .text.USB_EP0StartXfer
                0x00000000080050a4      0x100 /home/lcm/github/spear/spear-code/firmware/STMfirmware/SpearModbusDMASpear/build_native/SpearModbusDMASpear/Drivers/STM32H7xx_HAL_Driver/Src/stm32h7xx_ll_usb.o
                0x00000000080050a4                USB_EP0StartXfer
 .text.USB_ReadPacket
                0x00000000080051a4       0x60 /home/lcm/github/spear/spear-code/firmware/STMfirmware/SpearModbusDMASpear/build_native/SpearModbusDMASpear/Drivers/STM32H7xx_HAL_Driver/Src/stm32h7xx_ll_usb.o
                0x00000000080051a4                USB_ReadPacket
 .text.USB_EPSetStall
                0x0000000008005204       0x3e /home/lcm/github/spear/spear-code/firmware/STMfirmware/SpearModbusDMASpear/build_native/SpearModbusDMASpear/Drivers/STM32H7xx_HAL_Driver/Src/stm32h7xx_ll_usb.o
                0x0000000008005204                USB_EPSetStall
 .text.USB_EPClearStall
                0x0000000008005242       0x32 /home/lcm/github/spear/spear-code/firmware/STMfirmware/SpearModbusDMASpear/build_native/SpearModbusDMASpear/Drivers/STM32H7xx_HAL_Driver/Src/stm32h7xx_ll_usb.o
                0x0000000008005242                USB_EPClearStall
 .text.USB_SetDevAddress
                0x0000000008005274       0x22 /home/lcm/github/spear/spear-code/firmware/STMfirmware/SpearModbusDMASpear/build_native/SpearModbusDMASpear/Drivers/STM32H7xx_HAL_Driver/Src/stm32h7xx_ll_usb.o
                0x0000000008005274                USB_SetDevAddress
 .text.USB_DevConnect
                0x0000000008005296       0x1e /home/lcm/github/spear/spear-code/firmware/STMfirmware/SpearModbusDMASpear/build_native/SpearModbusDMASpear/Drivers/STM32H7xx_HAL_Driver/Src/stm32h7xx_ll_usb.o
                0x0000000008005296                USB_DevConnect
 .text.USB_DevDisconnect
                0x00000000080052b4       0x1e /home/lcm/github/spear/spear-code/firmware/STMfirmware/SpearModbusDMASpear/build_native/SpearModbusDMASpear/Drivers/STM32H7xx_HAL_Driver/Src/stm32h7xx_ll_usb.o
                0x00000000080052b4                USB_DevDisconnect
 .text.USB_ReadInterrupts
                0x00000000080052d2        0x8 /home/lcm/github/spear/spear-code/firmware/STMfirmware/SpearModbusDMASpear/build_native/SpearModbusDMASpear/Drivers/STM32H7xx_HAL_Driver/Src/stm32h7xx_ll_usb.o
                0x00000000080052d2                USB_ReadInterrupts
 .text.USB_ReadDevAllOutEpInterrupt
                0x00000000080052da        0xe /home/lcm/github/spear/spear-code/firmware/STMfirmware/SpearModbusDMASpear/build_native/SpearModbusDMASpear/Drivers/STM32H7xx_HAL_Driver/Src/stm32h7xx_ll_usb.o
                0x00000000080052da                USB_ReadDevAllOutEpInterrupt
 .text.USB_ReadDevAllInEpInterrupt
                0x00000000080052e8        0xe /home/lcm/github/spear/spear-code/firmware/STMfirmware/SpearModbusDMASpear/build_native/SpearModbusDMASpear/Drivers/STM32H7xx_HAL_Driver/Src/stm32h7xx_ll_usb.o
                0x00000000080052e8                USB_ReadDevAllInEpInterrupt
 .text.USB_ReadDevOutEPInterrupt
                0x00000000080052f6       0x10 /home/lcm/github/spear/spear-code/firmware/STMfirmware/SpearModbusDMASpear/build_native/SpearModbusDMASpear/Drivers/STM32H7xx_HAL_Driver/Src/stm32h7xx_ll_usb.o
                0x00000000080052f6                USB_ReadDevOutEPInterrupt
 .text.USB_ReadDevInEPInterrupt
                0x0000000008005306       0x24 /home/lcm/github/spear/spear-code/firmware/STMfirmware/SpearModbusDMASpear/build_native/SpearModbusDMASpear/Drivers/STM32H7xx_HAL_Driver/Src/stm32h7xx_ll_usb.o
                0x0000000008005306                USB_ReadDevInEPInterrupt
 .text.USB_ActivateSetup
                0x000000000800532a       0x20 /home/lcm/github/spear/spear-code/firmware/STMfirmware/SpearModbusDMASpear/build_native/SpearModbusDMASpear/Drivers/STM32H7xx_HAL_Driver/Src/stm32h7xx_ll_usb.o
                0x000000000800532a                USB_ActivateSetup
 .text.USB_EP0_OutStart
                0x000000000800534a       0x5a /home/lcm/github/spear/spear-code/firmware/STMfirmware/SpearModbusDMASpear/build_native/SpearModbusDMASpear/Drivers/STM32H7xx_HAL_Driver/Src/stm32h7xx_ll_usb.o
                0x000000000800534a                USB_EP0_OutStart
 .text.transmit
                0x00000000080053a4        0x4 /home/lcm/github/spear/spear-code/firmware/STMfirmware/SpearModbusDMASpear/build_native/SpearModbusDMASpear/Target/Src/libcgc.o
                0x00000000080053a4                transmit
 .text.receive_cgc
                0x00000000080053a8       0x62 /home/lcm/github/spear/spear-code/firmware/STMfirmware/SpearModbusDMASpear/build_native/SpearModbusDMASpear/Target/Src/libcgc.o
                0x00000000080053a8                receive_cgc
 .text.allocate_cgc
                0x000000000800540a       0x26 /home/lcm/github/spear/spear-code/firmware/STMfirmware/SpearModbusDMASpear/build_native/SpearModbusDMASpear/Target/Src/libcgc.o
                0x000000000800540a                allocate_cgc
 .text.deallocate_cgc
                0x0000000008005430        0xc /home/lcm/github/spear/spear-code/firmware/STMfirmware/SpearModbusDMASpear/build_native/SpearModbusDMASpear/Target/Src/libcgc.o
                0x0000000008005430                deallocate_cgc
 .text.init_users
                0x000000000800543c       0x32 /home/lcm/github/spear/spear-code/firmware/STMfirmware/SpearModbusDMASpear/build_native/SpearModbusDMASpear/Target/Src/service.o
                0x000000000800543c                init_users
 .text.create_user
                0x000000000800546e       0x98 /home/lcm/github/spear/spear-code/firmware/STMfirmware/SpearModbusDMASpear/build_native/SpearModbusDMASpear/Target/Src/service.o
                0x000000000800546e                create_user
 .text.init_manager
                0x0000000008005506       0x32 /home/lcm/github/spear/spear-code/firmware/STMfirmware/SpearModbusDMASpear/build_native/SpearModbusDMASpear/Target/Src/service.o
                0x0000000008005506                init_manager
 .text.add_message
                0x0000000008005538       0x26 /home/lcm/github/spear/spear-code/firmware/STMfirmware/SpearModbusDMASpear/build_native/SpearModbusDMASpear/Target/Src/service.o
                0x0000000008005538                add_message
 .text.create_message
                0x000000000800555e       0x7a /home/lcm/github/spear/spear-code/firmware/STMfirmware/SpearModbusDMASpear/build_native/SpearModbusDMASpear/Target/Src/service.o
                0x000000000800555e                create_message
 .text.delete_message
                0x00000000080055d8       0x74 /home/lcm/github/spear/spear-code/firmware/STMfirmware/SpearModbusDMASpear/build_native/SpearModbusDMASpear/Target/Src/service.o
                0x00000000080055d8                delete_message
 .text.read_message
                0x000000000800564c       0xb0 /home/lcm/github/spear/spear-code/firmware/STMfirmware/SpearModbusDMASpear/build_native/SpearModbusDMASpear/Target/Src/service.o
                0x000000000800564c                read_message
 .text.list_unread_messages
                0x00000000080056fc       0xc8 /home/lcm/github/spear/spear-code/firmware/STMfirmware/SpearModbusDMASpear/build_native/SpearModbusDMASpear/Target/Src/service.o
                0x00000000080056fc                list_unread_messages
 .text.list_messages
                0x00000000080057c4       0x1a /home/lcm/github/spear/spear-code/firmware/STMfirmware/SpearModbusDMASpear/build_native/SpearModbusDMASpear/Target/Src/service.o
                0x00000000080057c4                list_messages
 .text.get_user
                0x00000000080057de       0x26 /home/lcm/github/spear/spear-code/firmware/STMfirmware/SpearModbusDMASpear/build_native/SpearModbusDMASpear/Target/Src/service.o
                0x00000000080057de                get_user
 .text.send_user_message
                0x0000000008005804       0x5c /home/lcm/github/spear/spear-code/firmware/STMfirmware/SpearModbusDMASpear/build_native/SpearModbusDMASpear/Target/Src/service.o
                0x0000000008005804                send_user_message
 .text.handle_loggedin
                0x0000000008005860      0x1ac /home/lcm/github/spear/spear-code/firmware/STMfirmware/SpearModbusDMASpear/build_native/SpearModbusDMASpear/Target/Src/service.o
                0x0000000008005860                handle_loggedin
 .text.handle_menu
                0x0000000008005a0c      0x192 /home/lcm/github/spear/spear-code/firmware/STMfirmware/SpearModbusDMASpear/build_native/SpearModbusDMASpear/Target/Src/service.o
                0x0000000008005a0c                handle_menu
 .text.test     0x0000000008005b9e        0xc /home/lcm/github/spear/spear-code/firmware/STMfirmware/SpearModbusDMASpear/build_native/SpearModbusDMASpear/Target/Src/service.o
                0x0000000008005b9e                test
 .text.atoi     0x0000000008005baa       0x82 /home/lcm/github/spear/spear-code/firmware/STMfirmware/SpearModbusDMASpear/build_native/SpearModbusDMASpear/Target/Src/stdlib.o
                0x0000000008005baa                atoi
 .text.bzero_cgc
                0x0000000008005c2c       0x12 /home/lcm/github/spear/spear-code/firmware/STMfirmware/SpearModbusDMASpear/build_native/SpearModbusDMASpear/Target/Src/stdlib.o
                0x0000000008005c2c                bzero_cgc
 .text.strcmp   0x0000000008005c3e       0x1e /home/lcm/github/spear/spear-code/firmware/STMfirmware/SpearModbusDMASpear/build_native/SpearModbusDMASpear/Target/Src/stdlib.o
                0x0000000008005c3e                strcmp
 .text.strncat_cgc
                0x0000000008005c5c       0x36 /home/lcm/github/spear/spear-code/firmware/STMfirmware/SpearModbusDMASpear/build_native/SpearModbusDMASpear/Target/Src/stdlib.o
                0x0000000008005c5c                strncat_cgc
 .text.strlen_cgc
                0x0000000008005c92       0x14 /home/lcm/github/spear/spear-code/firmware/STMfirmware/SpearModbusDMASpear/build_native/SpearModbusDMASpear/Target/Src/stdlib.o
                0x0000000008005c92                strlen_cgc
 .text.receive_cgc_until
                0x0000000008005ca6       0x58 /home/lcm/github/spear/spear-code/firmware/STMfirmware/SpearModbusDMASpear/build_native/SpearModbusDMASpear/Target/Src/stdlib.o
                0x0000000008005ca6                receive_cgc_until
 .text.strcat_cgc
                0x0000000008005cfe       0x46 /home/lcm/github/spear/spear-code/firmware/STMfirmware/SpearModbusDMASpear/build_native/SpearModbusDMASpear/Target/Src/stdlib.o
                0x0000000008005cfe                strcat_cgc
 .text.itoa     0x0000000008005d44       0x58 /home/lcm/github/spear/spear-code/firmware/STMfirmware/SpearModbusDMASpear/build_native/SpearModbusDMASpear/Target/Src/stdlib.o
                0x0000000008005d44                itoa
 .text.puts_cgc
                0x0000000008005d9c       0x26 /home/lcm/github/spear/spear-code/firmware/STMfirmware/SpearModbusDMASpear/build_native/SpearModbusDMASpear/Target/Src/stdlib.o
                0x0000000008005d9c                puts_cgc
 .text.xTaskCreate
                0x0000000008005dc2      0x21a /home/lcm/github/spear/spear-code/firmware/STMfirmware/SpearModbusDMASpear/build_native/Common/FreeRTOS-Kernel/tasks.o
                0x0000000008005dc2                xTaskCreate
 .text.vTaskDelete
                0x0000000008005fdc      0x12a /home/lcm/github/spear/spear-code/firmware/STMfirmware/SpearModbusDMASpear/build_native/Common/FreeRTOS-Kernel/tasks.o
                0x0000000008005fdc                vTaskDelete
 .text.vTaskSuspendAll
                0x0000000008006106       0x10 /home/lcm/github/spear/spear-code/firmware/STMfirmware/SpearModbusDMASpear/build_native/Common/FreeRTOS-Kernel/tasks.o
                0x0000000008006106                vTaskSuspendAll
 .text.prvAddCurrentTaskToDelayedList
                0x0000000008006116       0xc4 /home/lcm/github/spear/spear-code/firmware/STMfirmware/SpearModbusDMASpear/build_native/Common/FreeRTOS-Kernel/tasks.o
 .text.xTaskResumeAll
                0x00000000080061da      0x194 /home/lcm/github/spear/spear-code/firmware/STMfirmware/SpearModbusDMASpear/build_native/Common/FreeRTOS-Kernel/tasks.o
                0x00000000080061da                xTaskResumeAll
 .text.vTaskSwitchContext
                0x000000000800636e       0x82 /home/lcm/github/spear/spear-code/firmware/STMfirmware/SpearModbusDMASpear/build_native/Common/FreeRTOS-Kernel/tasks.o
                0x000000000800636e                vTaskSwitchContext
 .text.vTaskStartScheduler
                0x00000000080063f0       0x92 /home/lcm/github/spear/spear-code/firmware/STMfirmware/SpearModbusDMASpear/build_native/Common/FreeRTOS-Kernel/tasks.o
                0x00000000080063f0                vTaskStartScheduler
 .text.prvIdleTask
                0x0000000008006482       0x78 /home/lcm/github/spear/spear-code/firmware/STMfirmware/SpearModbusDMASpear/build_native/Common/FreeRTOS-Kernel/tasks.o
 .text.xTaskIncrementTick
                0x00000000080064fa      0x1be /home/lcm/github/spear/spear-code/firmware/STMfirmware/SpearModbusDMASpear/build_native/Common/FreeRTOS-Kernel/tasks.o
                0x00000000080064fa                xTaskIncrementTick
 .text.ulTaskGenericNotifyTake
                0x00000000080066b8       0xa8 /home/lcm/github/spear/spear-code/firmware/STMfirmware/SpearModbusDMASpear/build_native/Common/FreeRTOS-Kernel/tasks.o
                0x00000000080066b8                ulTaskGenericNotifyTake
 .text.xTaskGenericNotify
                0x0000000008006760      0x168 /home/lcm/github/spear/spear-code/firmware/STMfirmware/SpearModbusDMASpear/build_native/Common/FreeRTOS-Kernel/tasks.o
                0x0000000008006760                xTaskGenericNotify
 .text.xTaskGenericNotifyFromISR
                0x00000000080068c8      0x1ae /home/lcm/github/spear/spear-code/firmware/STMfirmware/SpearModbusDMASpear/build_native/Common/FreeRTOS-Kernel/tasks.o
                0x00000000080068c8                xTaskGenericNotifyFromISR
 .text.vListInitialise
                0x0000000008006a76       0x16 /home/lcm/github/spear/spear-code/firmware/STMfirmware/SpearModbusDMASpear/build_native/Common/FreeRTOS-Kernel/list.o
                0x0000000008006a76                vListInitialise
 .text.vListInitialiseItem
                0x0000000008006a8c        0x6 /home/lcm/github/spear/spear-code/firmware/STMfirmware/SpearModbusDMASpear/build_native/Common/FreeRTOS-Kernel/list.o
                0x0000000008006a8c                vListInitialiseItem
 .text.vListInsertEnd
                0x0000000008006a92       0x1c /home/lcm/github/spear/spear-code/firmware/STMfirmware/SpearModbusDMASpear/build_native/Common/FreeRTOS-Kernel/list.o
                0x0000000008006a92                vListInsertEnd
 .text.vListInsert
                0x0000000008006aae       0x3c /home/lcm/github/spear/spear-code/firmware/STMfirmware/SpearModbusDMASpear/build_native/Common/FreeRTOS-Kernel/list.o
                0x0000000008006aae                vListInsert
 .text.uxListRemove
                0x0000000008006aea       0x2a /home/lcm/github/spear/spear-code/firmware/STMfirmware/SpearModbusDMASpear/build_native/Common/FreeRTOS-Kernel/list.o
                0x0000000008006aea                uxListRemove
 .text.pxPortInitialiseStack
                0x0000000008006b14       0x2c /home/lcm/github/spear/spear-code/firmware/STMfirmware/SpearModbusDMASpear/build_native/Common/FreeRTOS-Kernel/portable/GCC/ARM_CM4F/port.o
                0x0000000008006b14                pxPortInitialiseStack
 .text.prvTaskExitError
                0x0000000008006b40       0x30 /home/lcm/github/spear/spear-code/firmware/STMfirmware/SpearModbusDMASpear/build_native/Common/FreeRTOS-Kernel/portable/GCC/ARM_CM4F/port.o
 .text.SVC_Handler
                0x0000000008006b70       0x24 /home/lcm/github/spear/spear-code/firmware/STMfirmware/SpearModbusDMASpear/build_native/Common/FreeRTOS-Kernel/portable/GCC/ARM_CM4F/port.o
                0x0000000008006b70                SVC_Handler
 .text.xPortStartScheduler
                0x0000000008006b94      0x12c /home/lcm/github/spear/spear-code/firmware/STMfirmware/SpearModbusDMASpear/build_native/Common/FreeRTOS-Kernel/portable/GCC/ARM_CM4F/port.o
                0x0000000008006b94                xPortStartScheduler
 .text.vPortSetupTimerInterrupt
                0x0000000008006cc0       0x34 /home/lcm/github/spear/spear-code/firmware/STMfirmware/SpearModbusDMASpear/build_native/Common/FreeRTOS-Kernel/portable/GCC/ARM_CM4F/port.o
                0x0000000008006cc0                vPortSetupTimerInterrupt
 .text.vPortEnableVFP
                0x0000000008006cf4       0x14 /home/lcm/github/spear/spear-code/firmware/STMfirmware/SpearModbusDMASpear/build_native/Common/FreeRTOS-Kernel/portable/GCC/ARM_CM4F/port.o
 .text.prvPortStartFirstTask
                0x0000000008006d08       0x28 /home/lcm/github/spear/spear-code/firmware/STMfirmware/SpearModbusDMASpear/build_native/Common/FreeRTOS-Kernel/portable/GCC/ARM_CM4F/port.o
 .text.vPortEnterCritical
                0x0000000008006d30       0x48 /home/lcm/github/spear/spear-code/firmware/STMfirmware/SpearModbusDMASpear/build_native/Common/FreeRTOS-Kernel/portable/GCC/ARM_CM4F/port.o
                0x0000000008006d30                vPortEnterCritical
 .text.vPortExitCritical
                0x0000000008006d78       0x2e /home/lcm/github/spear/spear-code/firmware/STMfirmware/SpearModbusDMASpear/build_native/Common/FreeRTOS-Kernel/portable/GCC/ARM_CM4F/port.o
                0x0000000008006d78                vPortExitCritical
 *fill*         0x0000000008006da6        0xa 
 .text.PendSV_Handler
                0x0000000008006db0       0x64 /home/lcm/github/spear/spear-code/firmware/STMfirmware/SpearModbusDMASpear/build_native/Common/FreeRTOS-Kernel/portable/GCC/ARM_CM4F/port.o
                0x0000000008006db0                PendSV_Handler
 .text.SysTick_Handler
                0x0000000008006e14       0x30 /home/lcm/github/spear/spear-code/firmware/STMfirmware/SpearModbusDMASpear/build_native/Common/FreeRTOS-Kernel/portable/GCC/ARM_CM4F/port.o
                0x0000000008006e14                SysTick_Handler
 .text.vPortValidateInterruptPriority
                0x0000000008006e44       0x62 /home/lcm/github/spear/spear-code/firmware/STMfirmware/SpearModbusDMASpear/build_native/Common/FreeRTOS-Kernel/portable/GCC/ARM_CM4F/port.o
                0x0000000008006e44                vPortValidateInterruptPriority
 .text.pvPortMalloc
                0x0000000008006ea6      0x174 /home/lcm/github/spear/spear-code/firmware/STMfirmware/SpearModbusDMASpear/build_native/Common/FreeRTOS-Kernel/portable/MemMang/heap_4.o
                0x0000000008006ea6                pvPortMalloc
 .text.prvInsertBlockIntoFreeList
                0x000000000800701a       0x54 /home/lcm/github/spear/spear-code/firmware/STMfirmware/SpearModbusDMASpear/build_native/Common/FreeRTOS-Kernel/portable/MemMang/heap_4.o
 .text.vPortFree
                0x000000000800706e       0x78 /home/lcm/github/spear/spear-code/firmware/STMfirmware/SpearModbusDMASpear/build_native/Common/FreeRTOS-Kernel/portable/MemMang/heap_4.o
                0x000000000800706e                vPortFree
 .text._sym_initialize
                0x00000000080070e6       0x44 /home/lcm/github/spear/spear-code/firmware/STMfirmware/SpearModbusDMASpear/build_native/Common/SymRuntime/runtime.o
                0x00000000080070e6                _sym_initialize
 .text.app_main
                0x000000000800712a       0x3a /home/lcm/github/spear/spear-code/firmware/STMfirmware/SpearModbusDMASpear/build_native/Common/Protocol/monitor.o
                0x000000000800712a                app_main
 .text.MonitorTask
                0x0000000008007164      0x126 /home/lcm/github/spear/spear-code/firmware/STMfirmware/SpearModbusDMASpear/build_native/Common/Protocol/monitor.o
 .text.TargetTask
                0x000000000800728a       0x6a /home/lcm/github/spear/spear-code/firmware/STMfirmware/SpearModbusDMASpear/build_native/Common/Protocol/monitor.o
 .text.notifyTXfinish
                0x00000000080072f4       0x70 /home/lcm/github/spear/spear-code/firmware/STMfirmware/SpearModbusDMASpear/build_native/Common/Protocol/protocol.o
                0x00000000080072f4                notifyTXfinish
 .text.TransmitPack
                0x0000000008007364       0x22 /home/lcm/github/spear/spear-code/firmware/STMfirmware/SpearModbusDMASpear/build_native/Common/Protocol/protocol.o
                0x0000000008007364                TransmitPack
 .text.FuzzingInputHandler
                0x0000000008007386       0xa8 /home/lcm/github/spear/spear-code/firmware/STMfirmware/SpearModbusDMASpear/build_native/Common/Protocol/protocol.o
                0x0000000008007386                FuzzingInputHandler
 .text.RingCopy
                0x000000000800742e       0x3a /home/lcm/github/spear/spear-code/firmware/STMfirmware/SpearModbusDMASpear/build_native/Common/Protocol/ring.o
                0x000000000800742e                RingCopy
 .text.RingZeroes
                0x0000000008007468       0x10 /home/lcm/github/spear/spear-code/firmware/STMfirmware/SpearModbusDMASpear/build_native/Common/Protocol/ring.o
                0x0000000008007468                RingZeroes
 .text.MX_USB_DEVICE_Init
                0x0000000008007478       0x6e /home/lcm/github/spear/spear-code/firmware/STMfirmware/SpearModbusDMASpear/build_native/SpearModbusDMASpear/USB_DEVICE/App/usb_device.o
                0x0000000008007478                MX_USB_DEVICE_Init
 .text.CDC_Init_FS
                0x00000000080074e6       0x2e /home/lcm/github/spear/spear-code/firmware/STMfirmware/SpearModbusDMASpear/build_native/SpearModbusDMASpear/USB_DEVICE/App/usbd_cdc_if.o
 .text.CDC_DeInit_FS
                0x0000000008007514        0x4 /home/lcm/github/spear/spear-code/firmware/STMfirmware/SpearModbusDMASpear/build_native/SpearModbusDMASpear/USB_DEVICE/App/usbd_cdc_if.o
 .text.CDC_Control_FS
                0x0000000008007518        0x4 /home/lcm/github/spear/spear-code/firmware/STMfirmware/SpearModbusDMASpear/build_native/SpearModbusDMASpear/USB_DEVICE/App/usbd_cdc_if.o
 .text.CDC_Receive_FS
                0x000000000800751c       0x24 /home/lcm/github/spear/spear-code/firmware/STMfirmware/SpearModbusDMASpear/build_native/SpearModbusDMASpear/USB_DEVICE/App/usbd_cdc_if.o
 .text.CDC_TransmitCplt_FS
                0x0000000008007540        0xc /home/lcm/github/spear/spear-code/firmware/STMfirmware/SpearModbusDMASpear/build_native/SpearModbusDMASpear/USB_DEVICE/App/usbd_cdc_if.o
 .text.CDC_Transmit_FS
                0x000000000800754c       0x36 /home/lcm/github/spear/spear-code/firmware/STMfirmware/SpearModbusDMASpear/build_native/SpearModbusDMASpear/USB_DEVICE/App/usbd_cdc_if.o
                0x000000000800754c                CDC_Transmit_FS
 .text.USBD_FS_DeviceDescriptor
                0x0000000008007582        0xe /home/lcm/github/spear/spear-code/firmware/STMfirmware/SpearModbusDMASpear/build_native/SpearModbusDMASpear/USB_DEVICE/App/usbd_desc.o
                0x0000000008007582                USBD_FS_DeviceDescriptor
 .text.USBD_FS_LangIDStrDescriptor
                0x0000000008007590        0xe /home/lcm/github/spear/spear-code/firmware/STMfirmware/SpearModbusDMASpear/build_native/SpearModbusDMASpear/USB_DEVICE/App/usbd_desc.o
                0x0000000008007590                USBD_FS_LangIDStrDescriptor
 .text.USBD_FS_ManufacturerStrDescriptor
                0x000000000800759e       0x20 /home/lcm/github/spear/spear-code/firmware/STMfirmware/SpearModbusDMASpear/build_native/SpearModbusDMASpear/USB_DEVICE/App/usbd_desc.o
                0x000000000800759e                USBD_FS_ManufacturerStrDescriptor
 .text.USBD_FS_ProductStrDescriptor
                0x00000000080075be       0x20 /home/lcm/github/spear/spear-code/firmware/STMfirmware/SpearModbusDMASpear/build_native/SpearModbusDMASpear/USB_DEVICE/App/usbd_desc.o
                0x00000000080075be                USBD_FS_ProductStrDescriptor
 .text.USBD_FS_SerialStrDescriptor
                0x00000000080075de       0x8e /home/lcm/github/spear/spear-code/firmware/STMfirmware/SpearModbusDMASpear/build_native/SpearModbusDMASpear/USB_DEVICE/App/usbd_desc.o
                0x00000000080075de                USBD_FS_SerialStrDescriptor
 .text.USBD_FS_ConfigStrDescriptor
                0x000000000800766c       0x20 /home/lcm/github/spear/spear-code/firmware/STMfirmware/SpearModbusDMASpear/build_native/SpearModbusDMASpear/USB_DEVICE/App/usbd_desc.o
                0x000000000800766c                USBD_FS_ConfigStrDescriptor
 .text.USBD_FS_InterfaceStrDescriptor
                0x000000000800768c       0x20 /home/lcm/github/spear/spear-code/firmware/STMfirmware/SpearModbusDMASpear/build_native/SpearModbusDMASpear/USB_DEVICE/App/usbd_desc.o
                0x000000000800768c                USBD_FS_InterfaceStrDescriptor
 .text.HAL_PCD_MspInit
                0x00000000080076ac       0xc2 /home/lcm/github/spear/spear-code/firmware/STMfirmware/SpearModbusDMASpear/build_native/SpearModbusDMASpear/USB_DEVICE/Target/usbd_conf.o
                0x00000000080076ac                HAL_PCD_MspInit
 .text.HAL_PCD_SetupStageCallback
                0x000000000800776e        0xe /home/lcm/github/spear/spear-code/firmware/STMfirmware/SpearModbusDMASpear/build_native/SpearModbusDMASpear/USB_DEVICE/Target/usbd_conf.o
                0x000000000800776e                HAL_PCD_SetupStageCallback
 .text.HAL_PCD_DataOutStageCallback
                0x000000000800777c       0x14 /home/lcm/github/spear/spear-code/firmware/STMfirmware/SpearModbusDMASpear/build_native/SpearModbusDMASpear/USB_DEVICE/Target/usbd_conf.o
                0x000000000800777c                HAL_PCD_DataOutStageCallback
 .text.HAL_PCD_DataInStageCallback
                0x0000000008007790       0x12 /home/lcm/github/spear/spear-code/firmware/STMfirmware/SpearModbusDMASpear/build_native/SpearModbusDMASpear/USB_DEVICE/Target/usbd_conf.o
                0x0000000008007790                HAL_PCD_DataInStageCallback
 .text.HAL_PCD_SOFCallback
                0x00000000080077a2        0x8 /home/lcm/github/spear/spear-code/firmware/STMfirmware/SpearModbusDMASpear/build_native/SpearModbusDMASpear/USB_DEVICE/Target/usbd_conf.o
                0x00000000080077a2                HAL_PCD_SOFCallback
 .text.HAL_PCD_ResetCallback
                0x00000000080077aa       0x28 /home/lcm/github/spear/spear-code/firmware/STMfirmware/SpearModbusDMASpear/build_native/SpearModbusDMASpear/USB_DEVICE/Target/usbd_conf.o
                0x00000000080077aa                HAL_PCD_ResetCallback
 .text.HAL_PCD_SuspendCallback
                0x00000000080077d2       0x32 /home/lcm/github/spear/spear-code/firmware/STMfirmware/SpearModbusDMASpear/build_native/SpearModbusDMASpear/USB_DEVICE/Target/usbd_conf.o
                0x00000000080077d2                HAL_PCD_SuspendCallback
 .text.HAL_PCD_ResumeCallback
                0x0000000008007804        0x8 /home/lcm/github/spear/spear-code/firmware/STMfirmware/SpearModbusDMASpear/build_native/SpearModbusDMASpear/USB_DEVICE/Target/usbd_conf.o
                0x0000000008007804                HAL_PCD_ResumeCallback
 .text.HAL_PCD_ISOOUTIncompleteCallback
                0x000000000800780c        0x8 /home/lcm/github/spear/spear-code/firmware/STMfirmware/SpearModbusDMASpear/build_native/SpearModbusDMASpear/USB_DEVICE/Target/usbd_conf.o
                0x000000000800780c                HAL_PCD_ISOOUTIncompleteCallback
 .text.HAL_PCD_ISOINIncompleteCallback
                0x0000000008007814        0x8 /home/lcm/github/spear/spear-code/firmware/STMfirmware/SpearModbusDMASpear/build_native/SpearModbusDMASpear/USB_DEVICE/Target/usbd_conf.o
                0x0000000008007814                HAL_PCD_ISOINIncompleteCallback
 .text.HAL_PCD_ConnectCallback
                0x000000000800781c        0x8 /home/lcm/github/spear/spear-code/firmware/STMfirmware/SpearModbusDMASpear/build_native/SpearModbusDMASpear/USB_DEVICE/Target/usbd_conf.o
                0x000000000800781c                HAL_PCD_ConnectCallback
 .text.HAL_PCD_DisconnectCallback
                0x0000000008007824        0x8 /home/lcm/github/spear/spear-code/firmware/STMfirmware/SpearModbusDMASpear/build_native/SpearModbusDMASpear/USB_DEVICE/Target/usbd_conf.o
                0x0000000008007824                HAL_PCD_DisconnectCallback
 .text.USBD_LL_Init
                0x000000000800782c       0x70 /home/lcm/github/spear/spear-code/firmware/STMfirmware/SpearModbusDMASpear/build_native/SpearModbusDMASpear/USB_DEVICE/Target/usbd_conf.o
                0x000000000800782c                USBD_LL_Init
 .text.USBD_LL_Start
                0x000000000800789c       0x22 /home/lcm/github/spear/spear-code/firmware/STMfirmware/SpearModbusDMASpear/build_native/SpearModbusDMASpear/USB_DEVICE/Target/usbd_conf.o
                0x000000000800789c                USBD_LL_Start
 .text.USBD_LL_OpenEP
                0x00000000080078be       0x28 /home/lcm/github/spear/spear-code/firmware/STMfirmware/SpearModbusDMASpear/build_native/SpearModbusDMASpear/USB_DEVICE/Target/usbd_conf.o
                0x00000000080078be                USBD_LL_OpenEP
 .text.USBD_LL_CloseEP
                0x00000000080078e6       0x22 /home/lcm/github/spear/spear-code/firmware/STMfirmware/SpearModbusDMASpear/build_native/SpearModbusDMASpear/USB_DEVICE/Target/usbd_conf.o
                0x00000000080078e6                USBD_LL_CloseEP
 .text.USBD_LL_StallEP
                0x0000000008007908       0x22 /home/lcm/github/spear/spear-code/firmware/STMfirmware/SpearModbusDMASpear/build_native/SpearModbusDMASpear/USB_DEVICE/Target/usbd_conf.o
                0x0000000008007908                USBD_LL_StallEP
 .text.USBD_LL_ClearStallEP
                0x000000000800792a       0x22 /home/lcm/github/spear/spear-code/firmware/STMfirmware/SpearModbusDMASpear/build_native/SpearModbusDMASpear/USB_DEVICE/Target/usbd_conf.o
                0x000000000800792a                USBD_LL_ClearStallEP
 .text.USBD_LL_IsStallEP
                0x000000000800794c       0x20 /home/lcm/github/spear/spear-code/firmware/STMfirmware/SpearModbusDMASpear/build_native/SpearModbusDMASpear/USB_DEVICE/Target/usbd_conf.o
                0x000000000800794c                USBD_LL_IsStallEP
 .text.USBD_LL_SetUSBAddress
                0x000000000800796c       0x22 /home/lcm/github/spear/spear-code/firmware/STMfirmware/SpearModbusDMASpear/build_native/SpearModbusDMASpear/USB_DEVICE/Target/usbd_conf.o
                0x000000000800796c                USBD_LL_SetUSBAddress
 .text.USBD_LL_Transmit
                0x000000000800798e       0x22 /home/lcm/github/spear/spear-code/firmware/STMfirmware/SpearModbusDMASpear/build_native/SpearModbusDMASpear/USB_DEVICE/Target/usbd_conf.o
                0x000000000800798e                USBD_LL_Transmit
 .text.USBD_LL_PrepareReceive
                0x00000000080079b0       0x22 /home/lcm/github/spear/spear-code/firmware/STMfirmware/SpearModbusDMASpear/build_native/SpearModbusDMASpear/USB_DEVICE/Target/usbd_conf.o
                0x00000000080079b0                USBD_LL_PrepareReceive
 .text.USBD_LL_GetRxDataSize
                0x00000000080079d2        0x8 /home/lcm/github/spear/spear-code/firmware/STMfirmware/SpearModbusDMASpear/build_native/SpearModbusDMASpear/USB_DEVICE/Target/usbd_conf.o
                0x00000000080079d2                USBD_LL_GetRxDataSize
 .text.USBD_static_malloc
                0x00000000080079da        0xa /home/lcm/github/spear/spear-code/firmware/STMfirmware/SpearModbusDMASpear/build_native/SpearModbusDMASpear/USB_DEVICE/Target/usbd_conf.o
                0x00000000080079da                USBD_static_malloc
 .text.USBD_static_free
                0x00000000080079e4        0x2 /home/lcm/github/spear/spear-code/firmware/STMfirmware/SpearModbusDMASpear/build_native/SpearModbusDMASpear/USB_DEVICE/Target/usbd_conf.o
                0x00000000080079e4                USBD_static_free
 .text.USBD_CDC_Init
                0x00000000080079e6       0x9e /home/lcm/github/spear/spear-code/firmware/STMfirmware/SpearModbusDMASpear/build_native/SpearModbusDMASpear/Middlewares/ST/STM32_USB_Device_Library/Class/CDC/Src/usbd_cdc.o
 .text.USBD_CDC_DeInit
                0x0000000008007a84       0x44 /home/lcm/github/spear/spear-code/firmware/STMfirmware/SpearModbusDMASpear/build_native/SpearModbusDMASpear/Middlewares/ST/STM32_USB_Device_Library/Class/CDC/Src/usbd_cdc.o
 .text.USBD_CDC_Setup
                0x0000000008007ac8       0xd0 /home/lcm/github/spear/spear-code/firmware/STMfirmware/SpearModbusDMASpear/build_native/SpearModbusDMASpear/Middlewares/ST/STM32_USB_Device_Library/Class/CDC/Src/usbd_cdc.o
 .text.USBD_CDC_EP0_RxReady
                0x0000000008007b98       0x30 /home/lcm/github/spear/spear-code/firmware/STMfirmware/SpearModbusDMASpear/build_native/SpearModbusDMASpear/Middlewares/ST/STM32_USB_Device_Library/Class/CDC/Src/usbd_cdc.o
 .text.USBD_CDC_DataIn
                0x0000000008007bc8       0x68 /home/lcm/github/spear/spear-code/firmware/STMfirmware/SpearModbusDMASpear/build_native/SpearModbusDMASpear/Middlewares/ST/STM32_USB_Device_Library/Class/CDC/Src/usbd_cdc.o
 .text.USBD_CDC_DataOut
                0x0000000008007c30       0x2c /home/lcm/github/spear/spear-code/firmware/STMfirmware/SpearModbusDMASpear/build_native/SpearModbusDMASpear/Middlewares/ST/STM32_USB_Device_Library/Class/CDC/Src/usbd_cdc.o
 .text.USBD_CDC_GetHSCfgDesc
                0x0000000008007c5c       0x10 /home/lcm/github/spear/spear-code/firmware/STMfirmware/SpearModbusDMASpear/build_native/SpearModbusDMASpear/Middlewares/ST/STM32_USB_Device_Library/Class/CDC/Src/usbd_cdc.o
 .text.USBD_CDC_GetFSCfgDesc
                0x0000000008007c6c       0x10 /home/lcm/github/spear/spear-code/firmware/STMfirmware/SpearModbusDMASpear/build_native/SpearModbusDMASpear/Middlewares/ST/STM32_USB_Device_Library/Class/CDC/Src/usbd_cdc.o
 .text.USBD_CDC_GetOtherSpeedCfgDesc
                0x0000000008007c7c       0x10 /home/lcm/github/spear/spear-code/firmware/STMfirmware/SpearModbusDMASpear/build_native/SpearModbusDMASpear/Middlewares/ST/STM32_USB_Device_Library/Class/CDC/Src/usbd_cdc.o
 .text.USBD_CDC_GetDeviceQualifierDescriptor
                0x0000000008007c8c       0x10 /home/lcm/github/spear/spear-code/firmware/STMfirmware/SpearModbusDMASpear/build_native/SpearModbusDMASpear/Middlewares/ST/STM32_USB_Device_Library/Class/CDC/Src/usbd_cdc.o
                0x0000000008007c8c                USBD_CDC_GetDeviceQualifierDescriptor
 .text.USBD_CDC_RegisterInterface
                0x0000000008007c9c        0xe /home/lcm/github/spear/spear-code/firmware/STMfirmware/SpearModbusDMASpear/build_native/SpearModbusDMASpear/Middlewares/ST/STM32_USB_Device_Library/Class/CDC/Src/usbd_cdc.o
                0x0000000008007c9c                USBD_CDC_RegisterInterface
 .text.USBD_CDC_SetTxBuffer
                0x0000000008007caa       0x16 /home/lcm/github/spear/spear-code/firmware/STMfirmware/SpearModbusDMASpear/build_native/SpearModbusDMASpear/Middlewares/ST/STM32_USB_Device_Library/Class/CDC/Src/usbd_cdc.o
                0x0000000008007caa                USBD_CDC_SetTxBuffer
 .text.USBD_CDC_SetRxBuffer
                0x0000000008007cc0       0x12 /home/lcm/github/spear/spear-code/firmware/STMfirmware/SpearModbusDMASpear/build_native/SpearModbusDMASpear/Middlewares/ST/STM32_USB_Device_Library/Class/CDC/Src/usbd_cdc.o
                0x0000000008007cc0                USBD_CDC_SetRxBuffer
 .text.USBD_CDC_TransmitPacket
                0x0000000008007cd2       0x34 /home/lcm/github/spear/spear-code/firmware/STMfirmware/SpearModbusDMASpear/build_native/SpearModbusDMASpear/Middlewares/ST/STM32_USB_Device_Library/Class/CDC/Src/usbd_cdc.o
                0x0000000008007cd2                USBD_CDC_TransmitPacket
 .text.USBD_CDC_ReceivePacket
                0x0000000008007d06       0x2a /home/lcm/github/spear/spear-code/firmware/STMfirmware/SpearModbusDMASpear/build_native/SpearModbusDMASpear/Middlewares/ST/STM32_USB_Device_Library/Class/CDC/Src/usbd_cdc.o
                0x0000000008007d06                USBD_CDC_ReceivePacket
 .text.USBD_Init
                0x0000000008007d30       0x28 /home/lcm/github/spear/spear-code/firmware/STMfirmware/SpearModbusDMASpear/build_native/SpearModbusDMASpear/Middlewares/ST/STM32_USB_Device_Library/Core/Src/usbd_core.o
                0x0000000008007d30                USBD_Init
 .text.USBD_RegisterClass
                0x0000000008007d58       0x2e /home/lcm/github/spear/spear-code/firmware/STMfirmware/SpearModbusDMASpear/build_native/SpearModbusDMASpear/Middlewares/ST/STM32_USB_Device_Library/Core/Src/usbd_core.o
                0x0000000008007d58                USBD_RegisterClass
 .text.USBD_Start
                0x0000000008007d86        0x4 /home/lcm/github/spear/spear-code/firmware/STMfirmware/SpearModbusDMASpear/build_native/SpearModbusDMASpear/Middlewares/ST/STM32_USB_Device_Library/Core/Src/usbd_core.o
                0x0000000008007d86                USBD_Start
 .text.USBD_SetClassConfig
                0x0000000008007d8a       0x14 /home/lcm/github/spear/spear-code/firmware/STMfirmware/SpearModbusDMASpear/build_native/SpearModbusDMASpear/Middlewares/ST/STM32_USB_Device_Library/Core/Src/usbd_core.o
                0x0000000008007d8a                USBD_SetClassConfig
 .text.USBD_ClrClassConfig
                0x0000000008007d9e       0x12 /home/lcm/github/spear/spear-code/firmware/STMfirmware/SpearModbusDMASpear/build_native/SpearModbusDMASpear/Middlewares/ST/STM32_USB_Device_Library/Core/Src/usbd_core.o
                0x0000000008007d9e                USBD_ClrClassConfig
 .text.USBD_LL_SetupStage
                0x0000000008007db0       0x62 /home/lcm/github/spear/spear-code/firmware/STMfirmware/SpearModbusDMASpear/build_native/SpearModbusDMASpear/Middlewares/ST/STM32_USB_Device_Library/Core/Src/usbd_core.o
                0x0000000008007db0                USBD_LL_SetupStage
 .text.USBD_LL_DataOutStage
                0x0000000008007e12       0x64 /home/lcm/github/spear/spear-code/firmware/STMfirmware/SpearModbusDMASpear/build_native/SpearModbusDMASpear/Middlewares/ST/STM32_USB_Device_Library/Core/Src/usbd_core.o
                0x0000000008007e12                USBD_LL_DataOutStage
 .text.USBD_LL_DataInStage
                0x0000000008007e76       0xa2 /home/lcm/github/spear/spear-code/firmware/STMfirmware/SpearModbusDMASpear/build_native/SpearModbusDMASpear/Middlewares/ST/STM32_USB_Device_Library/Core/Src/usbd_core.o
                0x0000000008007e76                USBD_LL_DataInStage
 .text.USBD_LL_Reset
                0x0000000008007f18       0x6c /home/lcm/github/spear/spear-code/firmware/STMfirmware/SpearModbusDMASpear/build_native/SpearModbusDMASpear/Middlewares/ST/STM32_USB_Device_Library/Core/Src/usbd_core.o
                0x0000000008007f18                USBD_LL_Reset
 .text.USBD_LL_SetSpeed
                0x0000000008007f84        0x8 /home/lcm/github/spear/spear-code/firmware/STMfirmware/SpearModbusDMASpear/build_native/SpearModbusDMASpear/Middlewares/ST/STM32_USB_Device_Library/Core/Src/usbd_core.o
                0x0000000008007f84                USBD_LL_SetSpeed
 .text.USBD_LL_Suspend
                0x0000000008007f8c       0x14 /home/lcm/github/spear/spear-code/firmware/STMfirmware/SpearModbusDMASpear/build_native/SpearModbusDMASpear/Middlewares/ST/STM32_USB_Device_Library/Core/Src/usbd_core.o
                0x0000000008007f8c                USBD_LL_Suspend
 .text.USBD_LL_Resume
                0x0000000008007fa0       0x14 /home/lcm/github/spear/spear-code/firmware/STMfirmware/SpearModbusDMASpear/build_native/SpearModbusDMASpear/Middlewares/ST/STM32_USB_Device_Library/Core/Src/usbd_core.o
                0x0000000008007fa0                USBD_LL_Resume
 .text.USBD_LL_SOF
                0x0000000008007fb4       0x20 /home/lcm/github/spear/spear-code/firmware/STMfirmware/SpearModbusDMASpear/build_native/SpearModbusDMASpear/Middlewares/ST/STM32_USB_Device_Library/Core/Src/usbd_core.o
                0x0000000008007fb4                USBD_LL_SOF
 .text.USBD_LL_IsoINIncomplete
                0x0000000008007fd4       0x20 /home/lcm/github/spear/spear-code/firmware/STMfirmware/SpearModbusDMASpear/build_native/SpearModbusDMASpear/Middlewares/ST/STM32_USB_Device_Library/Core/Src/usbd_core.o
                0x0000000008007fd4                USBD_LL_IsoINIncomplete
 .text.USBD_LL_IsoOUTIncomplete
                0x0000000008007ff4       0x20 /home/lcm/github/spear/spear-code/firmware/STMfirmware/SpearModbusDMASpear/build_native/SpearModbusDMASpear/Middlewares/ST/STM32_USB_Device_Library/Core/Src/usbd_core.o
                0x0000000008007ff4                USBD_LL_IsoOUTIncomplete
 .text.USBD_LL_DevConnected
                0x0000000008008014        0x4 /home/lcm/github/spear/spear-code/firmware/STMfirmware/SpearModbusDMASpear/build_native/SpearModbusDMASpear/Middlewares/ST/STM32_USB_Device_Library/Core/Src/usbd_core.o
                0x0000000008008014                USBD_LL_DevConnected
 .text.USBD_LL_DevDisconnected
                0x0000000008008018       0x1a /home/lcm/github/spear/spear-code/firmware/STMfirmware/SpearModbusDMASpear/build_native/SpearModbusDMASpear/Middlewares/ST/STM32_USB_Device_Library/Core/Src/usbd_core.o
                0x0000000008008018                USBD_LL_DevDisconnected
 *fill*         0x0000000008008032        0x2 
 .text.USBD_StdDevReq
                0x0000000008008034      0x2ee /home/lcm/github/spear/spear-code/firmware/STMfirmware/SpearModbusDMASpear/build_native/SpearModbusDMASpear/Middlewares/ST/STM32_USB_Device_Library/Core/Src/usbd_ctlreq.o
                0x0000000008008034                USBD_StdDevReq
 .text.USBD_CtlError
                0x0000000008008322       0x18 /home/lcm/github/spear/spear-code/firmware/STMfirmware/SpearModbusDMASpear/build_native/SpearModbusDMASpear/Middlewares/ST/STM32_USB_Device_Library/Core/Src/usbd_ctlreq.o
                0x0000000008008322                USBD_CtlError
 .text.USBD_StdItfReq
                0x000000000800833a       0x66 /home/lcm/github/spear/spear-code/firmware/STMfirmware/SpearModbusDMASpear/build_native/SpearModbusDMASpear/Middlewares/ST/STM32_USB_Device_Library/Core/Src/usbd_ctlreq.o
                0x000000000800833a                USBD_StdItfReq
 .text.USBD_StdEPReq
                0x00000000080083a0      0x148 /home/lcm/github/spear/spear-code/firmware/STMfirmware/SpearModbusDMASpear/build_native/SpearModbusDMASpear/Middlewares/ST/STM32_USB_Device_Library/Core/Src/usbd_ctlreq.o
                0x00000000080083a0                USBD_StdEPReq
 .text.USBD_ParseSetupRequest
                0x00000000080084e8       0x28 /home/lcm/github/spear/spear-code/firmware/STMfirmware/SpearModbusDMASpear/build_native/SpearModbusDMASpear/Middlewares/ST/STM32_USB_Device_Library/Core/Src/usbd_ctlreq.o
                0x00000000080084e8                USBD_ParseSetupRequest
 .text.USBD_GetString
                0x0000000008008510       0x64 /home/lcm/github/spear/spear-code/firmware/STMfirmware/SpearModbusDMASpear/build_native/SpearModbusDMASpear/Middlewares/ST/STM32_USB_Device_Library/Core/Src/usbd_ctlreq.o
                0x0000000008008510                USBD_GetString
 .text.USBD_CtlSendData
                0x0000000008008574       0x1c /home/lcm/github/spear/spear-code/firmware/STMfirmware/SpearModbusDMASpear/build_native/SpearModbusDMASpear/Middlewares/ST/STM32_USB_Device_Library/Core/Src/usbd_ioreq.o
                0x0000000008008574                USBD_CtlSendData
 .text.USBD_CtlContinueSendData
                0x0000000008008590       0x12 /home/lcm/github/spear/spear-code/firmware/STMfirmware/SpearModbusDMASpear/build_native/SpearModbusDMASpear/Middlewares/ST/STM32_USB_Device_Library/Core/Src/usbd_ioreq.o
                0x0000000008008590                USBD_CtlContinueSendData
 .text.USBD_CtlPrepareRx
                0x00000000080085a2       0x20 /home/lcm/github/spear/spear-code/firmware/STMfirmware/SpearModbusDMASpear/build_native/SpearModbusDMASpear/Middlewares/ST/STM32_USB_Device_Library/Core/Src/usbd_ioreq.o
                0x00000000080085a2                USBD_CtlPrepareRx
 .text.USBD_CtlContinueRx
                0x00000000080085c2       0x12 /home/lcm/github/spear/spear-code/firmware/STMfirmware/SpearModbusDMASpear/build_native/SpearModbusDMASpear/Middlewares/ST/STM32_USB_Device_Library/Core/Src/usbd_ioreq.o
                0x00000000080085c2                USBD_CtlContinueRx
 .text.USBD_CtlSendStatus
                0x00000000080085d4       0x18 /home/lcm/github/spear/spear-code/firmware/STMfirmware/SpearModbusDMASpear/build_native/SpearModbusDMASpear/Middlewares/ST/STM32_USB_Device_Library/Core/Src/usbd_ioreq.o
                0x00000000080085d4                USBD_CtlSendStatus
 .text.USBD_CtlReceiveStatus
                0x00000000080085ec       0x18 /home/lcm/github/spear/spear-code/firmware/STMfirmware/SpearModbusDMASpear/build_native/SpearModbusDMASpear/Middlewares/ST/STM32_USB_Device_Library/Core/Src/usbd_ioreq.o
                0x00000000080085ec                USBD_CtlReceiveStatus
 .text.Reset_Handler
                0x0000000008008604       0x50 /home/lcm/github/spear/spear-code/firmware/STMfirmware/SpearModbusDMASpear/build_native/SpearModbusDMASpear/Core/Startup/startup_stm32h743zitx.o
                0x0000000008008604                Reset_Handler
 .text.Default_Handler
                0x0000000008008654        0x2 /home/lcm/github/spear/spear-code/firmware/STMfirmware/SpearModbusDMASpear/build_native/SpearModbusDMASpear/Core/Startup/startup_stm32h743zitx.o
                0x0000000008008654                RTC_Alarm_IRQHandler
                0x0000000008008654                EXTI2_IRQHandler
                0x0000000008008654                TIM8_CC_IRQHandler
                0x0000000008008654                HRTIM1_Master_IRQHandler
                0x0000000008008654                UART8_IRQHandler
                0x0000000008008654                SPI4_IRQHandler
                0x0000000008008654                TIM1_CC_IRQHandler
                0x0000000008008654                BDMA_Channel6_IRQHandler
                0x0000000008008654                DMA2_Stream5_IRQHandler