Archive member included to satisfy reference by file (symbol)

/home/ubuntu/arm-toolchain/bin/../lib/gcc/arm-none-eabi/11.3.1/thumb/v7e-m+dp/hard/libgcc.a(_aeabi_uldivmod.o)
                              /home/ubuntu/STMfirmware/SpearSynthetic/build_symcc/SpearSynthetic/Drivers/STM32H7xx_HAL_Driver/Src/stm32h7xx_hal_uart.o (__aeabi_uldivmod)
/home/ubuntu/arm-toolchain/bin/../lib/gcc/arm-none-eabi/11.3.1/thumb/v7e-m+dp/hard/libgcc.a(_udivmoddi4.o)
                              /home/ubuntu/arm-toolchain/bin/../lib/gcc/arm-none-eabi/11.3.1/thumb/v7e-m+dp/hard/libgcc.a(_aeabi_uldivmod.o) (__udivmoddi4)
/home/ubuntu/arm-toolchain/bin/../lib/gcc/arm-none-eabi/11.3.1/thumb/v7e-m+dp/hard/libgcc.a(unwind-arm.o)
                              /home/ubuntu/STMfirmware/SpearSynthetic/build_symcc/SpearSynthetic/Target/Src/libcgc.o (__aeabi_unwind_cpp_pr0)
/home/ubuntu/arm-toolchain/bin/../lib/gcc/arm-none-eabi/11.3.1/thumb/v7e-m+dp/hard/libgcc.a(libunwind.o)
                              /home/ubuntu/arm-toolchain/bin/../lib/gcc/arm-none-eabi/11.3.1/thumb/v7e-m+dp/hard/libgcc.a(unwind-arm.o) (restore_core_regs)
/home/ubuntu/arm-toolchain/bin/../lib/gcc/arm-none-eabi/11.3.1/thumb/v7e-m+dp/hard/libgcc.a(pr-support.o)
                              /home/ubuntu/arm-toolchain/bin/../lib/gcc/arm-none-eabi/11.3.1/thumb/v7e-m+dp/hard/libgcc.a(unwind-arm.o) (__gnu_unwind_execute)
/home/ubuntu/arm-toolchain/bin/../lib/gcc/arm-none-eabi/11.3.1/thumb/v7e-m+dp/hard/libgcc.a(_dvmd_tls.o)
                              /home/ubuntu/arm-toolchain/bin/../lib/gcc/arm-none-eabi/11.3.1/thumb/v7e-m+dp/hard/libgcc.a(_aeabi_uldivmod.o) (__aeabi_ldiv0)
/home/ubuntu/arm-toolchain/bin/../arm-none-eabi/lib/thumb/v7e-m+dp/hard/libc_nano.a(libc_a-exit.o)
                              /home/ubuntu/arm-toolchain/bin/../lib/gcc/arm-none-eabi/11.3.1/../../../../arm-none-eabi/lib/thumb/v7e-m+dp/hard/crt0.o (exit)
/home/ubuntu/arm-toolchain/bin/../arm-none-eabi/lib/thumb/v7e-m+dp/hard/libc_nano.a(libc_a-init.o)
                              /home/ubuntu/arm-toolchain/bin/../lib/gcc/arm-none-eabi/11.3.1/../../../../arm-none-eabi/lib/thumb/v7e-m+dp/hard/crt0.o (__libc_init_array)
/home/ubuntu/arm-toolchain/bin/../arm-none-eabi/lib/thumb/v7e-m+dp/hard/libc_nano.a(libc_a-aeabi_memcpy.o)
                              /home/ubuntu/STMfirmware/SpearSynthetic/build_symcc/SpearSynthetic/Target/Src/libcgc.o (__aeabi_memcpy)
/home/ubuntu/arm-toolchain/bin/../arm-none-eabi/lib/thumb/v7e-m+dp/hard/libc_nano.a(libc_a-nano-vfprintf_float.o)
                              (_printf_float)
/home/ubuntu/arm-toolchain/bin/../arm-none-eabi/lib/thumb/v7e-m+dp/hard/libc_nano.a(libc_a-nano-vfprintf_i.o)
                              /home/ubuntu/arm-toolchain/bin/../arm-none-eabi/lib/thumb/v7e-m+dp/hard/libc_nano.a(libc_a-nano-vfprintf_float.o) (_printf_common)
/home/ubuntu/arm-toolchain/bin/../arm-none-eabi/lib/thumb/v7e-m+dp/hard/libc_nano.a(libc_a-puts.o)
                              /home/ubuntu/STMfirmware/SpearSynthetic/build_symcc/Common/Protocol/monitor.o (puts)
/home/ubuntu/arm-toolchain/bin/../arm-none-eabi/lib/thumb/v7e-m+dp/hard/libc_nano.a(libc_a-impure.o)
                              /home/ubuntu/arm-toolchain/bin/../arm-none-eabi/lib/thumb/v7e-m+dp/hard/libc_nano.a(libc_a-puts.o) (_impure_ptr)
/home/ubuntu/arm-toolchain/bin/../arm-none-eabi/lib/thumb/v7e-m+dp/hard/libc_nano.a(libc_a-aeabi_memset-soft.o)
                              /home/ubuntu/STMfirmware/SpearSynthetic/build_symcc/Common/FreeRTOS-Kernel/stream_buffer.o (__aeabi_memset)
/home/ubuntu/arm-toolchain/bin/../arm-none-eabi/lib/thumb/v7e-m+dp/hard/libc_nano.a(libc_a-aeabi_memclr.o)
                              /home/ubuntu/STMfirmware/SpearSynthetic/build_symcc/SpearSynthetic/Target/Src/stdlib.o (__aeabi_memclr)
/home/ubuntu/arm-toolchain/bin/../arm-none-eabi/lib/thumb/v7e-m+dp/hard/libc_nano.a(libc_a-memchr.o)
                              /home/ubuntu/arm-toolchain/bin/../arm-none-eabi/lib/thumb/v7e-m+dp/hard/libc_nano.a(libc_a-nano-vfprintf_i.o) (memchr)
/home/ubuntu/arm-toolchain/bin/../arm-none-eabi/lib/thumb/v7e-m+dp/hard/libc_nano.a(libc_a-memcpy-stub.o)
                              /home/ubuntu/arm-toolchain/bin/../lib/gcc/arm-none-eabi/11.3.1/thumb/v7e-m+dp/hard/libgcc.a(unwind-arm.o) (memcpy)
/home/ubuntu/arm-toolchain/bin/../arm-none-eabi/lib/thumb/v7e-m+dp/hard/libc_nano.a(libc_a-strlen.o)
                              /home/ubuntu/arm-toolchain/bin/../arm-none-eabi/lib/thumb/v7e-m+dp/hard/libc_nano.a(libc_a-nano-vfprintf_float.o) (strlen)
/home/ubuntu/arm-toolchain/bin/../arm-none-eabi/lib/thumb/v7e-m+dp/hard/libc_nano.a(libc_a-malloc.o)
                              /home/ubuntu/STMfirmware/SpearSynthetic/build_symcc/SpearSynthetic/Target/Src/libcgc.o (free)
/home/ubuntu/arm-toolchain/bin/../arm-none-eabi/lib/thumb/v7e-m+dp/hard/libc_nano.a(libc_a-mallocr.o)
[...]
Memory Configuration

Name             Origin             Length             Attributes
FLASH            0x0000000008000000 0x0000000000200000 xr
DTCMRAM          0x0000000020000000 0x0000000000020000 xrw
RAM_D1           0x0000000024000000 0x0000000000080000 xrw
RAM_D2           0x0000000030000000 0x0000000000048000 xrw
RAM_D3           0x0000000038000000 0x0000000000010000 xrw
ITCMRAM          0x0000000000000000 0x0000000000010000 xrw
*default*        0x0000000000000000 0xffffffffffffffff

Linker script and memory map

LOAD /home/ubuntu/arm-toolchain/bin/../lib/gcc/arm-none-eabi/11.3.1/thumb/v7e-m+dp/hard/crti.o
LOAD /home/ubuntu/arm-toolchain/bin/../lib/gcc/arm-none-eabi/11.3.1/thumb/v7e-m+dp/hard/crtbegin.o
LOAD /home/ubuntu/arm-toolchain/bin/../lib/gcc/arm-none-eabi/11.3.1/../../../../arm-none-eabi/lib/thumb/v7e-m+dp/hard/crt0.o
LOAD /home/ubuntu/STMfirmware/SpearSynthetic/build_symcc/SpearSynthetic/Core/Src/main.o
LOAD /home/ubuntu/STMfirmware/SpearSynthetic/build_symcc/SpearSynthetic/Core/Src/stm32h7xx_hal_timebase_tim.o
LOAD /home/ubuntu/STMfirmware/SpearSynthetic/build_symcc/SpearSynthetic/Core/Src/syscalls.o
LOAD /home/ubuntu/STMfirmware/SpearSynthetic/build_symcc/SpearSynthetic/Core/Src/system_stm32h7xx.o
LOAD /home/ubuntu/STMfirmware/SpearSynthetic/build_symcc/SpearSynthetic/Core/Src/stm32h7xx_hal_msp.o
LOAD /home/ubuntu/STMfirmware/SpearSynthetic/build_symcc/SpearSynthetic/Core/Src/stm32h7xx_it.o
LOAD /home/ubuntu/STMfirmware/SpearSynthetic/build_symcc/SpearSynthetic/Core/Src/sysmem.o
LOAD /home/ubuntu/STMfirmware/SpearSynthetic/build_symcc/SpearSynthetic/Drivers/STM32H7xx_HAL_Driver/Src/stm32h7xx_hal.o
LOAD /home/ubuntu/STMfirmware/SpearSynthetic/build_symcc/SpearSynthetic/Drivers/STM32H7xx_HAL_Driver/Src/stm32h7xx_hal_cortex.o
LOAD /home/ubuntu/STMfirmware/SpearSynthetic/build_symcc/SpearSynthetic/Drivers/STM32H7xx_HAL_Driver/Src/stm32h7xx_hal_dma.o
LOAD /home/ubuntu/STMfirmware/SpearSynthetic/build_symcc/SpearSynthetic/Drivers/STM32H7xx_HAL_Driver/Src/stm32h7xx_hal_dma_ex.o
LOAD /home/ubuntu/STMfirmware/SpearSynthetic/build_symcc/SpearSynthetic/Drivers/STM32H7xx_HAL_Driver/Src/stm32h7xx_hal_exti.o
LOAD /home/ubuntu/STMfirmware/SpearSynthetic/build_symcc/SpearSynthetic/Drivers/STM32H7xx_HAL_Driver/Src/stm32h7xx_hal_flash.o
LOAD /home/ubuntu/STMfirmware/SpearSynthetic/build_symcc/SpearSynthetic/Drivers/STM32H7xx_HAL_Driver/Src/stm32h7xx_hal_flash_ex.o
LOAD /home/ubuntu/STMfirmware/SpearSynthetic/build_symcc/SpearSynthetic/Drivers/STM32H7xx_HAL_Driver/Src/stm32h7xx_hal_gpio.o
LOAD /home/ubuntu/STMfirmware/SpearSynthetic/build_symcc/SpearSynthetic/Drivers/STM32H7xx_HAL_Driver/Src/stm32h7xx_hal_hsem.o
LOAD /home/ubuntu/STMfirmware/SpearSynthetic/build_symcc/SpearSynthetic/Drivers/STM32H7xx_HAL_Driver/Src/stm32h7xx_hal_i2c.o
LOAD /home/ubuntu/STMfirmware/SpearSynthetic/build_symcc/SpearSynthetic/Drivers/STM32H7xx_HAL_Driver/Src/stm32h7xx_hal_i2c_ex.o
LOAD /home/ubuntu/STMfirmware/SpearSynthetic/build_symcc/SpearSynthetic/Drivers/STM32H7xx_HAL_Driver/Src/stm32h7xx_hal_mdma.o
LOAD /home/ubuntu/STMfirmware/SpearSynthetic/build_symcc/SpearSynthetic/Drivers/STM32H7xx_HAL_Driver/Src/stm32h7xx_hal_pcd.o
LOAD /home/ubuntu/STMfirmware/SpearSynthetic/build_symcc/SpearSynthetic/Drivers/STM32H7xx_HAL_Driver/Src/stm32h7xx_hal_pcd_ex.o
LOAD /home/ubuntu/STMfirmware/SpearSynthetic/build_symcc/SpearSynthetic/Drivers/STM32H7xx_HAL_Driver/Src/stm32h7xx_hal_pwr.o
LOAD /home/ubuntu/STMfirmware/SpearSynthetic/build_symcc/SpearSynthetic/Drivers/STM32H7xx_HAL_Driver/Src/stm32h7xx_hal_pwr_ex.o
LOAD /home/ubuntu/STMfirmware/SpearSynthetic/build_symcc/SpearSynthetic/Drivers/STM32H7xx_HAL_Driver/Src/stm32h7xx_hal_rcc.o
LOAD /home/ubuntu/STMfirmware/SpearSynthetic/build_symcc/SpearSynthetic/Drivers/STM32H7xx_HAL_Driver/Src/stm32h7xx_hal_rcc_ex.o
LOAD /home/ubuntu/STMfirmware/SpearSynthetic/build_symcc/SpearSynthetic/Drivers/STM32H7xx_HAL_Driver/Src/stm32h7xx_hal_tim.o
LOAD /home/ubuntu/STMfirmware/SpearSynthetic/build_symcc/SpearSynthetic/Drivers/STM32H7xx_HAL_Driver/Src/stm32h7xx_hal_tim_ex.o
LOAD /home/ubuntu/STMfirmware/SpearSynthetic/build_symcc/SpearSynthetic/Drivers/STM32H7xx_HAL_Driver/Src/stm32h7xx_hal_uart.o
LOAD /home/ubuntu/STMfirmware/SpearSynthetic/build_symcc/SpearSynthetic/Drivers/STM32H7xx_HAL_Driver/Src/stm32h7xx_hal_uart_ex.o
LOAD /home/ubuntu/STMfirmware/SpearSynthetic/build_symcc/SpearSynthetic/Drivers/STM32H7xx_HAL_Driver/Src/stm32h7xx_ll_usb.o
LOAD /home/ubuntu/STMfirmware/SpearSynthetic/build_symcc/SpearSynthetic/Target/Src/libcgc.o
LOAD /home/ubuntu/STMfirmware/SpearSynthetic/build_symcc/SpearSynthetic/Target/Src/mymath.o
LOAD /home/ubuntu/STMfirmware/SpearSynthetic/build_symcc/SpearSynthetic/Target/Src/printf.o
LOAD /home/ubuntu/STMfirmware/SpearSynthetic/build_symcc/SpearSynthetic/Target/Src/service.o
LOAD /home/ubuntu/STMfirmware/SpearSynthetic/build_symcc/SpearSynthetic/Target/Src/stdlib.o
LOAD /home/ubuntu/STMfirmware/SpearSynthetic/build_symcc/Common/FreeRTOS-Kernel/tasks.o
LOAD /home/ubuntu/STMfirmware/SpearSynthetic/build_symcc/Common/FreeRTOS-Kernel/stream_buffer.o
LOAD /home/ubuntu/STMfirmware/SpearSynthetic/build_symcc/Common/FreeRTOS-Kernel/queue.o
LOAD /home/ubuntu/STMfirmware/SpearSynthetic/build_symcc/Common/FreeRTOS-Kernel/croutine.o
LOAD /home/ubuntu/STMfirmware/SpearSynthetic/build_symcc/Common/FreeRTOS-Kernel/event_groups.o
LOAD /home/ubuntu/STMfirmware/SpearSynthetic/build_symcc/Common/FreeRTOS-Kernel/timers.o
LOAD /home/ubuntu/STMfirmware/SpearSynthetic/build_symcc/Common/FreeRTOS-Kernel/list.o
LOAD /home/ubuntu/STMfirmware/SpearSynthetic/build_symcc/Common/FreeRTOS-Kernel/portable/GCC/ARM_CM4F/port.o
LOAD /home/ubuntu/STMfirmware/SpearSynthetic/build_symcc/Common/FreeRTOS-Kernel/portable/MemMang/heap_4.o
LOAD /home/ubuntu/STMfirmware/SpearSynthetic/build_symcc/Common/SymRuntime/runtime.o
LOAD /home/ubuntu/STMfirmware/SpearSynthetic/build_symcc/Common/Protocol/monitor.o
LOAD /home/ubuntu/STMfirmware/SpearSynthetic/build_symcc/Common/Protocol/protocol.o
LOAD /home/ubuntu/STMfirmware/SpearSynthetic/build_symcc/Common/Protocol/ring.o
LOAD /home/ubuntu/STMfirmware/SpearSynthetic/build_symcc/SpearSynthetic/USB_DEVICE/App/usb_device.o
LOAD /home/ubuntu/STMfirmware/SpearSynthetic/build_symcc/SpearSynthetic/USB_DEVICE/App/usbd_cdc_if.o
LOAD /home/ubuntu/STMfirmware/SpearSynthetic/build_symcc/SpearSynthetic/USB_DEVICE/App/usbd_desc.o
LOAD /home/ubuntu/STMfirmware/SpearSynthetic/build_symcc/SpearSynthetic/USB_DEVICE/Target/usbd_conf.o
LOAD /home/ubuntu/STMfirmware/SpearSynthetic/build_symcc/SpearSynthetic/Middlewares/ST/STM32_USB_Device_Library/Class/CDC/Src/usbd_cdc.o
LOAD /home/ubuntu/STMfirmware/SpearSynthetic/build_symcc/SpearSynthetic/Middlewares/ST/STM32_USB_Device_Library/Core/Src/usbd_core.o
LOAD /home/ubuntu/STMfirmware/SpearSynthetic/build_symcc/SpearSynthetic/Middlewares/ST/STM32_USB_Device_Library/Core/Src/usbd_ctlreq.o
LOAD /home/ubuntu/STMfirmware/SpearSynthetic/build_symcc/SpearSynthetic/Middlewares/ST/STM32_USB_Device_Library/Core/Src/usbd_ioreq.o
LOAD /home/ubuntu/STMfirmware/SpearSynthetic/build_symcc/SpearSynthetic/Core/Startup/startup_stm32h743zitx.o
LOAD /home/ubuntu/arm-toolchain/bin/../lib/gcc/arm-none-eabi/11.3.1/thumb/v7e-m+dp/hard/libgcc.a
START GROUP
LOAD /home/ubuntu/arm-toolchain/bin/../arm-none-eabi/lib/thumb/v7e-m+dp/hard/libc_nano.a
LOAD /home/ubuntu/arm-toolchain/bin/../arm-none-eabi/lib/thumb/v7e-m+dp/hard/libm.a
END GROUP
START GROUP
LOAD /home/ubuntu/arm-toolchain/bin/../lib/gcc/arm-none-eabi/11.3.1/thumb/v7e-m+dp/hard/libgcc.a
LOAD /home/ubuntu/arm-toolchain/bin/../arm-none-eabi/lib/thumb/v7e-m+dp/hard/libc_nano.a
END GROUP
START GROUP
LOAD /home/ubuntu/arm-toolchain/bin/../lib/gcc/arm-none-eabi/11.3.1/thumb/v7e-m+dp/hard/libgcc.a
LOAD /home/ubuntu/arm-toolchain/bin/../arm-none-eabi/lib/thumb/v7e-m+dp/hard/libc_nano.a
LOAD /home/ubuntu/arm-toolchain/bin/../arm-none-eabi/lib/thumb/v7e-m+dp/hard/libnosys.a
END GROUP
START GROUP
LOAD /home/ubuntu/arm-toolchain/bin/../lib/gcc/arm-none-eabi/11.3.1/thumb/v7e-m+dp/hard/libgcc.a
LOAD /home/ubuntu/arm-toolchain/bin/../arm-none-eabi/lib/thumb/v7e-m+dp/hard/libc_nano.a
LOAD /home/ubuntu/arm-toolchain/bin/../arm-none-eabi/lib/thumb/v7e-m+dp/hard/libnosys.a
END GROUP
LOAD /home/ubuntu/arm-toolchain/bin/../lib/gcc/arm-none-eabi/11.3.1/thumb/v7e-m+dp/hard/crtend.o
LOAD /home/ubuntu/arm-toolchain/bin/../lib/gcc/arm-none-eabi/11.3.1/thumb/v7e-m+dp/hard/crtn.o
                0x0000000024080000                _estack = (ORIGIN (RAM_D1) + LENGTH (RAM_D1))
                0x0000000000000200                _Min_Heap_Size = 0x200
                0x0000000000000400                _Min_Stack_Size = 0x400

.isr_vector     0x0000000008000000      0x298
                0x0000000008000000                . = ALIGN (0x4)
 *(.isr_vector)
 .isr_vector    0x0000000008000000      0x298 /home/ubuntu/STMfirmware/SpearSynthetic/build_symcc/SpearSynthetic/Core/Startup/startup_stm32h743zitx.o
                0x0000000008000000                g_pfnVectors
                0x0000000008000298                . = ALIGN (0x4)

.text           0x00000000080002a0    0x14318
                0x00000000080002a0                . = ALIGN (0x4)
 *(.text)
 .text          0x00000000080002a0      0x678 /home/ubuntu/STMfirmware/SpearSynthetic/build_symcc/SpearSynthetic/Target/Src/libcgc.o
                0x00000000080002a0                transmit
                0x00000000080002ba                receive_cgc
                0x0000000008000736                allocate_cgc
                0x00000000080008c6                deallocate_cgc
 .text          0x0000000008000918      0x488 /home/ubuntu/STMfirmware/SpearSynthetic/build_symcc/SpearSynthetic/Target/Src/mymath.o
                0x0000000008000918                floor
                0x0000000008000a58                round_away_from_zero
                0x0000000008000b88                round_cgc
 .text          0x0000000008000da0      0xfe8 /home/ubuntu/STMfirmware/SpearSynthetic/build_symcc/SpearSynthetic/Target/Src/printf.o
                0x0000000008000da0                putc
                0x0000000008000e20                int_to_str
                0x0000000008001308                float_to_str
 .text          0x0000000008001d88     0x3e76 /home/ubuntu/STMfirmware/SpearSynthetic/build_symcc/SpearSynthetic/Target/Src/service.o
                0x0000000008001d88                list_users
                0x0000000008001efc                init_users
                0x0000000008002086                create_user
                0x0000000008002816                init_manager
                0x00000000080029a0                add_message
                0x0000000008002d7c                create_message
                0x00000000080032e2                delete_message
                0x00000000080036de                read_message
                0x0000000008003c78                list_unread_messages
                0x0000000008004368                list_messages
                0x0000000008004536                get_user
                0x0000000008004772                send_user_message
                0x0000000008004ad0                handle_loggedin
                0x0000000008005448                handle_menu
                0x0000000008005bc8                test
 *fill*         0x0000000008005bfe        0x2 
 .text          0x0000000008005c00     0x2810 /home/ubuntu/STMfirmware/SpearSynthetic/build_symcc/SpearSynthetic/Target/Src/stdlib.o
                0x0000000008005c00                isspace
                0x0000000008005d28                isdigit
                0x0000000008005da0                isnan
                0x0000000008005e10                isinf
                0x0000000008005e90                atof
                0x0000000008006500                atoi
                0x0000000008006a20                strcpy_cgc
                0x0000000008006c8a                bzero_cgc
                0x0000000008006dae                strcmp
                0x000000000800704a                strncat_cgc
                0x0000000008007590                strlen_cgc
                0x00000000080076ee                receive_cgc_until
                0x0000000008007a2a                strcat_cgc
                0x0000000008007e1e                itoa
                0x000000000800824c                puts_cgc
 .text          0x0000000008008410       0x30 /home/ubuntu/arm-toolchain/bin/../lib/gcc/arm-none-eabi/11.3.1/thumb/v7e-m+dp/hard/libgcc.a(_aeabi_uldivmod.o)
                0x0000000008008410                __aeabi_uldivmod
 .text          0x0000000008008440      0x1ac /home/ubuntu/arm-toolchain/bin/../lib/gcc/arm-none-eabi/11.3.1/thumb/v7e-m+dp/hard/libgcc.a(libunwind.o)
                0x0000000008008440                __restore_core_regs
                0x0000000008008440                restore_core_regs
                0x0000000008008458                __gnu_Unwind_Restore_VFP
                0x0000000008008460                __gnu_Unwind_Save_VFP
                0x0000000008008468                __gnu_Unwind_Restore_VFP_D
                0x0000000008008470                __gnu_Unwind_Save_VFP_D
                0x0000000008008478                __gnu_Unwind_Restore_VFP_D_16_to_31
                0x0000000008008480                __gnu_Unwind_Save_VFP_D_16_to_31
                0x0000000008008488                __gnu_Unwind_Restore_WMMXD
                0x00000000080084cc                __gnu_Unwind_Save_WMMXD
                0x0000000008008510                __gnu_Unwind_Restore_WMMXC
                0x0000000008008524                __gnu_Unwind_Save_WMMXC
                0x0000000008008538                ___Unwind_RaiseException
                0x0000000008008538                _Unwind_RaiseException
                0x000000000800855c                ___Unwind_Resume
                0x000000000800855c                _Unwind_Resume
                0x0000000008008580                _Unwind_Resume_or_Rethrow
                0x0000000008008580                ___Unwind_Resume_or_Rethrow
                0x00000000080085a4                ___Unwind_ForcedUnwind
                0x00000000080085a4                _Unwind_ForcedUnwind
                0x00000000080085c8                _Unwind_Backtrace
                0x00000000080085c8                ___Unwind_Backtrace
 .text          0x00000000080085ec        0x4 /home/ubuntu/arm-toolchain/bin/../lib/gcc/arm-none-eabi/11.3.1/thumb/v7e-m+dp/hard/libgcc.a(_dvmd_tls.o)
                0x00000000080085ec                __aeabi_ldiv0
                0x00000000080085ec                __aeabi_idiv0
 .text          0x00000000080085f0       0x9a /home/ubuntu/arm-toolchain/bin/../arm-none-eabi/lib/thumb/v7e-m+dp/hard/libc_nano.a(libc_a-aeabi_memset-soft.o)
                0x00000000080085f0                __aeabi_memset
                0x00000000080085f0                __aeabi_memset8
                0x00000000080085f0                __aeabi_memset4
 *fill*         0x000000000800868a        0x6 
 .text          0x0000000008008690       0xa0 /home/ubuntu/arm-toolchain/bin/../arm-none-eabi/lib/thumb/v7e-m+dp/hard/libc_nano.a(libc_a-memchr.o)
                0x0000000008008690                memchr
 .text          0x0000000008008730       0x10 /home/ubuntu/arm-toolchain/bin/../arm-none-eabi/lib/thumb/v7e-m+dp/hard/libc_nano.a(libc_a-strlen.o)
                0x0000000008008730                strlen
 *(.text*)
 .text.deregister_tm_clones
                0x0000000008008740       0x1c /home/ubuntu/arm-toolchain/bin/../lib/gcc/arm-none-eabi/11.3.1/thumb/v7e-m+dp/hard/crtbegin.o
 .text.register_tm_clones
                0x000000000800875c       0x24 /home/ubuntu/arm-toolchain/bin/../lib/gcc/arm-none-eabi/11.3.1/thumb/v7e-m+dp/hard/crtbegin.o
 .text.__do_global_dtors_aux
                0x0000000008008780       0x28 /home/ubuntu/arm-toolchain/bin/../lib/gcc/arm-none-eabi/11.3.1/thumb/v7e-m+dp/hard/crtbegin.o
 .text.frame_dummy
                0x00000000080087a8       0x24 /home/ubuntu/arm-toolchain/bin/../lib/gcc/arm-none-eabi/11.3.1/thumb/v7e-m+dp/hard/crtbegin.o
 .text.__io_putchar
                0x00000000080087cc       0x20 /home/ubuntu/STMfirmware/SpearSynthetic/build_symcc/SpearSynthetic/Core/Src/main.o
                0x00000000080087cc                __io_putchar
 .text.main     0x00000000080087ec      0x25e /home/ubuntu/STMfirmware/SpearSynthetic/build_symcc/SpearSynthetic/Core/Src/main.o
                0x00000000080087ec                main
 .text.SystemClock_Config
                0x0000000008008a4a       0xbc /home/ubuntu/STMfirmware/SpearSynthetic/build_symcc/SpearSynthetic/Core/Src/main.o
                0x0000000008008a4a                SystemClock_Config
 .text.Error_Handler
                0x0000000008008b06        0x4 /home/ubuntu/STMfirmware/SpearSynthetic/build_symcc/SpearSynthetic/Core/Src/main.o
                0x0000000008008b06                Error_Handler
 .text.HAL_TIM_PeriodElapsedCallback
                0x0000000008008b0a       0x14 /home/ubuntu/STMfirmware/SpearSynthetic/build_symcc/SpearSynthetic/Core/Src/main.o
                0x0000000008008b0a                HAL_TIM_PeriodElapsedCallback
 .text.HAL_InitTick
                0x0000000008008b1e       0x9e /home/ubuntu/STMfirmware/SpearSynthetic/build_symcc/SpearSynthetic/Core/Src/stm32h7xx_hal_timebase_tim.o
                0x0000000008008b1e                HAL_InitTick
 .text._getpid  0x0000000008008bbc        0x4 /home/ubuntu/STMfirmware/SpearSynthetic/build_symcc/SpearSynthetic/Core/Src/syscalls.o
                0x0000000008008bbc                _getpid
 .text._kill    0x0000000008008bc0       0x12 /home/ubuntu/STMfirmware/SpearSynthetic/build_symcc/SpearSynthetic/Core/Src/syscalls.o
                0x0000000008008bc0                _kill
 .text._exit    0x0000000008008bd2        0xe /home/ubuntu/STMfirmware/SpearSynthetic/build_symcc/SpearSynthetic/Core/Src/syscalls.o
                0x0000000008008bd2                _exit
 .text._read    0x0000000008008be0       0x26 /home/ubuntu/STMfirmware/SpearSynthetic/build_symcc/SpearSynthetic/Core/Src/syscalls.o
                0x0000000008008be0                _read
 .text._write   0x0000000008008c06       0x26 /home/ubuntu/STMfirmware/SpearSynthetic/build_symcc/SpearSynthetic/Core/Src/syscalls.o
                0x0000000008008c06                _write
 .text._close   0x0000000008008c2c        0x6 /home/ubuntu/STMfirmware/SpearSynthetic/build_symcc/SpearSynthetic/Core/Src/syscalls.o
                0x0000000008008c2c                _close
 .text._fstat   0x0000000008008c32        0xa /home/ubuntu/STMfirmware/SpearSynthetic/build_symcc/SpearSynthetic/Core/Src/syscalls.o
                0x0000000008008c32                _fstat
 .text._isatty  0x0000000008008c3c        0x4 /home/ubuntu/STMfirmware/SpearSynthetic/build_symcc/SpearSynthetic/Core/Src/syscalls.o
                0x0000000008008c3c                _isatty
 .text._lseek   0x0000000008008c40        0x4 /home/ubuntu/STMfirmware/SpearSynthetic/build_symcc/SpearSynthetic/Core/Src/syscalls.o
                0x0000000008008c40                _lseek
 .text.SystemInit
                0x0000000008008c44       0xcc /home/ubuntu/STMfirmware/SpearSynthetic/build_symcc/SpearSynthetic/Core/Src/system_stm32h7xx.o
                0x0000000008008c44                SystemInit
 .text.HAL_MspInit
                0x0000000008008d10       0x20 /home/ubuntu/STMfirmware/SpearSynthetic/build_symcc/SpearSynthetic/Core/Src/stm32h7xx_hal_msp.o
                0x0000000008008d10                HAL_MspInit
 .text.HAL_UART_MspInit
                0x0000000008008d30       0x98 /home/ubuntu/STMfirmware/SpearSynthetic/build_symcc/SpearSynthetic/Core/Src/stm32h7xx_hal_msp.o
                0x0000000008008d30                HAL_UART_MspInit
 .text.NMI_Handler
                0x0000000008008dc8        0x2 /home/ubuntu/STMfirmware/SpearSynthetic/build_symcc/SpearSynthetic/Core/Src/stm32h7xx_it.o
                0x0000000008008dc8                NMI_Handler
 .text.HardFault_Handler
                0x0000000008008dca        0x2 /home/ubuntu/STMfirmware/SpearSynthetic/build_symcc/SpearSynthetic/Core/Src/stm32h7xx_it.o
                0x0000000008008dca                HardFault_Handler
 .text.MemManage_Handler
                0x0000000008008dcc        0x2 /home/ubuntu/STMfirmware/SpearSynthetic/build_symcc/SpearSynthetic/Core/Src/stm32h7xx_it.o
                0x0000000008008dcc                MemManage_Handler
 .text.BusFault_Handler
                0x0000000008008dce        0x2 /home/ubuntu/STMfirmware/SpearSynthetic/build_symcc/SpearSynthetic/Core/Src/stm32h7xx_it.o
                0x0000000008008dce                BusFault_Handler
 .text.UsageFault_Handler
                0x0000000008008dd0        0x2 /home/ubuntu/STMfirmware/SpearSynthetic/build_symcc/SpearSynthetic/Core/Src/stm32h7xx_it.o
                0x0000000008008dd0                UsageFault_Handler
 .text.DebugMon_Handler
                0x0000000008008dd2        0x2 /home/ubuntu/STMfirmware/SpearSynthetic/build_symcc/SpearSynthetic/Core/Src/stm32h7xx_it.o
                0x0000000008008dd2                DebugMon_Handler
 .text.USART3_IRQHandler
                0x0000000008008dd4        0xc /home/ubuntu/STMfirmware/SpearSynthetic/build_symcc/SpearSynthetic/Core/Src/stm32h7xx_it.o
                0x0000000008008dd4                USART3_IRQHandler
 .text.OTG_FS_IRQHandler
                0x0000000008008de0        0xc /home/ubuntu/STMfirmware/SpearSynthetic/build_symcc/SpearSynthetic/Core/Src/stm32h7xx_it.o
                0x0000000008008de0                OTG_FS_IRQHandler
 .text.TIM17_IRQHandler
                0x0000000008008dec        0xc /home/ubuntu/STMfirmware/SpearSynthetic/build_symcc/SpearSynthetic/Core/Src/stm32h7xx_it.o
                0x0000000008008dec                TIM17_IRQHandler
 .text._sbrk    0x0000000008008df8       0x4c /home/ubuntu/STMfirmware/SpearSynthetic/build_symcc/SpearSynthetic/Core/Src/sysmem.o
                0x0000000008008df8                _sbrk
 .text.HAL_Init
                0x0000000008008e44       0x62 /home/ubuntu/STMfirmware/SpearSynthetic/build_symcc/SpearSynthetic/Drivers/STM32H7xx_HAL_Driver/Src/stm32h7xx_hal.o
                0x0000000008008e44                HAL_Init
 .text.HAL_IncTick
                0x0000000008008ea6       0x1a /home/ubuntu/STMfirmware/SpearSynthetic/build_symcc/SpearSynthetic/Drivers/STM32H7xx_HAL_Driver/Src/stm32h7xx_hal.o
                0x0000000008008ea6                HAL_IncTick
 .text.HAL_GetTick
                0x0000000008008ec0        0xc /home/ubuntu/STMfirmware/SpearSynthetic/build_symcc/SpearSynthetic/Drivers/STM32H7xx_HAL_Driver/Src/stm32h7xx_hal.o
                0x0000000008008ec0                HAL_GetTick
 .text.HAL_Delay
                0x0000000008008ecc       0x28 /home/ubuntu/STMfirmware/SpearSynthetic/build_symcc/SpearSynthetic/Drivers/STM32H7xx_HAL_Driver/Src/stm32h7xx_hal.o
                0x0000000008008ecc                HAL_Delay
 .text.HAL_GetREVID
                0x0000000008008ef4        0xe /home/ubuntu/STMfirmware/SpearSynthetic/build_symcc/SpearSynthetic/Drivers/STM32H7xx_HAL_Driver/Src/stm32h7xx_hal.o
                0x0000000008008ef4                HAL_GetREVID
 .text.HAL_NVIC_SetPriorityGrouping
                0x0000000008008f02       0x20 /home/ubuntu/STMfirmware/SpearSynthetic/build_symcc/SpearSynthetic/Drivers/STM32H7xx_HAL_Driver/Src/stm32h7xx_hal_cortex.o
                0x0000000008008f02                HAL_NVIC_SetPriorityGrouping
 .text.HAL_NVIC_SetPriority
                0x0000000008008f22       0x64 /home/ubuntu/STMfirmware/SpearSynthetic/build_symcc/SpearSynthetic/Drivers/STM32H7xx_HAL_Driver/Src/stm32h7xx_hal_cortex.o
                0x0000000008008f22                HAL_NVIC_SetPriority
 .text.HAL_NVIC_EnableIRQ
                0x0000000008008f86       0x1e /home/ubuntu/STMfirmware/SpearSynthetic/build_symcc/SpearSynthetic/Drivers/STM32H7xx_HAL_Driver/Src/stm32h7xx_hal_cortex.o
                0x0000000008008f86                HAL_NVIC_EnableIRQ
 .text.HAL_DMA_Abort
                0x0000000008008fa4      0x596 /home/ubuntu/STMfirmware/SpearSynthetic/build_symcc/SpearSynthetic/Drivers/STM32H7xx_HAL_Driver/Src/stm32h7xx_hal_dma.o
                0x0000000008008fa4                HAL_DMA_Abort
 .text.HAL_DMA_Abort_IT
                0x000000000800953a      0x290 /home/ubuntu/STMfirmware/SpearSynthetic/build_symcc/SpearSynthetic/Drivers/STM32H7xx_HAL_Driver/Src/stm32h7xx_hal_dma.o
                0x000000000800953a                HAL_DMA_Abort_IT
 .text.HAL_GPIO_Init
                0x00000000080097ca      0x1f0 /home/ubuntu/STMfirmware/SpearSynthetic/build_symcc/SpearSynthetic/Drivers/STM32H7xx_HAL_Driver/Src/stm32h7xx_hal_gpio.o
                0x00000000080097ca                HAL_GPIO_Init
 .text.HAL_GPIO_WritePin
                0x00000000080099ba        0xa /home/ubuntu/STMfirmware/SpearSynthetic/build_symcc/SpearSynthetic/Drivers/STM32H7xx_HAL_Driver/Src/stm32h7xx_hal_gpio.o
                0x00000000080099ba                HAL_GPIO_WritePin
 .text.HAL_PCD_Init
                0x00000000080099c4      0x146 /home/ubuntu/STMfirmware/SpearSynthetic/build_symcc/SpearSynthetic/Drivers/STM32H7xx_HAL_Driver/Src/stm32h7xx_hal_pcd.o
                0x00000000080099c4                HAL_PCD_Init
 .text.HAL_PCD_Start
                0x0000000008009b0a       0x40 /home/ubuntu/STMfirmware/SpearSynthetic/build_symcc/SpearSynthetic/Drivers/STM32H7xx_HAL_Driver/Src/stm32h7xx_hal_pcd.o
                0x0000000008009b0a                HAL_PCD_Start
 .text.HAL_PCD_IRQHandler
                0x0000000008009b4a      0x666 /home/ubuntu/STMfirmware/SpearSynthetic/build_symcc/SpearSynthetic/Drivers/STM32H7xx_HAL_Driver/Src/stm32h7xx_hal_pcd.o
                0x0000000008009b4a                HAL_PCD_IRQHandler
 .text.HAL_PCD_SetAddress
                0x000000000800a1b0       0x2a /home/ubuntu/STMfirmware/SpearSynthetic/build_symcc/SpearSynthetic/Drivers/STM32H7xx_HAL_Driver/Src/stm32h7xx_hal_pcd.o
                0x000000000800a1b0                HAL_PCD_SetAddress
 .text.HAL_PCD_EP_Open
                0x000000000800a1da       0x68 /home/ubuntu/STMfirmware/SpearSynthetic/build_symcc/SpearSynthetic/Drivers/STM32H7xx_HAL_Driver/Src/stm32h7xx_hal_pcd.o
                0x000000000800a1da                HAL_PCD_EP_Open
 .text.HAL_PCD_EP_Close
                0x000000000800a242       0x54 /home/ubuntu/STMfirmware/SpearSynthetic/build_symcc/SpearSynthetic/Drivers/STM32H7xx_HAL_Driver/Src/stm32h7xx_hal_pcd.o
                0x000000000800a242                HAL_PCD_EP_Close
 .text.HAL_PCD_EP_Receive
                0x000000000800a296       0x48 /home/ubuntu/STMfirmware/SpearSynthetic/build_symcc/SpearSynthetic/Drivers/STM32H7xx_HAL_Driver/Src/stm32h7xx_hal_pcd.o
                0x000000000800a296                HAL_PCD_EP_Receive
 .text.HAL_PCD_EP_GetRxCount
                0x000000000800a2de       0x12 /home/ubuntu/STMfirmware/SpearSynthetic/build_symcc/SpearSynthetic/Drivers/STM32H7xx_HAL_Driver/Src/stm32h7xx_hal_pcd.o
                0x000000000800a2de                HAL_PCD_EP_GetRxCount
 .text.HAL_PCD_EP_Transmit
                0x000000000800a2f0       0x44 /home/ubuntu/STMfirmware/SpearSynthetic/build_symcc/SpearSynthetic/Drivers/STM32H7xx_HAL_Driver/Src/stm32h7xx_hal_pcd.o
                0x000000000800a2f0                HAL_PCD_EP_Transmit
 .text.HAL_PCD_EP_SetStall
                0x000000000800a334       0x70 /home/ubuntu/STMfirmware/SpearSynthetic/build_symcc/SpearSynthetic/Drivers/STM32H7xx_HAL_Driver/Src/stm32h7xx_hal_pcd.o
                0x000000000800a334                HAL_PCD_EP_SetStall
 .text.HAL_PCD_EP_ClrStall
                0x000000000800a3a4       0x62 /home/ubuntu/STMfirmware/SpearSynthetic/build_symcc/SpearSynthetic/Drivers/STM32H7xx_HAL_Driver/Src/stm32h7xx_hal_pcd.o
                0x000000000800a3a4                HAL_PCD_EP_ClrStall
 .text.HAL_PCDEx_SetTxFiFo
                0x000000000800a406       0x4e /home/ubuntu/STMfirmware/SpearSynthetic/build_symcc/SpearSynthetic/Drivers/STM32H7xx_HAL_Driver/Src/stm32h7xx_hal_pcd_ex.o
                0x000000000800a406                HAL_PCDEx_SetTxFiFo
 .text.HAL_PCDEx_SetRxFiFo
                0x000000000800a454        0x8 /home/ubuntu/STMfirmware/SpearSynthetic/build_symcc/SpearSynthetic/Drivers/STM32H7xx_HAL_Driver/Src/stm32h7xx_hal_pcd_ex.o
                0x000000000800a454                HAL_PCDEx_SetRxFiFo
 .text.HAL_PCDEx_ActivateLPM
                0x000000000800a45c       0x26 /home/ubuntu/STMfirmware/SpearSynthetic/build_symcc/SpearSynthetic/Drivers/STM32H7xx_HAL_Driver/Src/stm32h7xx_hal_pcd_ex.o
                0x000000000800a45c                HAL_PCDEx_ActivateLPM
 .text.HAL_PCDEx_LPM_Callback
                0x000000000800a482        0x2 /home/ubuntu/STMfirmware/SpearSynthetic/build_symcc/SpearSynthetic/Drivers/STM32H7xx_HAL_Driver/Src/stm32h7xx_hal_pcd_ex.o
                0x000000000800a482                HAL_PCDEx_LPM_Callback
 .text.HAL_PWREx_ConfigSupply
                0x000000000800a484       0x4c /home/ubuntu/STMfirmware/SpearSynthetic/build_symcc/SpearSynthetic/Drivers/STM32H7xx_HAL_Driver/Src/stm32h7xx_hal_pwr_ex.o
                0x000000000800a484                HAL_PWREx_ConfigSupply
 .text.HAL_PWREx_EnableUSBVoltageDetector
                0x000000000800a4d0       0x12 /home/ubuntu/STMfirmware/SpearSynthetic/build_symcc/SpearSynthetic/Drivers/STM32H7xx_HAL_Driver/Src/stm32h7xx_hal_pwr_ex.o
                0x000000000800a4d0                HAL_PWREx_EnableUSBVoltageDetector
 .text.HAL_RCC_OscConfig
                0x000000000800a4e2      0x4de /home/ubuntu/STMfirmware/SpearSynthetic/build_symcc/SpearSynthetic/Drivers/STM32H7xx_HAL_Driver/Src/stm32h7xx_hal_rcc.o
                0x000000000800a4e2                HAL_RCC_OscConfig
 .text.HAL_RCC_ClockConfig
                0x000000000800a9c0      0x298 /home/ubuntu/STMfirmware/SpearSynthetic/build_symcc/SpearSynthetic/Drivers/STM32H7xx_HAL_Driver/Src/stm32h7xx_hal_rcc.o
                0x000000000800a9c0                HAL_RCC_ClockConfig
 .text.HAL_RCC_GetSysClockFreq
                0x000000000800ac58      0x104 /home/ubuntu/STMfirmware/SpearSynthetic/build_symcc/SpearSynthetic/Drivers/STM32H7xx_HAL_Driver/Src/stm32h7xx_hal_rcc.o
                0x000000000800ac58                HAL_RCC_GetSysClockFreq
 .text.HAL_RCC_GetHCLKFreq
                0x000000000800ad5c       0x4a /home/ubuntu/STMfirmware/SpearSynthetic/build_symcc/SpearSynthetic/Drivers/STM32H7xx_HAL_Driver/Src/stm32h7xx_hal_rcc.o
                0x000000000800ad5c                HAL_RCC_GetHCLKFreq
 .text.HAL_RCC_GetPCLK1Freq
                0x000000000800ada6       0x28 /home/ubuntu/STMfirmware/SpearSynthetic/build_symcc/SpearSynthetic/Drivers/STM32H7xx_HAL_Driver/Src/stm32h7xx_hal_rcc.o
                0x000000000800ada6                HAL_RCC_GetPCLK1Freq
 .text.HAL_RCC_GetPCLK2Freq
                0x000000000800adce       0x28 /home/ubuntu/STMfirmware/SpearSynthetic/build_symcc/SpearSynthetic/Drivers/STM32H7xx_HAL_Driver/Src/stm32h7xx_hal_rcc.o
                0x000000000800adce                HAL_RCC_GetPCLK2Freq
 .text.HAL_RCC_GetClockConfig
                0x000000000800adf6       0x58 /home/ubuntu/STMfirmware/SpearSynthetic/build_symcc/SpearSynthetic/Drivers/STM32H7xx_HAL_Driver/Src/stm32h7xx_hal_rcc.o
                0x000000000800adf6                HAL_RCC_GetClockConfig
 *fill*         0x000000000800ae4e        0x2 
 .text.HAL_RCCEx_PeriphCLKConfig
                0x000000000800ae50      0x964 /home/ubuntu/STMfirmware/SpearSynthetic/build_symcc/SpearSynthetic/Drivers/STM32H7xx_HAL_Driver/Src/stm32h7xx_hal_rcc_ex.o
                0x000000000800ae50                HAL_RCCEx_PeriphCLKConfig
 .text.RCCEx_PLL2_Config
                0x000000000800b7b4      0x10e /home/ubuntu/STMfirmware/SpearSynthetic/build_symcc/SpearSynthetic/Drivers/STM32H7xx_HAL_Driver/Src/stm32h7xx_hal_rcc_ex.o
 .text.RCCEx_PLL3_Config
                0x000000000800b8c2      0x10e /home/ubuntu/STMfirmware/SpearSynthetic/build_symcc/SpearSynthetic/Drivers/STM32H7xx_HAL_Driver/Src/stm32h7xx_hal_rcc_ex.o
 .text.HAL_RCCEx_GetPLL2ClockFreq
                0x000000000800b9d0      0x120 /home/ubuntu/STMfirmware/SpearSynthetic/build_symcc/SpearSynthetic/Drivers/STM32H7xx_HAL_Driver/Src/stm32h7xx_hal_rcc_ex.o
                0x000000000800b9d0                HAL_RCCEx_GetPLL2ClockFreq
 .text.HAL_RCCEx_GetPLL3ClockFreq
                0x000000000800baf0      0x120 /home/ubuntu/STMfirmware/SpearSynthetic/build_symcc/SpearSynthetic/Drivers/STM32H7xx_HAL_Driver/Src/stm32h7xx_hal_rcc_ex.o
                0x000000000800baf0                HAL_RCCEx_GetPLL3ClockFreq
 .text.HAL_RCCEx_GetD3PCLK1Freq
                0x000000000800bc10       0x28 /home/ubuntu/STMfirmware/SpearSynthetic/build_symcc/SpearSynthetic/Drivers/STM32H7xx_HAL_Driver/Src/stm32h7xx_hal_rcc_ex.o
                0x000000000800bc10                HAL_RCCEx_GetD3PCLK1Freq
 .text.HAL_TIM_Base_Init
                0x000000000800bc38       0x44 /home/ubuntu/STMfirmware/SpearSynthetic/build_symcc/SpearSynthetic/Drivers/STM32H7xx_HAL_Driver/Src/stm32h7xx_hal_tim.o
                0x000000000800bc38                HAL_TIM_Base_Init
 .text.HAL_TIM_Base_MspInit
                0x000000000800bc7c        0x2 /home/ubuntu/STMfirmware/SpearSynthetic/build_symcc/SpearSynthetic/Drivers/STM32H7xx_HAL_Driver/Src/stm32h7xx_hal_tim.o
                0x000000000800bc7c                HAL_TIM_Base_MspInit
 .text.TIM_Base_SetConfig
                0x000000000800bc7e      0x136 /home/ubuntu/STMfirmware/SpearSynthetic/build_symcc/SpearSynthetic/Drivers/STM32H7xx_HAL_Driver/Src/stm32h7xx_hal_tim.o
                0x000000000800bc7e                TIM_Base_SetConfig
 .text.HAL_TIM_Base_Start_IT
                0x000000000800bdb4       0xaa /home/ubuntu/STMfirmware/SpearSynthetic/build_symcc/SpearSynthetic/Drivers/STM32H7xx_HAL_Driver/Src/stm32h7xx_hal_tim.o
                0x000000000800bdb4                HAL_TIM_Base_Start_IT
 .text.HAL_TIM_IRQHandler
                0x000000000800be5e      0x18a /home/ubuntu/STMfirmware/SpearSynthetic/build_symcc/SpearSynthetic/Drivers/STM32H7xx_HAL_Driver/Src/stm32h7xx_hal_tim.o
                0x000000000800be5e                HAL_TIM_IRQHandler
 .text.HAL_TIM_IC_CaptureCallback
                0x000000000800bfe8        0x2 /home/ubuntu/STMfirmware/SpearSynthetic/build_symcc/SpearSynthetic/Drivers/STM32H7xx_HAL_Driver/Src/stm32h7xx_hal_tim.o
                0x000000000800bfe8                HAL_TIM_IC_CaptureCallback
 .text.HAL_TIM_OC_DelayElapsedCallback
                0x000000000800bfea        0x2 /home/ubuntu/STMfirmware/SpearSynthetic/build_symcc/SpearSynthetic/Drivers/STM32H7xx_HAL_Driver/Src/stm32h7xx_hal_tim.o
                0x000000000800bfea                HAL_TIM_OC_DelayElapsedCallback
 .text.HAL_TIM_PWM_PulseFinishedCallback
                0x000000000800bfec        0x2 /home/ubuntu/STMfirmware/SpearSynthetic/build_symcc/SpearSynthetic/Drivers/STM32H7xx_HAL_Driver/Src/stm32h7xx_hal_tim.o
                0x000000000800bfec                HAL_TIM_PWM_PulseFinishedCallback
 .text.HAL_TIM_TriggerCallback
                0x000000000800bfee        0x2 /home/ubuntu/STMfirmware/SpearSynthetic/build_symcc/SpearSynthetic/Drivers/STM32H7xx_HAL_Driver/Src/stm32h7xx_hal_tim.o
                0x000000000800bfee                HAL_TIM_TriggerCallback
 .text.HAL_TIMEx_CommutCallback
                0x000000000800bff0        0x2 /home/ubuntu/STMfirmware/SpearSynthetic/build_symcc/SpearSynthetic/Drivers/STM32H7xx_HAL_Driver/Src/stm32h7xx_hal_tim_ex.o
                0x000000000800bff0                HAL_TIMEx_CommutCallback
 .text.HAL_TIMEx_BreakCallback
                0x000000000800bff2        0x2 /home/ubuntu/STMfirmware/SpearSynthetic/build_symcc/SpearSynthetic/Drivers/STM32H7xx_HAL_Driver/Src/stm32h7xx_hal_tim_ex.o
                0x000000000800bff2                HAL_TIMEx_BreakCallback
 .text.HAL_TIMEx_Break2Callback
                0x000000000800bff4        0x2 /home/ubuntu/STMfirmware/SpearSynthetic/build_symcc/SpearSynthetic/Drivers/STM32H7xx_HAL_Driver/Src/stm32h7xx_hal_tim_ex.o
                0x000000000800bff4                HAL_TIMEx_Break2Callback
 .text.HAL_UART_Init
                0x000000000800bff6       0x66 /home/ubuntu/STMfirmware/SpearSynthetic/build_symcc/SpearSynthetic/Drivers/STM32H7xx_HAL_Driver/Src/stm32h7xx_hal_uart.o
                0x000000000800bff6                HAL_UART_Init
 .text.UART_SetConfig
                0x000000000800c05c      0x426 /home/ubuntu/STMfirmware/SpearSynthetic/build_symcc/SpearSynthetic/Drivers/STM32H7xx_HAL_Driver/Src/stm32h7xx_hal_uart.o
                0x000000000800c05c                UART_SetConfig
 .text.UART_AdvFeatureConfig
                0x000000000800c482       0xc8 /home/ubuntu/STMfirmware/SpearSynthetic/build_symcc/SpearSynthetic/Drivers/STM32H7xx_HAL_Driver/Src/stm32h7xx_hal_uart.o
                0x000000000800c482                UART_AdvFeatureConfig
 .text.UART_CheckIdleState
                0x000000000800c54a       0x6a /home/ubuntu/STMfirmware/SpearSynthetic/build_symcc/SpearSynthetic/Drivers/STM32H7xx_HAL_Driver/Src/stm32h7xx_hal_uart.o
                0x000000000800c54a                UART_CheckIdleState
 .text.HAL_UART_Transmit
                0x000000000800c5b4       0xd0 /home/ubuntu/STMfirmware/SpearSynthetic/build_symcc/SpearSynthetic/Drivers/STM32H7xx_HAL_Driver/Src/stm32h7xx_hal_uart.o
                0x000000000800c5b4                HAL_UART_Transmit
 .text.UART_WaitOnFlagUntilTimeout
                0x000000000800c684       0xfc /home/ubuntu/STMfirmware/SpearSynthetic/build_symcc/SpearSynthetic/Drivers/STM32H7xx_HAL_Driver/Src/stm32h7xx_hal_uart.o
                0x000000000800c684                UART_WaitOnFlagUntilTimeout
 .text.UART_EndRxTransfer
                0x000000000800c780       0x5c /home/ubuntu/STMfirmware/SpearSynthetic/build_symcc/SpearSynthetic/Drivers/STM32H7xx_HAL_Driver/Src/stm32h7xx_hal_uart.o
 .text.HAL_UART_IRQHandler
                0x000000000800c7dc      0x372 /home/ubuntu/STMfirmware/SpearSynthetic/build_symcc/SpearSynthetic/Drivers/STM32H7xx_HAL_Driver/Src/stm32h7xx_hal_uart.o
                0x000000000800c7dc                HAL_UART_IRQHandler
 .text.UART_DMAAbortOnError
                0x000000000800cb4e       0x10 /home/ubuntu/STMfirmware/SpearSynthetic/build_symcc/SpearSynthetic/Drivers/STM32H7xx_HAL_Driver/Src/stm32h7xx_hal_uart.o
 .text.HAL_UART_ErrorCallback
                0x000000000800cb5e        0x2 /home/ubuntu/STMfirmware/SpearSynthetic/build_symcc/SpearSynthetic/Drivers/STM32H7xx_HAL_Driver/Src/stm32h7xx_hal_uart.o
                0x000000000800cb5e                HAL_UART_ErrorCallback
 .text.HAL_UARTEx_RxEventCallback
                0x000000000800cb60        0x2 /home/ubuntu/STMfirmware/SpearSynthetic/build_symcc/SpearSynthetic/Drivers/STM32H7xx_HAL_Driver/Src/stm32h7xx_hal_uart.o
                0x000000000800cb60                HAL_UARTEx_RxEventCallback
 .text.HAL_UART_TxCpltCallback
                0x000000000800cb62        0x2 /home/ubuntu/STMfirmware/SpearSynthetic/build_symcc/SpearSynthetic/Drivers/STM32H7xx_HAL_Driver/Src/stm32h7xx_hal_uart.o
                0x000000000800cb62                HAL_UART_TxCpltCallback
 .text.HAL_UARTEx_WakeupCallback
                0x000000000800cb64        0x2 /home/ubuntu/STMfirmware/SpearSynthetic/build_symcc/SpearSynthetic/Drivers/STM32H7xx_HAL_Driver/Src/stm32h7xx_hal_uart_ex.o
                0x000000000800cb64                HAL_UARTEx_WakeupCallback
 .text.HAL_UARTEx_RxFifoFullCallback
                0x000000000800cb66        0x2 /home/ubuntu/STMfirmware/SpearSynthetic/build_symcc/SpearSynthetic/Drivers/STM32H7xx_HAL_Driver/Src/stm32h7xx_hal_uart_ex.o
                0x000000000800cb66                HAL_UARTEx_RxFifoFullCallback
 .text.HAL_UARTEx_TxFifoEmptyCallback
                0x000000000800cb68        0x2 /home/ubuntu/STMfirmware/SpearSynthetic/build_symcc/SpearSynthetic/Drivers/STM32H7xx_HAL_Driver/Src/stm32h7xx_hal_uart_ex.o
                0x000000000800cb68                HAL_UARTEx_TxFifoEmptyCallback
 .text.UARTEx_SetNbDataToProcess
                0x000000000800cb6a       0x50 /home/ubuntu/STMfirmware/SpearSynthetic/build_symcc/SpearSynthetic/Drivers/STM32H7xx_HAL_Driver/Src/stm32h7xx_hal_uart_ex.o
 .text.HAL_UARTEx_DisableFifoMode
                0x000000000800cbba       0x36 /home/ubuntu/STMfirmware/SpearSynthetic/build_symcc/SpearSynthetic/Drivers/STM32H7xx_HAL_Driver/Src/stm32h7xx_hal_uart_ex.o
                0x000000000800cbba                HAL_UARTEx_DisableFifoMode
 .text.HAL_UARTEx_SetTxFifoThreshold
                0x000000000800cbf0       0x4c /home/ubuntu/STMfirmware/SpearSynthetic/build_symcc/SpearSynthetic/Drivers/STM32H7xx_HAL_Driver/Src/stm32h7xx_hal_uart_ex.o
                0x000000000800cbf0                HAL_UARTEx_SetTxFifoThreshold
 .text.HAL_UARTEx_SetRxFifoThreshold
                0x000000000800cc3c       0x4c /home/ubuntu/STMfirmware/SpearSynthetic/build_symcc/SpearSynthetic/Drivers/STM32H7xx_HAL_Driver/Src/stm32h7xx_hal_uart_ex.o
                0x000000000800cc3c                HAL_UARTEx_SetRxFifoThreshold
 .text.USB_CoreInit
                0x000000000800cc88       0x94 /home/ubuntu/STMfirmware/SpearSynthetic/build_symcc/SpearSynthetic/Drivers/STM32H7xx_HAL_Driver/Src/stm32h7xx_ll_usb.o
                0x000000000800cc88                USB_CoreInit
 .text.USB_CoreReset
                0x000000000800cd1c       0x46 /home/ubuntu/STMfirmware/SpearSynthetic/build_symcc/SpearSynthetic/Drivers/STM32H7xx_HAL_Driver/Src/stm32h7xx_ll_usb.o
 .text.USB_SetTurnaroundTime
                0x000000000800cd62      0x10e /home/ubuntu/STMfirmware/SpearSynthetic/build_symcc/SpearSynthetic/Drivers/STM32H7xx_HAL_Driver/Src/stm32h7xx_ll_usb.o
                0x000000000800cd62                USB_SetTurnaroundTime
 .text.USB_EnableGlobalInt
                0x000000000800ce70        0xc /home/ubuntu/STMfirmware/SpearSynthetic/build_symcc/SpearSynthetic/Drivers/STM32H7xx_HAL_Driver/Src/stm32h7xx_ll_usb.o
                0x000000000800ce70                USB_EnableGlobalInt
 .text.USB_DisableGlobalInt
                0x000000000800ce7c        0xc /home/ubuntu/STMfirmware/SpearSynthetic/build_symcc/SpearSynthetic/Drivers/STM32H7xx_HAL_Driver/Src/stm32h7xx_ll_usb.o
                0x000000000800ce7c                USB_DisableGlobalInt
 .text.USB_SetCurrentMode
                0x000000000800ce88       0x64 /home/ubuntu/STMfirmware/SpearSynthetic/build_symcc/SpearSynthetic/Drivers/STM32H7xx_HAL_Driver/Src/stm32h7xx_ll_usb.o
                0x000000000800ce88                USB_SetCurrentMode
 .text.USB_GetMode
                0x000000000800ceec        0x8 /home/ubuntu/STMfirmware/SpearSynthetic/build_symcc/SpearSynthetic/Drivers/STM32H7xx_HAL_Driver/Src/stm32h7xx_ll_usb.o
                0x000000000800ceec                USB_GetMode
 .text.USB_DevInit
                0x000000000800cef4      0x174 /home/ubuntu/STMfirmware/SpearSynthetic/build_symcc/SpearSynthetic/Drivers/STM32H7xx_HAL_Driver/Src/stm32h7xx_ll_usb.o
                0x000000000800cef4                USB_DevInit
 .text.USB_FlushTxFifo
                0x000000000800d068       0x44 /home/ubuntu/STMfirmware/SpearSynthetic/build_symcc/SpearSynthetic/Drivers/STM32H7xx_HAL_Driver/Src/stm32h7xx_ll_usb.o
                0x000000000800d068                USB_FlushTxFifo
 .text.USB_FlushRxFifo
                0x000000000800d0ac       0x42 /home/ubuntu/STMfirmware/SpearSynthetic/build_symcc/SpearSynthetic/Drivers/STM32H7xx_HAL_Driver/Src/stm32h7xx_ll_usb.o
                0x000000000800d0ac                USB_FlushRxFifo
 .text.USB_GetDevSpeed
                0x000000000800d0ee       0x1c /home/ubuntu/STMfirmware/SpearSynthetic/build_symcc/SpearSynthetic/Drivers/STM32H7xx_HAL_Driver/Src/stm32h7xx_ll_usb.o
                0x000000000800d0ee                USB_GetDevSpeed
 .text.USB_ActivateEndpoint
                0x000000000800d10a       0x94 /home/ubuntu/STMfirmware/SpearSynthetic/build_symcc/SpearSynthetic/Drivers/STM32H7xx_HAL_Driver/Src/stm32h7xx_ll_usb.o
                0x000000000800d10a                USB_ActivateEndpoint
 .text.USB_DeactivateEndpoint
                0x000000000800d19e       0x88 /home/ubuntu/STMfirmware/SpearSynthetic/build_symcc/SpearSynthetic/Drivers/STM32H7xx_HAL_Driver/Src/stm32h7xx_ll_usb.o
                0x000000000800d19e                USB_DeactivateEndpoint
 .text.USB_EPStartXfer
                0x000000000800d226      0x1bc /home/ubuntu/STMfirmware/SpearSynthetic/build_symcc/SpearSynthetic/Drivers/STM32H7xx_HAL_Driver/Src/stm32h7xx_ll_usb.o
                0x000000000800d226                USB_EPStartXfer
 .text.USB_WritePacket
                0x000000000800d3e2       0x4a /home/ubuntu/STMfirmware/SpearSynthetic/build_symcc/SpearSynthetic/Drivers/STM32H7xx_HAL_Driver/Src/stm32h7xx_ll_usb.o
                0x000000000800d3e2                USB_WritePacket
 .text.USB_EP0StartXfer
                0x000000000800d42c      0x102 /home/ubuntu/STMfirmware/SpearSynthetic/build_symcc/SpearSynthetic/Drivers/STM32H7xx_HAL_Driver/Src/stm32h7xx_ll_usb.o
                0x000000000800d42c                USB_EP0StartXfer
 .text.USB_ReadPacket
                0x000000000800d52e       0x5c /home/ubuntu/STMfirmware/SpearSynthetic/build_symcc/SpearSynthetic/Drivers/STM32H7xx_HAL_Driver/Src/stm32h7xx_ll_usb.o
                0x000000000800d52e                USB_ReadPacket
 .text.USB_EPSetStall
                0x000000000800d58a       0x3c /home/ubuntu/STMfirmware/SpearSynthetic/build_symcc/SpearSynthetic/Drivers/STM32H7xx_HAL_Driver/Src/stm32h7xx_ll_usb.o
                0x000000000800d58a                USB_EPSetStall
 .text.USB_EPClearStall
                0x000000000800d5c6       0x30 /home/ubuntu/STMfirmware/SpearSynthetic/build_symcc/SpearSynthetic/Drivers/STM32H7xx_HAL_Driver/Src/stm32h7xx_ll_usb.o
                0x000000000800d5c6                USB_EPClearStall
 .text.USB_SetDevAddress
                0x000000000800d5f6       0x20 /home/ubuntu/STMfirmware/SpearSynthetic/build_symcc/SpearSynthetic/Drivers/STM32H7xx_HAL_Driver/Src/stm32h7xx_ll_usb.o
                0x000000000800d5f6                USB_SetDevAddress
 .text.USB_DevConnect
                0x000000000800d616       0x1c /home/ubuntu/STMfirmware/SpearSynthetic/build_symcc/SpearSynthetic/Drivers/STM32H7xx_HAL_Driver/Src/stm32h7xx_ll_usb.o
                0x000000000800d616                USB_DevConnect
 .text.USB_DevDisconnect
                0x000000000800d632       0x1c /home/ubuntu/STMfirmware/SpearSynthetic/build_symcc/SpearSynthetic/Drivers/STM32H7xx_HAL_Driver/Src/stm32h7xx_ll_usb.o
                0x000000000800d632                USB_DevDisconnect
 .text.USB_ReadInterrupts
                0x000000000800d64e        0x8 /home/ubuntu/STMfirmware/SpearSynthetic/build_symcc/SpearSynthetic/Drivers/STM32H7xx_HAL_Driver/Src/stm32h7xx_ll_usb.o
                0x000000000800d64e                USB_ReadInterrupts
 .text.USB_ReadDevAllOutEpInterrupt
                0x000000000800d656        0xe /home/ubuntu/STMfirmware/SpearSynthetic/build_symcc/SpearSynthetic/Drivers/STM32H7xx_HAL_Driver/Src/stm32h7xx_ll_usb.o
                0x000000000800d656                USB_ReadDevAllOutEpInterrupt
 .text.USB_ReadDevAllInEpInterrupt
                0x000000000800d664        0xe /home/ubuntu/STMfirmware/SpearSynthetic/build_symcc/SpearSynthetic/Drivers/STM32H7xx_HAL_Driver/Src/stm32h7xx_ll_usb.o
                0x000000000800d664                USB_ReadDevAllInEpInterrupt
 .text.USB_ReadDevOutEPInterrupt
                0x000000000800d672       0x10 /home/ubuntu/STMfirmware/SpearSynthetic/build_symcc/SpearSynthetic/Drivers/STM32H7xx_HAL_Driver/Src/stm32h7xx_ll_usb.o
                0x000000000800d672                USB_ReadDevOutEPInterrupt
 .text.USB_ReadDevInEPInterrupt
                0x000000000800d682       0x24 /home/ubuntu/STMfirmware/SpearSynthetic/build_symcc/SpearSynthetic/Drivers/STM32H7xx_HAL_Driver/Src/stm32h7xx_ll_usb.o
                0x000000000800d682                USB_ReadDevInEPInterrupt
 .text.USB_ActivateSetup
                0x000000000800d6a6       0x1e /home/ubuntu/STMfirmware/SpearSynthetic/build_symcc/SpearSynthetic/Drivers/STM32H7xx_HAL_Driver/Src/stm32h7xx_ll_usb.o
                0x000000000800d6a6                USB_ActivateSetup
 .text.USB_EP0_OutStart
                0x000000000800d6c4       0x5a /home/ubuntu/STMfirmware/SpearSynthetic/build_symcc/SpearSynthetic/Drivers/STM32H7xx_HAL_Driver/Src/stm32h7xx_ll_usb.o
                0x000000000800d6c4                USB_EP0_OutStart
 .text.xTaskCreate
                0x000000000800d71e      0x210 /home/ubuntu/STMfirmware/SpearSynthetic/build_symcc/Common/FreeRTOS-Kernel/tasks.o
                0x000000000800d71e                xTaskCreate
 .text.vTaskDelete
                0x000000000800d92e      0x12a /home/ubuntu/STMfirmware/SpearSynthetic/build_symcc/Common/FreeRTOS-Kernel/tasks.o
                0x000000000800d92e                vTaskDelete
 .text.vTaskSuspendAll
                0x000000000800da58       0x10 /home/ubuntu/STMfirmware/SpearSynthetic/build_symcc/Common/FreeRTOS-Kernel/tasks.o
                0x000000000800da58                vTaskSuspendAll
 .text.prvAddCurrentTaskToDelayedList
                0x000000000800da68       0xc4 /home/ubuntu/STMfirmware/SpearSynthetic/build_symcc/Common/FreeRTOS-Kernel/tasks.o
 .text.xTaskResumeAll
                0x000000000800db2c      0x180 /home/ubuntu/STMfirmware/SpearSynthetic/build_symcc/Common/FreeRTOS-Kernel/tasks.o
                0x000000000800db2c                xTaskResumeAll
 .text.vTaskSwitchContext
                0x000000000800dcac       0x82 /home/ubuntu/STMfirmware/SpearSynthetic/build_symcc/Common/FreeRTOS-Kernel/tasks.o
                0x000000000800dcac                vTaskSwitchContext
 .text.vTaskStartScheduler
                0x000000000800dd2e       0x90 /home/ubuntu/STMfirmware/SpearSynthetic/build_symcc/Common/FreeRTOS-Kernel/tasks.o
                0x000000000800dd2e                vTaskStartScheduler
 .text.prvIdleTask
                0x000000000800ddbe       0x78 /home/ubuntu/STMfirmware/SpearSynthetic/build_symcc/Common/FreeRTOS-Kernel/tasks.o
 .text.xTaskIncrementTick
                0x000000000800de36      0x1ce /home/ubuntu/STMfirmware/SpearSynthetic/build_symcc/Common/FreeRTOS-Kernel/tasks.o
                0x000000000800de36                xTaskIncrementTick
 .text.ulTaskGenericNotifyTake
                0x000000000800e004       0xa8 /home/ubuntu/STMfirmware/SpearSynthetic/build_symcc/Common/FreeRTOS-Kernel/tasks.o
                0x000000000800e004                ulTaskGenericNotifyTake
 .text.xTaskGenericNotify
                0x000000000800e0ac      0x15e /home/ubuntu/STMfirmware/SpearSynthetic/build_symcc/Common/FreeRTOS-Kernel/tasks.o
                0x000000000800e0ac                xTaskGenericNotify
 *fill*         0x000000000800e20a        0x2 
 .text.xTaskGenericNotifyFromISR
                0x000000000800e20c      0x1a2 /home/ubuntu/STMfirmware/SpearSynthetic/build_symcc/Common/FreeRTOS-Kernel/tasks.o
                0x000000000800e20c                xTaskGenericNotifyFromISR
 .text.vListInitialise
                0x000000000800e3ae       0x16 /home/ubuntu/STMfirmware/SpearSynthetic/build_symcc/Common/FreeRTOS-Kernel/list.o
                0x000000000800e3ae                vListInitialise
 .text.vListInitialiseItem
                0x000000000800e3c4        0x6 /home/ubuntu/STMfirmware/SpearSynthetic/build_symcc/Common/FreeRTOS-Kernel/list.o
                0x000000000800e3c4                vListInitialiseItem
 .text.vListInsertEnd
                0x000000000800e3ca       0x1c /home/ubuntu/STMfirmware/SpearSynthetic/build_symcc/Common/FreeRTOS-Kernel/list.o
                0x000000000800e3ca                vListInsertEnd
 .text.vListInsert
                0x000000000800e3e6       0x3a /home/ubuntu/STMfirmware/SpearSynthetic/build_symcc/Common/FreeRTOS-Kernel/list.o
                0x000000000800e3e6                vListInsert
 .text.uxListRemove
                0x000000000800e420       0x22 /home/ubuntu/STMfirmware/SpearSynthetic/build_symcc/Common/FreeRTOS-Kernel/list.o
                0x000000000800e420                uxListRemove
 .text.pxPortInitialiseStack
                0x000000000800e442       0x28 /home/ubuntu/STMfirmware/SpearSynthetic/build_symcc/Common/FreeRTOS-Kernel/portable/GCC/ARM_CM4F/port.o
                0x000000000800e442                pxPortInitialiseStack
 .text.prvTaskExitError
                0x000000000800e46a       0x30 /home/ubuntu/STMfirmware/SpearSynthetic/build_symcc/Common/FreeRTOS-Kernel/portable/GCC/ARM_CM4F/port.o
 *fill*         0x000000000800e49a        0x6 
 .text.SVC_Handler
                0x000000000800e4a0       0x24 /home/ubuntu/STMfirmware/SpearSynthetic/build_symcc/Common/FreeRTOS-Kernel/portable/GCC/ARM_CM4F/port.o
                0x000000000800e4a0                SVC_Handler
 .text.xPortStartScheduler
                0x000000000800e4c4      0x12a /home/ubuntu/STMfirmware/SpearSynthetic/build_symcc/Common/FreeRTOS-Kernel/portable/GCC/ARM_CM4F/port.o
                0x000000000800e4c4                xPortStartScheduler
 .text.vPortSetupTimerInterrupt
                0x000000000800e5ee       0x34 /home/ubuntu/STMfirmware/SpearSynthetic/build_symcc/Common/FreeRTOS-Kernel/portable/GCC/ARM_CM4F/port.o
                0x000000000800e5ee                vPortSetupTimerInterrupt
 *fill*         0x000000000800e622        0x2 
 .text.vPortEnableVFP
                0x000000000800e624       0x14 /home/ubuntu/STMfirmware/SpearSynthetic/build_symcc/Common/FreeRTOS-Kernel/portable/GCC/ARM_CM4F/port.o
 .text.prvPortStartFirstTask
                0x000000000800e638       0x28 /home/ubuntu/STMfirmware/SpearSynthetic/build_symcc/Common/FreeRTOS-Kernel/portable/GCC/ARM_CM4F/port.o
 .text.vPortEnterCritical
                0x000000000800e660       0x42 /home/ubuntu/STMfirmware/SpearSynthetic/build_symcc/Common/FreeRTOS-Kernel/portable/GCC/ARM_CM4F/port.o
                0x000000000800e660                vPortEnterCritical
 .text.vPortExitCritical
                0x000000000800e6a2       0x2e /home/ubuntu/STMfirmware/SpearSynthetic/build_symcc/Common/FreeRTOS-Kernel/portable/GCC/ARM_CM4F/port.o
                0x000000000800e6a2                vPortExitCritical
 .text.PendSV_Handler
                0x000000000800e6d0       0x64 /home/ubuntu/STMfirmware/SpearSynthetic/build_symcc/Common/FreeRTOS-Kernel/portable/GCC/ARM_CM4F/port.o
                0x000000000800e6d0                PendSV_Handler
 .text.SysTick_Handler
                0x000000000800e734       0x30 /home/ubuntu/STMfirmware/SpearSynthetic/build_symcc/Common/FreeRTOS-Kernel/portable/GCC/ARM_CM4F/port.o
                0x000000000800e734                SysTick_Handler
 .text.vPortValidateInterruptPriority
                0x000000000800e764       0x62 /home/ubuntu/STMfirmware/SpearSynthetic/build_symcc/Common/FreeRTOS-Kernel/portable/GCC/ARM_CM4F/port.o
                0x000000000800e764                vPortValidateInterruptPriority
 .text.pvPortMalloc
                0x000000000800e7c6      0x174 /home/ubuntu/STMfirmware/SpearSynthetic/build_symcc/Common/FreeRTOS-Kernel/portable/MemMang/heap_4.o
                0x000000000800e7c6                pvPortMalloc
 .text.prvInsertBlockIntoFreeList
                0x000000000800e93a       0x54 /home/ubuntu/STMfirmware/SpearSynthetic/build_symcc/Common/FreeRTOS-Kernel/portable/MemMang/heap_4.o
 .text.vPortFree
                0x000000000800e98e       0x78 /home/ubuntu/STMfirmware/SpearSynthetic/build_symcc/Common/FreeRTOS-Kernel/portable/MemMang/heap_4.o
                0x000000000800e98e                vPortFree
 .text.txCommandtoMonitor
                0x000000000800ea06       0x44 /home/ubuntu/STMfirmware/SpearSynthetic/build_symcc/Common/SymRuntime/runtime.o
                0x000000000800ea06                txCommandtoMonitor
 .text._sym_initialize
                0x000000000800ea4a       0x44 /home/ubuntu/STMfirmware/SpearSynthetic/build_symcc/Common/SymRuntime/runtime.o
                0x000000000800ea4a                _sym_initialize
 .text._sym_set_parameter_expression
                0x000000000800ea8e       0x10 /home/ubuntu/STMfirmware/SpearSynthetic/build_symcc/Common/SymRuntime/runtime.o
                0x000000000800ea8e                _sym_set_parameter_expression
 .text._sym_get_parameter_expression
                0x000000000800ea9e       0x1a /home/ubuntu/STMfirmware/SpearSynthetic/build_symcc/Common/SymRuntime/runtime.o
                0x000000000800ea9e                _sym_get_parameter_expression
 .text._sym_set_return_expression
                0x000000000800eab8        0xc /home/ubuntu/STMfirmware/SpearSynthetic/build_symcc/Common/SymRuntime/runtime.o
                0x000000000800eab8                _sym_set_return_expression
 .text._sym_get_return_expression
                0x000000000800eac4        0xc /home/ubuntu/STMfirmware/SpearSynthetic/build_symcc/Common/SymRuntime/runtime.o
                0x000000000800eac4                _sym_get_return_expression
 .text._sym_build_integer
                0x000000000800ead0       0xd0 /home/ubuntu/STMfirmware/SpearSynthetic/build_symcc/Common/SymRuntime/runtime.o
                0x000000000800ead0                _sym_build_integer
 .text._sym_build_float
                0x000000000800eba0       0xcc /home/ubuntu/STMfirmware/SpearSynthetic/build_symcc/Common/SymRuntime/runtime.o
                0x000000000800eba0                _sym_build_float
 .text._sym_build_bool
                0x000000000800ec6c       0x76 /home/ubuntu/STMfirmware/SpearSynthetic/build_symcc/Common/SymRuntime/runtime.o
                0x000000000800ec6c                _sym_build_bool
 .text._sym_notify_call
                0x000000000800ece2       0x34 /home/ubuntu/STMfirmware/SpearSynthetic/build_symcc/Common/SymRuntime/runtime.o
                0x000000000800ece2                _sym_notify_call
 .text._sym_end
                0x000000000800ed16       0x26 /home/ubuntu/STMfirmware/SpearSynthetic/build_symcc/Common/SymRuntime/runtime.o
                0x000000000800ed16                _sym_end
 .text._sym_notify_ret
                0x000000000800ed3c       0x34 /home/ubuntu/STMfirmware/SpearSynthetic/build_symcc/Common/SymRuntime/runtime.o
                0x000000000800ed3c                _sym_notify_ret
 .text._sym_notify_basic_block
                0x000000000800ed70       0x8c /home/ubuntu/STMfirmware/SpearSynthetic/build_symcc/Common/SymRuntime/runtime.o
                0x000000000800ed70                _sym_notify_basic_block
 .text._sym_symbolize_memory
                0x000000000800edfc       0x80 /home/ubuntu/STMfirmware/SpearSynthetic/build_symcc/Common/SymRuntime/runtime.o
                0x000000000800edfc                _sym_symbolize_memory
 .text.app_main
                0x000000000800ee7c       0x38 /home/ubuntu/STMfirmware/SpearSynthetic/build_symcc/Common/Protocol/monitor.o
                0x000000000800ee7c                app_main
 .text.MonitorTask
                0x000000000800eeb4      0x122 /home/ubuntu/STMfirmware/SpearSynthetic/build_symcc/Common/Protocol/monitor.o
 .text.TargetTask
                0x000000000800efd6       0x72 /home/ubuntu/STMfirmware/SpearSynthetic/build_symcc/Common/Protocol/monitor.o
 .text.notifyTXfinish
                0x000000000800f048       0x76 /home/ubuntu/STMfirmware/SpearSynthetic/build_symcc/Common/Protocol/protocol.o
                0x000000000800f048                notifyTXfinish
 .text.TransmitPack
                0x000000000800f0be       0x22 /home/ubuntu/STMfirmware/SpearSynthetic/build_symcc/Common/Protocol/protocol.o
                0x000000000800f0be                TransmitPack
 .text.FuzzingInputHandler
                0x000000000800f0e0       0xa4 /home/ubuntu/STMfirmware/SpearSynthetic/build_symcc/Common/Protocol/protocol.o
                0x000000000800f0e0                FuzzingInputHandler
 .text.RingCopy
                0x000000000800f184       0x3a /home/ubuntu/STMfirmware/SpearSynthetic/build_symcc/Common/Protocol/ring.o
                0x000000000800f184                RingCopy
 .text.RingZeroes
                0x000000000800f1be       0x10 /home/ubuntu/STMfirmware/SpearSynthetic/build_symcc/Common/Protocol/ring.o
                0x000000000800f1be                RingZeroes
 .text.MX_USB_DEVICE_Init
                0x000000000800f1ce       0x6e /home/ubuntu/STMfirmware/SpearSynthetic/build_symcc/SpearSynthetic/USB_DEVICE/App/usb_device.o
                0x000000000800f1ce                MX_USB_DEVICE_Init
 .text.CDC_Init_FS
                0x000000000800f23c       0x2e /home/ubuntu/STMfirmware/SpearSynthetic/build_symcc/SpearSynthetic/USB_DEVICE/App/usbd_cdc_if.o
 .text.CDC_DeInit_FS
                0x000000000800f26a        0x4 /home/ubuntu/STMfirmware/SpearSynthetic/build_symcc/SpearSynthetic/USB_DEVICE/App/usbd_cdc_if.o
 .text.CDC_Control_FS
                0x000000000800f26e        0x4 /home/ubuntu/STMfirmware/SpearSynthetic/build_symcc/SpearSynthetic/USB_DEVICE/App/usbd_cdc_if.o
 .text.CDC_Receive_FS
                0x000000000800f272       0x24 /home/ubuntu/STMfirmware/SpearSynthetic/build_symcc/SpearSynthetic/USB_DEVICE/App/usbd_cdc_if.o
 .text.CDC_TransmitCplt_FS
                0x000000000800f296        0xc /home/ubuntu/STMfirmware/SpearSynthetic/build_symcc/SpearSynthetic/USB_DEVICE/App/usbd_cdc_if.o
 .text.CDC_Transmit_FS
                0x000000000800f2a2       0x36 /home/ubuntu/STMfirmware/SpearSynthetic/build_symcc/SpearSynthetic/USB_DEVICE/App/usbd_cdc_if.o
                0x000000000800f2a2                CDC_Transmit_FS
 .text.USBD_FS_DeviceDescriptor
                0x000000000800f2d8        0xe /home/ubuntu/STMfirmware/SpearSynthetic/build_symcc/SpearSynthetic/USB_DEVICE/App/usbd_desc.o
                0x000000000800f2d8                USBD_FS_DeviceDescriptor
 .text.USBD_FS_LangIDStrDescriptor
                0x000000000800f2e6        0xe /home/ubuntu/STMfirmware/SpearSynthetic/build_symcc/SpearSynthetic/USB_DEVICE/App/usbd_desc.o
                0x000000000800f2e6                USBD_FS_LangIDStrDescriptor
 .text.USBD_FS_ManufacturerStrDescriptor
                0x000000000800f2f4       0x20 /home/ubuntu/STMfirmware/SpearSynthetic/build_symcc/SpearSynthetic/USB_DEVICE/App/usbd_desc.o
                0x000000000800f2f4                USBD_FS_ManufacturerStrDescriptor
 .text.USBD_FS_ProductStrDescriptor
                0x000000000800f314       0x20 /home/ubuntu/STMfirmware/SpearSynthetic/build_symcc/SpearSynthetic/USB_DEVICE/App/usbd_desc.o
                0x000000000800f314                USBD_FS_ProductStrDescriptor
 .text.USBD_FS_SerialStrDescriptor
                0x000000000800f334       0x90 /home/ubuntu/STMfirmware/SpearSynthetic/build_symcc/SpearSynthetic/USB_DEVICE/App/usbd_desc.o
                0x000000000800f334                USBD_FS_SerialStrDescriptor
 .text.USBD_FS_ConfigStrDescriptor
                0x000000000800f3c4       0x20 /home/ubuntu/STMfirmware/SpearSynthetic/build_symcc/SpearSynthetic/USB_DEVICE/App/usbd_desc.o
                0x000000000800f3c4                USBD_FS_ConfigStrDescriptor
 .text.USBD_FS_InterfaceStrDescriptor
                0x000000000800f3e4       0x20 /home/ubuntu/STMfirmware/SpearSynthetic/build_symcc/SpearSynthetic/USB_DEVICE/App/usbd_desc.o
                0x000000000800f3e4                USBD_FS_InterfaceStrDescriptor
 .text.HAL_PCD_MspInit
                0x000000000800f404       0xc0 /home/ubuntu/STMfirmware/SpearSynthetic/build_symcc/SpearSynthetic/USB_DEVICE/Target/usbd_conf.o
                0x000000000800f404                HAL_PCD_MspInit
 .text.HAL_PCD_SetupStageCallback
                0x000000000800f4c4        0xe /home/ubuntu/STMfirmware/SpearSynthetic/build_symcc/SpearSynthetic/USB_DEVICE/Target/usbd_conf.o
                0x000000000800f4c4                HAL_PCD_SetupStageCallback
 .text.HAL_PCD_DataOutStageCallback
                0x000000000800f4d2       0x14 /home/ubuntu/STMfirmware/SpearSynthetic/build_symcc/SpearSynthetic/USB_DEVICE/Target/usbd_conf.o
                0x000000000800f4d2                HAL_PCD_DataOutStageCallback
 .text.HAL_PCD_DataInStageCallback
                0x000000000800f4e6       0x12 /home/ubuntu/STMfirmware/SpearSynthetic/build_symcc/SpearSynthetic/USB_DEVICE/Target/usbd_conf.o
                0x000000000800f4e6                HAL_PCD_DataInStageCallback
 .text.HAL_PCD_SOFCallback
                0x000000000800f4f8        0x8 /home/ubuntu/STMfirmware/SpearSynthetic/build_symcc/SpearSynthetic/USB_DEVICE/Target/usbd_conf.o
                0x000000000800f4f8                HAL_PCD_SOFCallback
 .text.HAL_PCD_ResetCallback
                0x000000000800f500       0x28 /home/ubuntu/STMfirmware/SpearSynthetic/build_symcc/SpearSynthetic/USB_DEVICE/Target/usbd_conf.o
                0x000000000800f500                HAL_PCD_ResetCallback
 .text.HAL_PCD_SuspendCallback
                0x000000000800f528       0x32 /home/ubuntu/STMfirmware/SpearSynthetic/build_symcc/SpearSynthetic/USB_DEVICE/Target/usbd_conf.o
                0x000000000800f528                HAL_PCD_SuspendCallback
 .text.HAL_PCD_ResumeCallback
                0x000000000800f55a        0x8 /home/ubuntu/STMfirmware/SpearSynthetic/build_symcc/SpearSynthetic/USB_DEVICE/Target/usbd_conf.o
                0x000000000800f55a                HAL_PCD_ResumeCallback
 .text.HAL_PCD_ISOOUTIncompleteCallback
                0x000000000800f562        0x8 /home/ubuntu/STMfirmware/SpearSynthetic/build_symcc/SpearSynthetic/USB_DEVICE/Target/usbd_conf.o
                0x000000000800f562                HAL_PCD_ISOOUTIncompleteCallback
 .text.HAL_PCD_ISOINIncompleteCallback
                0x000000000800f56a        0x8 /home/ubuntu/STMfirmware/SpearSynthetic/build_symcc/SpearSynthetic/USB_DEVICE/Target/usbd_conf.o
                0x000000000800f56a                HAL_PCD_ISOINIncompleteCallback
 .text.HAL_PCD_ConnectCallback
                0x000000000800f572        0x8 /home/ubuntu/STMfirmware/SpearSynthetic/build_symcc/SpearSynthetic/USB_DEVICE/Target/usbd_conf.o
                0x000000000800f572                HAL_PCD_ConnectCallback
 .text.HAL_PCD_DisconnectCallback
                0x000000000800f57a        0x8 /home/ubuntu/STMfirmware/SpearSynthetic/build_symcc/SpearSynthetic/USB_DEVICE/Target/usbd_conf.o
                0x000000000800f57a                HAL_PCD_DisconnectCallback
 .text.USBD_LL_Init
                0x000000000800f582       0x70 /home/ubuntu/STMfirmware/SpearSynthetic/build_symcc/SpearSynthetic/USB_DEVICE/Target/usbd_conf.o
                0x000000000800f582                USBD_LL_Init
 .text.USBD_LL_Start
                0x000000000800f5f2       0x20 /home/ubuntu/STMfirmware/SpearSynthetic/build_symcc/SpearSynthetic/USB_DEVICE/Target/usbd_conf.o
                0x000000000800f5f2                USBD_LL_Start
 .text.USBD_LL_OpenEP
                0x000000000800f612       0x26 /home/ubuntu/STMfirmware/SpearSynthetic/build_symcc/SpearSynthetic/USB_DEVICE/Target/usbd_conf.o
                0x000000000800f612                USBD_LL_OpenEP
 .text.USBD_LL_CloseEP
                0x000000000800f638       0x20 /home/ubuntu/STMfirmware/SpearSynthetic/build_symcc/SpearSynthetic/USB_DEVICE/Target/usbd_conf.o
                0x000000000800f638                USBD_LL_CloseEP
 .text.USBD_LL_StallEP
                0x000000000800f658       0x20 /home/ubuntu/STMfirmware/SpearSynthetic/build_symcc/SpearSynthetic/USB_DEVICE/Target/usbd_conf.o
                0x000000000800f658                USBD_LL_StallEP
 .text.USBD_LL_ClearStallEP
                0x000000000800f678       0x20 /home/ubuntu/STMfirmware/SpearSynthetic/build_symcc/SpearSynthetic/USB_DEVICE/Target/usbd_conf.o
                0x000000000800f678                USBD_LL_ClearStallEP
 .text.USBD_LL_IsStallEP
                0x000000000800f698       0x20 /home/ubuntu/STMfirmware/SpearSynthetic/build_symcc/SpearSynthetic/USB_DEVICE/Target/usbd_conf.o
                0x000000000800f698                USBD_LL_IsStallEP
 .text.USBD_LL_SetUSBAddress
                0x000000000800f6b8       0x20 /home/ubuntu/STMfirmware/SpearSynthetic/build_symcc/SpearSynthetic/USB_DEVICE/Target/usbd_conf.o
                0x000000000800f6b8                USBD_LL_SetUSBAddress
 .text.USBD_LL_Transmit
                0x000000000800f6d8       0x20 /home/ubuntu/STMfirmware/SpearSynthetic/build_symcc/SpearSynthetic/USB_DEVICE/Target/usbd_conf.o
                0x000000000800f6d8                USBD_LL_Transmit
 .text.USBD_LL_PrepareReceive
                0x000000000800f6f8       0x20 /home/ubuntu/STMfirmware/SpearSynthetic/build_symcc/SpearSynthetic/USB_DEVICE/Target/usbd_conf.o
                0x000000000800f6f8                USBD_LL_PrepareReceive
 .text.USBD_LL_GetRxDataSize
                0x000000000800f718        0x8 /home/ubuntu/STMfirmware/SpearSynthetic/build_symcc/SpearSynthetic/USB_DEVICE/Target/usbd_conf.o
                0x000000000800f718                USBD_LL_GetRxDataSize
 .text.USBD_static_malloc
                0x000000000800f720        0xa /home/ubuntu/STMfirmware/SpearSynthetic/build_symcc/SpearSynthetic/USB_DEVICE/Target/usbd_conf.o
                0x000000000800f720                USBD_static_malloc
 .text.USBD_static_free
                0x000000000800f72a        0x2 /home/ubuntu/STMfirmware/SpearSynthetic/build_symcc/SpearSynthetic/USB_DEVICE/Target/usbd_conf.o
                0x000000000800f72a                USBD_static_free
 .text.USBD_CDC_Init
                0x000000000800f72c       0x9c /home/ubuntu/STMfirmware/SpearSynthetic/build_symcc/SpearSynthetic/Middlewares/ST/STM32_USB_Device_Library/Class/CDC/Src/usbd_cdc.o
 .text.USBD_CDC_DeInit
                0x000000000800f7c8       0x44 /home/ubuntu/STMfirmware/SpearSynthetic/build_symcc/SpearSynthetic/Middlewares/ST/STM32_USB_Device_Library/Class/CDC/Src/usbd_cdc.o
 .text.USBD_CDC_Setup
                0x000000000800f80c       0xd0 /home/ubuntu/STMfirmware/SpearSynthetic/build_symcc/SpearSynthetic/Middlewares/ST/STM32_USB_Device_Library/Class/CDC/Src/usbd_cdc.o
 .text.USBD_CDC_EP0_RxReady
                0x000000000800f8dc       0x30 /home/ubuntu/STMfirmware/SpearSynthetic/build_symcc/SpearSynthetic/Middlewares/ST/STM32_USB_Device_Library/Class/CDC/Src/usbd_cdc.o
 .text.USBD_CDC_DataIn
                0x000000000800f90c       0x68 /home/ubuntu/STMfirmware/SpearSynthetic/build_symcc/SpearSynthetic/Middlewares/ST/STM32_USB_Device_Library/Class/CDC/Src/usbd_cdc.o
 .text.USBD_CDC_DataOut
                0x000000000800f974       0x2c /home/ubuntu/STMfirmware/SpearSynthetic/build_symcc/SpearSynthetic/Middlewares/ST/STM32_USB_Device_Library/Class/CDC/Src/usbd_cdc.o
 .text.USBD_CDC_GetHSCfgDesc
                0x000000000800f9a0        0xe /home/ubuntu/STMfirmware/SpearSynthetic/build_symcc/SpearSynthetic/Middlewares/ST/STM32_USB_Device_Library/Class/CDC/Src/usbd_cdc.o
 .text.USBD_CDC_GetFSCfgDesc
                0x000000000800f9ae        0xe /home/ubuntu/STMfirmware/SpearSynthetic/build_symcc/SpearSynthetic/Middlewares/ST/STM32_USB_Device_Library/Class/CDC/Src/usbd_cdc.o
 .text.USBD_CDC_GetOtherSpeedCfgDesc
                0x000000000800f9bc        0xe /home/ubuntu/STMfirmware/SpearSynthetic/build_symcc/SpearSynthetic/Middlewares/ST/STM32_USB_Device_Library/Class/CDC/Src/usbd_cdc.o
 .text.USBD_CDC_GetDeviceQualifierDescriptor
                0x000000000800f9ca        0xe /home/ubuntu/STMfirmware/SpearSynthetic/build_symcc/SpearSynthetic/Middlewares/ST/STM32_USB_Device_Library/Class/CDC/Src/usbd_cdc.o
                0x000000000800f9ca                USBD_CDC_GetDeviceQualifierDescriptor
 .text.USBD_CDC_RegisterInterface
                0x000000000800f9d8        0xe /home/ubuntu/STMfirmware/SpearSynthetic/build_symcc/SpearSynthetic/Middlewares/ST/STM32_USB_Device_Library/Class/CDC/Src/usbd_cdc.o
                0x000000000800f9d8                USBD_CDC_RegisterInterface
 .text.USBD_CDC_SetTxBuffer
                0x000000000800f9e6       0x16 /home/ubuntu/STMfirmware/SpearSynthetic/build_symcc/SpearSynthetic/Middlewares/ST/STM32_USB_Device_Library/Class/CDC/Src/usbd_cdc.o
                0x000000000800f9e6                USBD_CDC_SetTxBuffer
 .text.USBD_CDC_SetRxBuffer
                0x000000000800f9fc       0x12 /home/ubuntu/STMfirmware/SpearSynthetic/build_symcc/SpearSynthetic/Middlewares/ST/STM32_USB_Device_Library/Class/CDC/Src/usbd_cdc.o
                0x000000000800f9fc                USBD_CDC_SetRxBuffer
 .text.USBD_CDC_TransmitPacket
                0x000000000800fa0e       0x30 /home/ubuntu/STMfirmware/SpearSynthetic/build_symcc/SpearSynthetic/Middlewares/ST/STM32_USB_Device_Library/Class/CDC/Src/usbd_cdc.o
                0x000000000800fa0e                USBD_CDC_TransmitPacket
 .text.USBD_CDC_ReceivePacket
                0x000000000800fa3e       0x28 /home/ubuntu/STMfirmware/SpearSynthetic/build_symcc/SpearSynthetic/Middlewares/ST/STM32_USB_Device_Library/Class/CDC/Src/usbd_cdc.o
                0x000000000800fa3e                USBD_CDC_ReceivePacket
 .text.USBD_Init
                0x000000000800fa66       0x26 /home/ubuntu/STMfirmware/SpearSynthetic/build_symcc/SpearSynthetic/Middlewares/ST/STM32_USB_Device_Library/Core/Src/usbd_core.o
                0x000000000800fa66                USBD_Init
 .text.USBD_RegisterClass
                0x000000000800fa8c       0x2c /home/ubuntu/STMfirmware/SpearSynthetic/build_symcc/SpearSynthetic/Middlewares/ST/STM32_USB_Device_Library/Core/Src/usbd_core.o
                0x000000000800fa8c                USBD_RegisterClass
 .text.USBD_Start
                0x000000000800fab8        0x4 /home/ubuntu/STMfirmware/SpearSynthetic/build_symcc/SpearSynthetic/Middlewares/ST/STM32_USB_Device_Library/Core/Src/usbd_core.o
                0x000000000800fab8                USBD_Start
 .text.USBD_SetClassConfig
                0x000000000800fabc       0x14 /home/ubuntu/STMfirmware/SpearSynthetic/build_symcc/SpearSynthetic/Middlewares/ST/STM32_USB_Device_Library/Core/Src/usbd_core.o
                0x000000000800fabc                USBD_SetClassConfig
 .text.USBD_ClrClassConfig
                0x000000000800fad0       0x12 /home/ubuntu/STMfirmware/SpearSynthetic/build_symcc/SpearSynthetic/Middlewares/ST/STM32_USB_Device_Library/Core/Src/usbd_core.o
                0x000000000800fad0                USBD_ClrClassConfig
 .text.USBD_LL_SetupStage
                0x000000000800fae2       0x62 /home/ubuntu/STMfirmware/SpearSynthetic/build_symcc/SpearSynthetic/Middlewares/ST/STM32_USB_Device_Library/Core/Src/usbd_core.o
                0x000000000800fae2                USBD_LL_SetupStage
 .text.USBD_LL_DataOutStage
                0x000000000800fb44       0x64 /home/ubuntu/STMfirmware/SpearSynthetic/build_symcc/SpearSynthetic/Middlewares/ST/STM32_USB_Device_Library/Core/Src/usbd_core.o
                0x000000000800fb44                USBD_LL_DataOutStage
 .text.USBD_LL_DataInStage
                0x000000000800fba8       0xa2 /home/ubuntu/STMfirmware/SpearSynthetic/build_symcc/SpearSynthetic/Middlewares/ST/STM32_USB_Device_Library/Core/Src/usbd_core.o
                0x000000000800fba8                USBD_LL_DataInStage
 .text.USBD_LL_Reset
                0x000000000800fc4a       0x6c /home/ubuntu/STMfirmware/SpearSynthetic/build_symcc/SpearSynthetic/Middlewares/ST/STM32_USB_Device_Library/Core/Src/usbd_core.o
                0x000000000800fc4a                USBD_LL_Reset
 .text.USBD_LL_SetSpeed
                0x000000000800fcb6        0x6 /home/ubuntu/STMfirmware/SpearSynthetic/build_symcc/SpearSynthetic/Middlewares/ST/STM32_USB_Device_Library/Core/Src/usbd_core.o
                0x000000000800fcb6                USBD_LL_SetSpeed
 .text.USBD_LL_Suspend
                0x000000000800fcbc       0x12 /home/ubuntu/STMfirmware/SpearSynthetic/build_symcc/SpearSynthetic/Middlewares/ST/STM32_USB_Device_Library/Core/Src/usbd_core.o
                0x000000000800fcbc                USBD_LL_Suspend
 .text.USBD_LL_Resume
                0x000000000800fcce       0x14 /home/ubuntu/STMfirmware/SpearSynthetic/build_symcc/SpearSynthetic/Middlewares/ST/STM32_USB_Device_Library/Core/Src/usbd_core.o
                0x000000000800fcce                USBD_LL_Resume
 .text.USBD_LL_SOF
                0x000000000800fce2       0x20 /home/ubuntu/STMfirmware/SpearSynthetic/build_symcc/SpearSynthetic/Middlewares/ST/STM32_USB_Device_Library/Core/Src/usbd_core.o
                0x000000000800fce2                USBD_LL_SOF
 .text.USBD_LL_IsoINIncomplete
                0x000000000800fd02       0x20 /home/ubuntu/STMfirmware/SpearSynthetic/build_symcc/SpearSynthetic/Middlewares/ST/STM32_USB_Device_Library/Core/Src/usbd_core.o
                0x000000000800fd02                USBD_LL_IsoINIncomplete
 .text.USBD_LL_IsoOUTIncomplete
                0x000000000800fd22       0x20 /home/ubuntu/STMfirmware/SpearSynthetic/build_symcc/SpearSynthetic/Middlewares/ST/STM32_USB_Device_Library/Core/Src/usbd_core.o
                0x000000000800fd22                USBD_LL_IsoOUTIncomplete
 .text.USBD_LL_DevConnected
                0x000000000800fd42        0x4 /home/ubuntu/STMfirmware/SpearSynthetic/build_symcc/SpearSynthetic/Middlewares/ST/STM32_USB_Device_Library/Core/Src/usbd_core.o
                0x000000000800fd42                USBD_LL_DevConnected
 .text.USBD_LL_DevDisconnected
                0x000000000800fd46       0x1a /home/ubuntu/STMfirmware/SpearSynthetic/build_symcc/SpearSynthetic/Middlewares/ST/STM32_USB_Device_Library/Core/Src/usbd_core.o
                0x000000000800fd46                USBD_LL_DevDisconnected
 .text.USBD_StdDevReq
                0x000000000800fd60      0x2e8 /home/ubuntu/STMfirmware/SpearSynthetic/build_symcc/SpearSynthetic/Middlewares/ST/STM32_USB_Device_Library/Core/Src/usbd_ctlreq.o
                0x000000000800fd60                USBD_StdDevReq
 .text.USBD_CtlError
                0x0000000008010048       0x18 /home/ubuntu/STMfirmware/SpearSynthetic/build_symcc/SpearSynthetic/Middlewares/ST/STM32_USB_Device_Library/Core/Src/usbd_ctlreq.o
                0x0000000008010048                USBD_CtlError
 .text.USBD_StdItfReq
                0x0000000008010060       0x66 /home/ubuntu/STMfirmware/SpearSynthetic/build_symcc/SpearSynthetic/Middlewares/ST/STM32_USB_Device_Library/Core/Src/usbd_ctlreq.o
                0x0000000008010060                USBD_StdItfReq
 .text.USBD_StdEPReq
                0x00000000080100c6      0x144 /home/ubuntu/STMfirmware/SpearSynthetic/build_symcc/SpearSynthetic/Middlewares/ST/STM32_USB_Device_Library/Core/Src/usbd_ctlreq.o
                0x00000000080100c6                USBD_StdEPReq
 .text.USBD_ParseSetupRequest
                0x000000000801020a       0x28 /home/ubuntu/STMfirmware/SpearSynthetic/build_symcc/SpearSynthetic/Middlewares/ST/STM32_USB_Device_Library/Core/Src/usbd_ctlreq.o
                0x000000000801020a                USBD_ParseSetupRequest
 .text.USBD_GetString
                0x0000000008010232       0x62 /home/ubuntu/STMfirmware/SpearSynthetic/build_symcc/SpearSynthetic/Middlewares/ST/STM32_USB_Device_Library/Core/Src/usbd_ctlreq.o
                0x0000000008010232                USBD_GetString
 .text.USBD_CtlSendData
                0x0000000008010294       0x1c /home/ubuntu/STMfirmware/SpearSynthetic/build_symcc/SpearSynthetic/Middlewares/ST/STM32_USB_Device_Library/Core/Src/usbd_ioreq.o
                0x0000000008010294                USBD_CtlSendData
 .text.USBD_CtlContinueSendData
                0x00000000080102b0       0x12 /home/ubuntu/STMfirmware/SpearSynthetic/build_symcc/SpearSynthetic/Middlewares/ST/STM32_USB_Device_Library/Core/Src/usbd_ioreq.o
                0x00000000080102b0                USBD_CtlContinueSendData
 .text.USBD_CtlPrepareRx
                0x00000000080102c2       0x1c /home/ubuntu/STMfirmware/SpearSynthetic/build_symcc/SpearSynthetic/Middlewares/ST/STM32_USB_Device_Library/Core/Src/usbd_ioreq.o
                0x00000000080102c2                USBD_CtlPrepareRx
 .text.USBD_CtlContinueRx
                0x00000000080102de       0x12 /home/ubuntu/STMfirmware/SpearSynthetic/build_symcc/SpearSynthetic/Middlewares/ST/STM32_USB_Device_Library/Core/Src/usbd_ioreq.o
                0x00000000080102de                USBD_CtlContinueRx
 .text.USBD_CtlSendStatus
                0x00000000080102f0       0x18 /home/ubuntu/STMfirmware/SpearSynthetic/build_symcc/SpearSynthetic/Middlewares/ST/STM32_USB_Device_Library/Core/Src/usbd_ioreq.o
                0x00000000080102f0                USBD_CtlSendStatus
 .text.USBD_CtlReceiveStatus
                0x0000000008010308       0x18 /home/ubuntu/STMfirmware/SpearSynthetic/build_symcc/SpearSynthetic/Middlewares/ST/STM32_USB_Device_Library/Core/Src/usbd_ioreq.o
                0x0000000008010308                USBD_CtlReceiveStatus
 .text.Reset_Handler
                0x0000000008010320       0x50 /home/ubuntu/STMfirmware/SpearSynthetic/build_symcc/SpearSynthetic/Core/Startup/startup_stm32h743zitx.o
                0x0000000008010320                Reset_Handler
 .text.Default_Handler
                0x0000000008010370        0x2 /home/ubuntu/STMfirmware/SpearSynthetic/build_symcc/SpearSynthetic/Core/Startup/startup_stm32h743zitx.o
                0x0000000008010370                RTC_Alarm_IRQHandler
                0x0000000008010370                EXTI2_IRQHandler
                0x0000000008010370                TIM8_CC_IRQHandler
                0x0000000008010370                HRTIM1_Master_IRQHandler
                0x0000000008010370                UART8_IRQHandler
                0x0000000008010370                SPI4_IRQHandler
                0x0000000008010370                TIM1_CC_IRQHandler
                0x0000000008010370                BDMA_Channel6_IRQHandler
                0x0000000008010370                DMA2_Stream5_IRQHandler
                0x0000000008010370                HRTIM1_FLT_IRQHandler
                0x0000000008010370                JPEG_IRQHandler
                0x0000000008010370                DMA1_Stream5_IRQHandler
                0x0000000008010370                BDMA_Channel1_IRQHandler
                0x0000000008010370                HRTIM1_TIMD_IRQHandler
                0x0000000008010370                TAMP_STAMP_IRQHandler
                0x0000000008010370                EXTI3_IRQHandler
                0x0000000008010370                LPTIM4_IRQHandler
                0x0000000008010370                TIM8_TRG_COM_TIM14_IRQHandler
                0x0000000008010370                LPTIM2_IRQHandler
                0x0000000008010370                DFSDM1_FLT1_IRQHandler
                0x0000000008010370                DMAMUX2_OVR_IRQHandler
                0x0000000008010370                TIM8_UP_TIM13_IRQHandler
                0x0000000008010370                I2C3_ER_IRQHandler
                0x0000000008010370                DFSDM1_FLT2_IRQHandler
                0x0000000008010370                MDMA_IRQHandler
                0x0000000008010370                LPTIM3_IRQHandler
                0x0000000008010370                HSEM1_IRQHandler
                0x0000000008010370                EXTI0_IRQHandler
                0x0000000008010370                I2C2_EV_IRQHandler
                0x0000000008010370                DMA1_Stream2_IRQHandler
                0x0000000008010370                FPU_IRQHandler
                0x0000000008010370                OTG_HS_WKUP_IRQHandler
                0x0000000008010370                FDCAN1_IT1_IRQHandler
                0x0000000008010370                LTDC_ER_IRQHandler
                0x0000000008010370                DMA2_Stream2_IRQHandler
                0x0000000008010370                HRTIM1_TIME_IRQHandler
                0x0000000008010370                SPI1_IRQHandler
                0x0000000008010370                TIM6_DAC_IRQHandler
                0x0000000008010370                DCMI_IRQHandler
                0x0000000008010370                HRTIM1_TIMC_IRQHandler
                0x0000000008010370                DMA2_Stream3_IRQHandler
                0x0000000008010370                SAI2_IRQHandler
                0x0000000008010370                DFSDM1_FLT3_IRQHandler
                0x0000000008010370                USART6_IRQHandler
                0x0000000008010370                BDMA_Channel7_IRQHandler
                0x0000000008010370                LPTIM5_IRQHandler
                0x0000000008010370                UART5_IRQHandler
                0x0000000008010370                ADC3_IRQHandler
                0x0000000008010370                DMA2_Stream0_IRQHandler
                0x0000000008010370                TIM4_IRQHandler
                0x0000000008010370                BDMA_Channel2_IRQHandler
                0x0000000008010370                QUADSPI_IRQHandler
                0x0000000008010370                I2C1_EV_IRQHandler
                0x0000000008010370                DMA1_Stream6_IRQHandler
                0x0000000008010370                DMAMUX1_OVR_IRQHandler
                0x0000000008010370                DMA1_Stream1_IRQHandler
                0x0000000008010370                TIM16_IRQHandler
                0x0000000008010370                UART4_IRQHandler
                0x0000000008010370                BDMA_Channel5_IRQHandler
                0x0000000008010370                TIM3_IRQHandler
                0x0000000008010370                RCC_IRQHandler
                0x0000000008010370                TIM8_BRK_TIM12_IRQHandler
                0x0000000008010370                TIM1_TRG_COM_IRQHandler
                0x0000000008010370                Default_Handler
                0x0000000008010370                ECC_IRQHandler
                0x0000000008010370                CEC_IRQHandler
                0x0000000008010370                EXTI15_10_IRQHandler
                0x0000000008010370                BDMA_Channel0_IRQHandler
                0x0000000008010370                ADC_IRQHandler
                0x0000000008010370                DMA1_Stream7_IRQHandler
                0x0000000008010370                HRTIM1_TIMA_IRQHandler
                0x0000000008010370                SPI5_IRQHandler
                0x0000000008010370                TIM7_IRQHandler
                0x0000000008010370                SDMMC1_IRQHandler
                0x0000000008010370                TIM5_IRQHandler
                0x0000000008010370                DMA2_Stream7_IRQHandler
                0x0000000008010370                TIM15_IRQHandler
                0x0000000008010370                PVD_AVD_IRQHandler
                0x0000000008010370                I2C3_EV_IRQHandler
                0x0000000008010370                EXTI9_5_IRQHandler
                0x0000000008010370                RTC_WKUP_IRQHandler
                0x0000000008010370                LTDC_IRQHandler
                0x0000000008010370                SAI3_IRQHandler
                0x0000000008010370                ETH_WKUP_IRQHandler
                0x0000000008010370                SPDIF_RX_IRQHandler
                0x0000000008010370                SPI2_IRQHandler
                0x0000000008010370                OTG_HS_EP1_IN_IRQHandler
                0x0000000008010370                DMA1_Stream0_IRQHandler
                0x0000000008010370                CRS_IRQHandler
                0x0000000008010370                EXTI4_IRQHandler
                0x0000000008010370                RNG_IRQHandler
                0x0000000008010370                HRTIM1_TIMB_IRQHandler
                0x0000000008010370                FDCAN2_IT1_IRQHandler
                0x0000000008010370                ETH_IRQHandler
                0x0000000008010370                TIM1_UP_IRQHandler
                0x0000000008010370                BDMA_Channel4_IRQHandler
                0x0000000008010370                OTG_HS_EP1_OUT_IRQHandler
                0x0000000008010370                WWDG_IRQHandler
                0x0000000008010370                SPI6_IRQHandler
                0x0000000008010370                MDIOS_IRQHandler
                0x0000000008010370                I2C4_EV_IRQHandler
                0x0000000008010370                FDCAN2_IT0_IRQHandler
                0x0000000008010370                LPUART1_IRQHandler
                0x0000000008010370                FDCAN1_IT0_IRQHandler
                0x0000000008010370                TIM2_IRQHandler
                0x0000000008010370                OTG_FS_WKUP_IRQHandler
                0x0000000008010370                OTG_HS_IRQHandler
                0x0000000008010370                DMA2D_IRQHandler
                0x0000000008010370                TIM1_BRK_IRQHandler
                0x0000000008010370                EXTI1_IRQHandler
                0x0000000008010370                SDMMC2_IRQHandler
                0x0000000008010370                OTG_FS_EP1_OUT_IRQHandler
                0x0000000008010370                BDMA_Channel3_IRQHandler
                0x0000000008010370                UART7_IRQHandler
                0x0000000008010370                MDIOS_WKUP_IRQHandler
                0x0000000008010370                USART2_IRQHandler
                0x0000000008010370                DFSDM1_FLT0_IRQHandler
                0x0000000008010370                SAI4_IRQHandler
                0x0000000008010370                I2C2_ER_IRQHandler
                0x0000000008010370                DMA2_Stream1_IRQHandler
                0x0000000008010370                FLASH_IRQHandler
                0x0000000008010370                DMA2_Stream4_IRQHandler
                0x0000000008010370                USART1_IRQHandler
                0x0000000008010370                SPI3_IRQHandler
                0x0000000008010370                WAKEUP_PIN_IRQHandler
                0x0000000008010370                DMA1_Stream4_IRQHandler
                0x0000000008010370                OTG_FS_EP1_IN_IRQHandler
                0x0000000008010370                I2C1_ER_IRQHandler
                0x0000000008010370                FMC_IRQHandler
                0x0000000008010370                FDCAN_CAL_IRQHandler
                0x0000000008010370                SWPMI1_IRQHandler
                0x0000000008010370                COMP1_IRQHandler
                0x0000000008010370                LPTIM1_IRQHandler
                0x0000000008010370                I2C4_ER_IRQHandler
                0x0000000008010370                DMA2_Stream6_IRQHandler
                0x0000000008010370                SAI1_IRQHandler
                0x0000000008010370                DMA1_Stream3_IRQHandler
 *fill*         0x0000000008010372        0x2 
 .text.__udivmoddi4
                0x0000000008010374      0x2c8 /home/ubuntu/arm-toolchain/bin/../lib/gcc/arm-none-eabi/11.3.1/thumb/v7e-m+dp/hard/libgcc.a(_udivmoddi4.o)
                0x0000000008010374                __udivmoddi4
 .text.selfrel_offset31
                0x000000000801063c       0x14 /home/ubuntu/arm-toolchain/bin/../lib/gcc/arm-none-eabi/11.3.1/thumb/v7e-m+dp/hard/libgcc.a(unwind-arm.o)
 .text.search_EIT_table
                0x0000000008010650       0x5c /home/ubuntu/arm-toolchain/bin/../lib/gcc/arm-none-eabi/11.3.1/thumb/v7e-m+dp/hard/libgcc.a(unwind-arm.o)
 .text.__gnu_unwind_get_pr_addr
                0x00000000080106ac       0x28 /home/ubuntu/arm-toolchain/bin/../lib/gcc/arm-none-eabi/11.3.1/thumb/v7e-m+dp/hard/libgcc.a(unwind-arm.o)
 .text.get_eit_entry
                0x00000000080106d4       0x98 /home/ubuntu/arm-toolchain/bin/../lib/gcc/arm-none-eabi/11.3.1/thumb/v7e-m+dp/hard/libgcc.a(unwind-arm.o)
 .text.restore_non_core_regs
                0x000000000801076c       0x58 /home/ubuntu/arm-toolchain/bin/../lib/gcc/arm-none-eabi/11.3.1/thumb/v7e-m+dp/hard/libgcc.a(unwind-arm.o)
 .text._Unwind_decode_typeinfo_ptr.constprop.0
                0x00000000080107c4        0xc /home/ubuntu/arm-toolchain/bin/../lib/gcc/arm-none-eabi/11.3.1/thumb/v7e-m+dp/hard/libgcc.a(unwind-arm.o)
 .text._Unwind_DebugHook
                0x00000000080107d0        0x4 /home/ubuntu/arm-toolchain/bin/../lib/gcc/arm-none-eabi/11.3.1/thumb/v7e-m+dp/hard/libgcc.a(unwind-arm.o)
 .text.unwind_phase2
                0x00000000080107d4       0x3c /home/ubuntu/arm-toolchain/bin/../lib/gcc/arm-none-eabi/11.3.1/thumb/v7e-m+dp/hard/libgcc.a(unwind-arm.o)
 .text.unwind_phase2_forced
                0x0000000008010810       0xcc /home/ubuntu/arm-toolchain/bin/../lib/gcc/arm-none-eabi/11.3.1/thumb/v7e-m+dp/hard/libgcc.a(unwind-arm.o)
 .text.__gnu_Unwind_RaiseException
                0x00000000080108dc       0x68 /home/ubuntu/arm-toolchain/bin/../lib/gcc/arm-none-eabi/11.3.1/thumb/v7e-m+dp/hard/libgcc.a(unwind-arm.o)
                0x00000000080108dc                __gnu_Unwind_RaiseException
 .text.__gnu_Unwind_ForcedUnwind
                0x0000000008010944       0x10 /home/ubuntu/arm-toolchain/bin/../lib/gcc/arm-none-eabi/11.3.1/thumb/v7e-m+dp/hard/libgcc.a(unwind-arm.o)
                0x0000000008010944                __gnu_Unwind_ForcedUnwind
 .text.__gnu_Unwind_Resume
                0x0000000008010954       0x44 /home/ubuntu/arm-toolchain/bin/../lib/gcc/arm-none-eabi/11.3.1/thumb/v7e-m+dp/hard/libgcc.a(unwind-arm.o)
                0x0000000008010954                __gnu_Unwind_Resume
 .text.__gnu_Unwind_Resume_or_Rethrow
                0x0000000008010998       0x14 /home/ubuntu/arm-toolchain/bin/../lib/gcc/arm-none-eabi/11.3.1/thumb/v7e-m+dp/hard/libgcc.a(unwind-arm.o)
                0x0000000008010998                __gnu_Unwind_Resume_or_Rethrow
 .text._Unwind_VRS_Get
                0x00000000080109ac       0x30 /home/ubuntu/arm-toolchain/bin/../lib/gcc/arm-none-eabi/11.3.1/thumb/v7e-m+dp/hard/libgcc.a(unwind-arm.o)
                0x00000000080109ac                _Unwind_VRS_Get
 .text._Unwind_GetGR
                0x00000000080109dc       0x1c /home/ubuntu/arm-toolchain/bin/../lib/gcc/arm-none-eabi/11.3.1/thumb/v7e-m+dp/hard/libgcc.a(unwind-arm.o)
 .text._Unwind_VRS_Set
                0x00000000080109f8       0x30 /home/ubuntu/arm-toolchain/bin/../lib/gcc/arm-none-eabi/11.3.1/thumb/v7e-m+dp/hard/libgcc.a(unwind-arm.o)
                0x00000000080109f8                _Unwind_VRS_Set
 .text._Unwind_SetGR
                0x0000000008010a28       0x18 /home/ubuntu/arm-toolchain/bin/../lib/gcc/arm-none-eabi/11.3.1/thumb/v7e-m+dp/hard/libgcc.a(unwind-arm.o)
 .text.__gnu_Unwind_Backtrace
                0x0000000008010a40       0x84 /home/ubuntu/arm-toolchain/bin/../lib/gcc/arm-none-eabi/11.3.1/thumb/v7e-m+dp/hard/libgcc.a(unwind-arm.o)
                0x0000000008010a40                __gnu_Unwind_Backtrace
 .text.__gnu_unwind_pr_common